###############################################################################
#
# IAR ELF Linker V7.40.2.8542/W32 for ARM                 10/Apr/2015  19:28:53
# Copyright 2007-2015 IAR Systems AB.
#
#    Output file  =  
#        C:\Users\Mike
#        Lazos\Documents\Atmel-42366-SAM-BA-Bootloader-for-SAM-D21_ApplicationNote_AT07175\sam-ba_monitor\Debug\Exe\samd21_sam_ba.out
#    Map file     =  
#        C:\Users\Mike
#        Lazos\Documents\Atmel-42366-SAM-BA-Bootloader-for-SAM-D21_ApplicationNote_AT07175\sam-ba_monitor\Debug\List\samd21_sam_ba.map
#    Command line =  
#        "C:\Users\Mike
#        Lazos\Documents\Atmel-42366-SAM-BA-Bootloader-for-SAM-D21_ApplicationNote_AT07175\sam-ba_monitor\Debug\Obj\cdc_enumerate.o"
#        "C:\Users\Mike
#        Lazos\Documents\Atmel-42366-SAM-BA-Bootloader-for-SAM-D21_ApplicationNote_AT07175\sam-ba_monitor\Debug\Obj\interrupt_sam_nvic.o"
#        "C:\Users\Mike
#        Lazos\Documents\Atmel-42366-SAM-BA-Bootloader-for-SAM-D21_ApplicationNote_AT07175\sam-ba_monitor\Debug\Obj\main.o"
#        "C:\Users\Mike
#        Lazos\Documents\Atmel-42366-SAM-BA-Bootloader-for-SAM-D21_ApplicationNote_AT07175\sam-ba_monitor\Debug\Obj\sam_ba_monitor.o"
#        "C:\Users\Mike
#        Lazos\Documents\Atmel-42366-SAM-BA-Bootloader-for-SAM-D21_ApplicationNote_AT07175\sam-ba_monitor\Debug\Obj\startup_samd21.o"
#        "C:\Users\Mike
#        Lazos\Documents\Atmel-42366-SAM-BA-Bootloader-for-SAM-D21_ApplicationNote_AT07175\sam-ba_monitor\Debug\Obj\uart_driver.o"
#        "C:\Users\Mike
#        Lazos\Documents\Atmel-42366-SAM-BA-Bootloader-for-SAM-D21_ApplicationNote_AT07175\sam-ba_monitor\Debug\Obj\usart_sam_ba.o"
#        -o "C:\Users\Mike
#        Lazos\Documents\Atmel-42366-SAM-BA-Bootloader-for-SAM-D21_ApplicationNote_AT07175\sam-ba_monitor\Debug\Exe\samd21_sam_ba.out"
#        --redirect _Printf=_PrintfFull --redirect _Scanf=_ScanfFull --map
#        "C:\Users\Mike
#        Lazos\Documents\Atmel-42366-SAM-BA-Bootloader-for-SAM-D21_ApplicationNote_AT07175\sam-ba_monitor\Debug\List\samd21_sam_ba.map"
#        --config "C:\Users\Mike
#        Lazos\Documents\Atmel-42366-SAM-BA-Bootloader-for-SAM-D21_ApplicationNote_AT07175\sam-ba_monitor\samd21_sam_ba.icf"
#        --semihosting --entry __iar_program_start --vfe
#
###############################################################################

*******************************************************************************
*** RUNTIME MODEL ATTRIBUTES
***

CppFlavor       = *
__SystemLibrary = DLib


*******************************************************************************
*** PLACEMENT SUMMARY
***

"A1":  place at 0x00000000 { ro section .intvec };
"P1":  place in [from 0x00000000 to 0x00007fff] { ro };
"P2":  place in [from 0x20000004 to 0x20000fff] { rw, block CSTACK, block HEAP };

  Section            Kind        Address   Size  Object
  -------            ----        -------   ----  ------
"A1":                                      0xb0
  .intvec                     0x00000000   0xb0  <Block>
    .intvec          const    0x00000000   0xb0  startup_samd21.o [1]
                            - 0x000000b0   0xb0

"P1":                                     0xdfc
  .text              ro code  0x000000b0  0x6f4  cdc_enumerate.o [1]
  .text              ro code  0x000007a4   0x34  ABImemset.o [4]
  .text              ro code  0x000007d8   0x5c  ABImemcpy.o [4]
  .text              ro code  0x00000834  0x320  sam_ba_monitor.o [1]
  .text              ro code  0x00000b54   0x10  strlen.o [4]
  .text              ro code  0x00000b64  0x1d0  main.o [1]
  .text              ro code  0x00000d34   0x30  copy_init3.o [4]
  .text              ro code  0x00000d64   0x2a  zero_init3.o [4]
  .text              ro code  0x00000d90   0x28  data_init.o [4]
  .iar.init_table    const    0x00000db8   0x24  - Linker created -
  .text              ro code  0x00000ddc   0x20  startup_samd21.o [1]
  .text              ro code  0x00000dfc    0xc  cstartup_M.o [4]
  .text              ro code  0x00000e08   0x1a  cmain.o [4]
  .text              ro code  0x00000e22    0x8  exit.o [3]
  .text              ro code  0x00000e2c    0xa  cexit.o [4]
  .text              ro code  0x00000e38   0x14  exit.o [5]
  .rodata            const    0x00000e4c    0x0  zero_init3.o [4]
  .rodata            const    0x00000e4c    0x0  copy_init3.o [4]
  Initializer bytes  const    0x00000e4c   0x60  <for P2 s0>
                            - 0x00000eac  0xdfc

"P2":                                     0x45c
  P2 s0                       0x20000004   0x60  <Init block>
    .data            inited   0x20000004   0x58  cdc_enumerate.o [1]
    .data            inited   0x2000005c    0x8  interrupt_sam_nvic.o [1]
  .bss               zero     0x20000064  0x114  cdc_enumerate.o [1]
  .bss               zero     0x20000178   0x80  cdc_enumerate.o [1]
  .bss               zero     0x200001f8   0x64  sam_ba_monitor.o [1]
  .bss               zero     0x2000025c    0x1  cdc_enumerate.o [1]
  .bss               zero     0x2000025d    0x1  main.o [1]
  CSTACK                      0x20000260  0x200  <Block>
    CSTACK           uninit   0x20000260  0x200  <Block tail>
                            - 0x20000460  0x45c


*******************************************************************************
*** INIT TABLE
***

          Address     Size
          -------     ----
Zero (__iar_zero_init3)
    1 destination range, total size 0x1fa:
          0x20000064  0x1fa

Copy (__iar_copy_init3)
    1 source range, total size 0x60:
          0x00000e4c   0x60
    1 destination range, total size 0x60:
          0x20000004   0x60



*******************************************************************************
*** MODULE SUMMARY
***

    Module                ro code  ro data  rw data
    ------                -------  -------  -------
C:\Users\Mike Lazos\Documents\Atmel-42366-SAM-BA-Bootloader-for-SAM-D21_ApplicationNote_AT07175\sam-ba_monitor\Debug\Obj: [1]
    cdc_enumerate.o         1 780       88      493
    interrupt_sam_nvic.o                 8        8
    main.o                    464                 1
    sam_ba_monitor.o          800               100
    startup_samd21.o           32      176
    -----------------------------------------------
    Total:                  3 076      272      602

command line: [2]
    -----------------------------------------------
    Total:

dl6M_tln.a: [3]
    exit.o                      8
    -----------------------------------------------
    Total:                      8

rt6M_tl.a: [4]
    ABImemcpy.o                92
    ABImemset.o                52
    cexit.o                    10
    cmain.o                    26
    copy_init3.o               48
    cstartup_M.o               12
    data_init.o                40
    strlen.o                   16
    zero_init3.o               42
    -----------------------------------------------
    Total:                    338

shb_l.a: [5]
    exit.o                     20
    -----------------------------------------------
    Total:                     20

    Gaps                        6
    Linker created                      36      512
---------------------------------------------------
    Grand Total:            3 448      308    1 114


*******************************************************************************
*** ENTRY LIST
***

Entry                      Address   Size  Type      Object
-----                      -------   ----  ----      ------
.iar.init_table$$Base   0x00000db8          --   Gb  - Linker created -
.iar.init_table$$Limit  0x00000ddc          --   Gb  - Linker created -
.intvec$$Base           0x00000000          --   Gb  - Linker created -
.intvec$$Limit          0x000000b0          --   Gb  - Linker created -
?main                   0x00000e09         Code  Gb  cmain.o [4]
AC_Handler              0x00000ddd    0x2  Code  Wk  startup_samd21.o [1]
ADC_Handler             0x00000ddd    0x2  Code  Wk  startup_samd21.o [1]
AT91F_CDC_Enumerate     0x000003c1  0x2b4  Code  Lc  cdc_enumerate.o [1]
AT91F_CDC_Open          0x000001a1   0x20  Code  Gb  cdc_enumerate.o [1]
AT91F_InitUSB           0x000000b1   0xea  Code  Gb  cdc_enumerate.o [1]
AT91F_USB_SendData      0x0000032b    0xa  Code  Lc  cdc_enumerate.o [1]
AT91F_USB_SendStall     0x000003ad   0x14  Code  Gb  cdc_enumerate.o [1]
AT91F_USB_SendZlp       0x00000335   0x28  Code  Gb  cdc_enumerate.o [1]
CSTACK$$Base            0x20000260          --   Gb  - Linker created -
CSTACK$$Limit           0x20000460          --   Gb  - Linker created -
DAC_Handler             0x00000ddd    0x2  Code  Wk  startup_samd21.o [1]
DMAC_Handler            0x00000ddd    0x2  Code  Wk  startup_samd21.o [1]
Dummy_Handler           0x00000ddd    0x2  Code  Gb  startup_samd21.o [1]
EIC_Handler             0x00000ddd    0x2  Code  Wk  startup_samd21.o [1]
EVSYS_Handler           0x00000ddd    0x2  Code  Wk  startup_samd21.o [1]
HardFault_Handler       0x00000ddd    0x2  Code  Wk  startup_samd21.o [1]
I2S_Handler             0x00000ddd    0x2  Code  Wk  startup_samd21.o [1]
NMI_Handler             0x00000ddd    0x2  Code  Wk  startup_samd21.o [1]
NVMCTRL_Handler         0x00000ddd    0x2  Code  Wk  startup_samd21.o [1]
PM_Handler              0x00000ddd    0x2  Code  Wk  startup_samd21.o [1]
PTC_Handler             0x00000ddd    0x2  Code  Wk  startup_samd21.o [1]
PendSV_Handler          0x00000ddd    0x2  Code  Wk  startup_samd21.o [1]
RTC_Handler             0x00000ddd    0x2  Code  Wk  startup_samd21.o [1]
Region$$Table$$Base     0x00000db8          --   Gb  - Linker created -
Region$$Table$$Limit    0x00000ddc          --   Gb  - Linker created -
Reset_Handler           0x00000df5    0x8  Code  Gb  startup_samd21.o [1]
RomBOOT_Version         0x00000b50    0x4  Data  Gb  sam_ba_monitor.o [1]
SERCOM0_Handler         0x00000ddd    0x2  Code  Wk  startup_samd21.o [1]
SERCOM1_Handler         0x00000ddd    0x2  Code  Wk  startup_samd21.o [1]
SERCOM2_Handler         0x00000ddd    0x2  Code  Wk  startup_samd21.o [1]
SERCOM3_Handler         0x00000ddd    0x2  Code  Wk  startup_samd21.o [1]
SERCOM4_Handler         0x00000ddd    0x2  Code  Wk  startup_samd21.o [1]
SERCOM5_Handler         0x00000ddd    0x2  Code  Wk  startup_samd21.o [1]
SVC_Handler             0x00000ddd    0x2  Code  Wk  startup_samd21.o [1]
SYSCTRL_Handler         0x00000ddd    0x2  Code  Wk  startup_samd21.o [1]
SysTick_Handler         0x00000ddd    0x2  Code  Wk  startup_samd21.o [1]
TC3_Handler             0x00000ddd    0x2  Code  Wk  startup_samd21.o [1]
TC4_Handler             0x00000ddd    0x2  Code  Wk  startup_samd21.o [1]
TC5_Handler             0x00000ddd    0x2  Code  Wk  startup_samd21.o [1]
TC6_Handler             0x00000ddd    0x2  Code  Wk  startup_samd21.o [1]
TC7_Handler             0x00000ddd    0x2  Code  Wk  startup_samd21.o [1]
TCC0_Handler            0x00000ddd    0x2  Code  Wk  startup_samd21.o [1]
TCC1_Handler            0x00000ddd    0x2  Code  Wk  startup_samd21.o [1]
TCC2_Handler            0x00000ddd    0x2  Code  Wk  startup_samd21.o [1]
USB_Handler             0x00000ddd    0x2  Code  Wk  startup_samd21.o [1]
USB_IsConfigured        0x000001c1   0x78  Code  Lc  cdc_enumerate.o [1]
USB_Read                0x00000239   0x72  Code  Lc  cdc_enumerate.o [1]
USB_Write               0x000002ab   0x80  Code  Lc  cdc_enumerate.o [1]
WDT_Handler             0x00000ddd    0x2  Code  Wk  startup_samd21.o [1]
__aeabi_memclr4         0x000007d5         Code  Gb  ABImemset.o [4]
__aeabi_memclr8         0x000007d5         Code  Gb  ABImemset.o [4]
__aeabi_memcpy          0x000007d9         Code  Gb  ABImemcpy.o [4]
__cmain                 0x00000e09         Code  Gb  cmain.o [4]
__exit                  0x00000e39   0x14  Code  Gb  exit.o [5]
__iar_Memset4_word      0x000007a5         Code  Gb  ABImemset.o [4]
__iar_copy_init3        0x00000d35   0x30  Code  Gb  copy_init3.o [4]
__iar_data_init3        0x00000d91   0x28  Code  Gb  data_init.o [4]
__iar_program_start     0x00000dfd         Code  Gb  cstartup_M.o [4]
__iar_zero_init3        0x00000d65   0x2a  Code  Gb  zero_init3.o [4]
__low_level_init        0x00000ddf    0xe  Code  Gb  startup_samd21.o [1]
__vector_table          0x00000000   0xb0  Data  Gb  startup_samd21.o [1]
_call_main              0x00000e15         Code  Gb  cmain.o [4]
_exit                   0x00000e2d         Code  Gb  cexit.o [4]
_main                   0x00000e1f         Code  Gb  cmain.o [4]
b_sam_ba_interface_usart
                        0x200001f9    0x1  Data  Gb  sam_ba_monitor.o [1]
b_terminal_mode         0x200001f8    0x1  Data  Gb  sam_ba_monitor.o [1]
call_applet             0x000008d1   0x20  Code  Gb  sam_ba_monitor.o [1]
cdc_getc                0x000006b3   0x12  Code  Gb  cdc_enumerate.o [1]
cdc_is_rx_ready         0x000006cd   0x1c  Code  Gb  cdc_enumerate.o [1]
cdc_putc                0x000006a1   0x12  Code  Gb  cdc_enumerate.o [1]
cdc_read_buf            0x000006fd   0x1e  Code  Gb  cdc_enumerate.o [1]
cdc_read_buf_xmd        0x00000725   0x66  Code  Gb  cdc_enumerate.o [1]
cdc_write_buf           0x000006e9   0x14  Code  Gb  cdc_enumerate.o [1]
cfgDescriptor           0x20000010   0x44  Data  Gb  cdc_enumerate.o [1]
command                 0x200001fa    0x1  Data  Gb  sam_ba_monitor.o [1]
cpu_irq_critical_section_counter
                        0x20000060    0x4  Data  Lc  interrupt_sam_nvic.o [1]
cpu_irq_prev_interrupt_state
                        0x2000005c    0x1  Data  Lc  interrupt_sam_nvic.o [1]
current_number          0x20000204    0x4  Data  Gb  sam_ba_monitor.o [1]
data                    0x2000021c   0x40  Data  Gb  sam_ba_monitor.o [1]
devDescriptor           0x00000674   0x14  Data  Gb  cdc_enumerate.o [1]
exit                    0x00000e23    0x8  Code  Gb  exit.o [3]
g_interrupt_enabled     0x2000005d    0x1  Data  Gb  interrupt_sam_nvic.o [1]
i                       0x20000208    0x4  Data  Gb  sam_ba_monitor.o [1]
j                       0x200001fb    0x1  Data  Gb  sam_ba_monitor.o [1]
length                  0x2000020c    0x4  Data  Gb  sam_ba_monitor.o [1]
line_coding             0x20000054    0x8  Data  Lc  cdc_enumerate.o [1]
main                    0x00000c65   0x7e  Code  Gb  main.o [1]
main_b_cdc_enable       0x2000025d    0x1  Data  Lc  main.o [1]
pCdc                    0x200000e4   0x14  Data  Lc  cdc_enumerate.o [1]
ptr                     0x20000214    0x4  Data  Gb  sam_ba_monitor.o [1]
ptr_data                0x20000210    0x4  Data  Gb  sam_ba_monitor.o [1]
ptr_monitor_if          0x200001fc    0x4  Data  Gb  sam_ba_monitor.o [1]
read_job                0x2000025c    0x1  Data  Lc  cdc_enumerate.o [1]
sam_ba_monitor_init     0x00000835    0xc  Code  Gb  sam_ba_monitor.o [1]
sam_ba_monitor_run      0x000008f1  0x230  Code  Gb  sam_ba_monitor.o [1]
sam_ba_putdata_term     0x0000085d   0x74  Code  Gb  sam_ba_monitor.o [1]
sp                      0x20000200    0x4  Data  Gb  sam_ba_monitor.o [1]
strlen                  0x00000b55   0x10  Code  Gb  strlen.o [4]
system_init             0x00000b65  0x100  Code  Gb  main.o [1]
u32tmp                  0x20000218    0x4  Data  Gb  sam_ba_monitor.o [1]
udd_ep_in_cache_buffer  0x200000f8   0x80  Data  Gb  cdc_enumerate.o [1]
udd_ep_out_cache_buffer
                        0x20000178   0x80  Data  Gb  cdc_enumerate.o [1]
usb_endpoint_table      0x20000064   0x80  Data  Gb  cdc_enumerate.o [1]
usb_init                0x00000689   0x18  Code  Gb  cdc_enumerate.o [1]
usbcdc_if               0x00000840   0x1c  Data  Gb  sam_ba_monitor.o [1]


[1] = C:\Users\Mike Lazos\Documents\Atmel-42366-SAM-BA-Bootloader-for-SAM-D21_ApplicationNote_AT07175\sam-ba_monitor\Debug\Obj
[2] = command line
[3] = dl6M_tln.a
[4] = rt6M_tl.a
[5] = shb_l.a

  3 448 bytes of readonly  code memory
    308 bytes of readonly  data memory
  1 114 bytes of readwrite data memory

Errors: none
Warnings: none
