Archive member included because of file (symbol)

d:/program files (x86)/atmel/atmel toolchain/arm gcc/native/4.8.1437/arm-gnu-toolchain/bin/../lib/gcc/arm-none-eabi/4.8.4/armv6-m\libgcc.a(_udivsi3.o)
                              src/ASF/sam0/drivers/system/clock/clock_samd21_r21/clock.o (__aeabi_uidiv)
d:/program files (x86)/atmel/atmel toolchain/arm gcc/native/4.8.1437/arm-gnu-toolchain/bin/../lib/gcc/arm-none-eabi/4.8.4/armv6-m\libgcc.a(_dvmd_tls.o)
                              d:/program files (x86)/atmel/atmel toolchain/arm gcc/native/4.8.1437/arm-gnu-toolchain/bin/../lib/gcc/arm-none-eabi/4.8.4/armv6-m\libgcc.a(_udivsi3.o) (__aeabi_idiv0)
d:/program files (x86)/atmel/atmel toolchain/arm gcc/native/4.8.1437/arm-gnu-toolchain/bin/../lib/gcc/arm-none-eabi/4.8.4/armv6-m\libgcc.a(_muldi3.o)
                              src/ASF/sam0/drivers/sercom/sercom.o (__aeabi_lmul)
d:/program files (x86)/atmel/atmel toolchain/arm gcc/native/4.8.1437/arm-gnu-toolchain/bin/../lib/gcc/arm-none-eabi/4.8.4/../../../../arm-none-eabi/lib/armv6-m\libc_s.a(lib_a-exit.o)
                              d:/program files (x86)/atmel/atmel toolchain/arm gcc/native/4.8.1437/arm-gnu-toolchain/bin/../lib/gcc/arm-none-eabi/4.8.4/../../../../arm-none-eabi/lib/armv6-m/crt0.o (exit)
d:/program files (x86)/atmel/atmel toolchain/arm gcc/native/4.8.1437/arm-gnu-toolchain/bin/../lib/gcc/arm-none-eabi/4.8.4/../../../../arm-none-eabi/lib/armv6-m\libc_s.a(lib_a-impure.o)
                              d:/program files (x86)/atmel/atmel toolchain/arm gcc/native/4.8.1437/arm-gnu-toolchain/bin/../lib/gcc/arm-none-eabi/4.8.4/../../../../arm-none-eabi/lib/armv6-m\libc_s.a(lib_a-exit.o) (_global_impure_ptr)
d:/program files (x86)/atmel/atmel toolchain/arm gcc/native/4.8.1437/arm-gnu-toolchain/bin/../lib/gcc/arm-none-eabi/4.8.4/../../../../arm-none-eabi/lib/armv6-m\libc_s.a(lib_a-init.o)
                              d:/program files (x86)/atmel/atmel toolchain/arm gcc/native/4.8.1437/arm-gnu-toolchain/bin/../lib/gcc/arm-none-eabi/4.8.4/../../../../arm-none-eabi/lib/armv6-m/crt0.o (__libc_init_array)
d:/program files (x86)/atmel/atmel toolchain/arm gcc/native/4.8.1437/arm-gnu-toolchain/bin/../lib/gcc/arm-none-eabi/4.8.4/../../../../arm-none-eabi/lib/armv6-m\libc_s.a(lib_a-memcpy-stub.o)
                              src/ASF/sam0/drivers/sercom/sercom_interrupt.o (memcpy)
d:/program files (x86)/atmel/atmel toolchain/arm gcc/native/4.8.1437/arm-gnu-toolchain/bin/../lib/gcc/arm-none-eabi/4.8.4/../../../../arm-none-eabi/lib/armv6-m\libc_s.a(lib_a-memset.o)
                              d:/program files (x86)/atmel/atmel toolchain/arm gcc/native/4.8.1437/arm-gnu-toolchain/bin/../lib/gcc/arm-none-eabi/4.8.4/../../../../arm-none-eabi/lib/armv6-m/crt0.o (memset)
d:/program files (x86)/atmel/atmel toolchain/arm gcc/native/4.8.1437/arm-gnu-toolchain/bin/../lib/gcc/arm-none-eabi/4.8.4/../../../../arm-none-eabi/lib/armv6-m\libc_s.a(lib_a-printf.o)
                              src/ASF/sam0/utils/syscalls/gcc/syscalls.o (printf)
d:/program files (x86)/atmel/atmel toolchain/arm gcc/native/4.8.1437/arm-gnu-toolchain/bin/../lib/gcc/arm-none-eabi/4.8.4/../../../../arm-none-eabi/lib/armv6-m\libc_s.a(lib_a-puts.o)
                              src/qs_adc_basic.o (puts)
d:/program files (x86)/atmel/atmel toolchain/arm gcc/native/4.8.1437/arm-gnu-toolchain/bin/../lib/gcc/arm-none-eabi/4.8.4/../../../../arm-none-eabi/lib/armv6-m\libc_s.a(lib_a-setbuf.o)
                              src/qs_adc_basic.o (setbuf)
d:/program files (x86)/atmel/atmel toolchain/arm gcc/native/4.8.1437/arm-gnu-toolchain/bin/../lib/gcc/arm-none-eabi/4.8.4/../../../../arm-none-eabi/lib/armv6-m\libc_s.a(lib_a-setvbuf.o)
                              d:/program files (x86)/atmel/atmel toolchain/arm gcc/native/4.8.1437/arm-gnu-toolchain/bin/../lib/gcc/arm-none-eabi/4.8.4/../../../../arm-none-eabi/lib/armv6-m\libc_s.a(lib_a-setbuf.o) (setvbuf)
d:/program files (x86)/atmel/atmel toolchain/arm gcc/native/4.8.1437/arm-gnu-toolchain/bin/../lib/gcc/arm-none-eabi/4.8.4/../../../../arm-none-eabi/lib/armv6-m\libc_s.a(lib_a-vfprintf.o)
                              d:/program files (x86)/atmel/atmel toolchain/arm gcc/native/4.8.1437/arm-gnu-toolchain/bin/../lib/gcc/arm-none-eabi/4.8.4/../../../../arm-none-eabi/lib/armv6-m\libc_s.a(lib_a-printf.o) (_vfprintf_r)
d:/program files (x86)/atmel/atmel toolchain/arm gcc/native/4.8.1437/arm-gnu-toolchain/bin/../lib/gcc/arm-none-eabi/4.8.4/../../../../arm-none-eabi/lib/armv6-m\libc_s.a(lib_a-vfprintf_i.o)
                              d:/program files (x86)/atmel/atmel toolchain/arm gcc/native/4.8.1437/arm-gnu-toolchain/bin/../lib/gcc/arm-none-eabi/4.8.4/../../../../arm-none-eabi/lib/armv6-m\libc_s.a(lib_a-vfprintf.o) (_printf_i)
d:/program files (x86)/atmel/atmel toolchain/arm gcc/native/4.8.1437/arm-gnu-toolchain/bin/../lib/gcc/arm-none-eabi/4.8.4/../../../../arm-none-eabi/lib/armv6-m\libc_s.a(lib_a-wbuf.o)
[...]
Memory Configuration

Name             Origin             Length             Attributes
rom              0x00000000         0x00040000         xr
ram              0x20000000         0x00008000         xrw
*default*        0x00000000         0xffffffff

Linker script and memory map

LOAD d:/program files (x86)/atmel/atmel toolchain/arm gcc/native/4.8.1437/arm-gnu-toolchain/bin/../lib/gcc/arm-none-eabi/4.8.4/armv6-m/crti.o
LOAD d:/program files (x86)/atmel/atmel toolchain/arm gcc/native/4.8.1437/arm-gnu-toolchain/bin/../lib/gcc/arm-none-eabi/4.8.4/armv6-m/crtbegin.o
LOAD d:/program files (x86)/atmel/atmel toolchain/arm gcc/native/4.8.1437/arm-gnu-toolchain/bin/../lib/gcc/arm-none-eabi/4.8.4/../../../../arm-none-eabi/lib/armv6-m/crt0.o
LOAD src/ASF/sam0/drivers/sercom/sercom.o
LOAD src/ASF/sam0/utils/stdio/read.o
LOAD src/ASF/sam0/utils/stdio/write.o
LOAD src/ASF/sam0/drivers/sercom/usart/usart.o
LOAD src/ASF/sam0/drivers/sercom/usart/usart_interrupt.o
LOAD src/ASF/sam0/drivers/sercom/sercom_interrupt.o
LOAD src/ASF/common/utils/interrupt/interrupt_sam_nvic.o
LOAD src/ASF/sam0/boards/samd21_xplained_pro/board_init.o
LOAD src/ASF/sam0/drivers/adc/adc_sam_d_r/adc.o
LOAD src/ASF/sam0/drivers/port/port.o
LOAD src/ASF/sam0/drivers/system/clock/clock_samd21_r21/clock.o
LOAD src/ASF/sam0/drivers/system/clock/clock_samd21_r21/gclk.o
LOAD src/ASF/sam0/drivers/system/interrupt/system_interrupt.o
LOAD src/ASF/sam0/drivers/system/pinmux/pinmux.o
LOAD src/ASF/sam0/drivers/system/system.o
LOAD src/ASF/sam0/utils/cmsis/samd21/source/gcc/startup_samd21.o
LOAD src/ASF/sam0/utils/cmsis/samd21/source/system_samd21.o
LOAD src/ASF/sam0/utils/syscalls/gcc/syscalls.o
LOAD src/qs_adc_basic.o
START GROUP
LOAD ../src/ASF/thirdparty/CMSIS/Lib/GCC\libarm_cortexM0l_math.a
LOAD d:/program files (x86)/atmel/atmel toolchain/arm gcc/native/4.8.1437/arm-gnu-toolchain/bin/../lib/gcc/arm-none-eabi/4.8.4/../../../../arm-none-eabi/lib/armv6-m\libm.a
END GROUP
START GROUP
LOAD d:/program files (x86)/atmel/atmel toolchain/arm gcc/native/4.8.1437/arm-gnu-toolchain/bin/../lib/gcc/arm-none-eabi/4.8.4/armv6-m\libgcc.a
LOAD d:/program files (x86)/atmel/atmel toolchain/arm gcc/native/4.8.1437/arm-gnu-toolchain/bin/../lib/gcc/arm-none-eabi/4.8.4/../../../../arm-none-eabi/lib/armv6-m\libc_s.a
END GROUP
START GROUP
LOAD d:/program files (x86)/atmel/atmel toolchain/arm gcc/native/4.8.1437/arm-gnu-toolchain/bin/../lib/gcc/arm-none-eabi/4.8.4/armv6-m\libgcc.a
LOAD d:/program files (x86)/atmel/atmel toolchain/arm gcc/native/4.8.1437/arm-gnu-toolchain/bin/../lib/gcc/arm-none-eabi/4.8.4/../../../../arm-none-eabi/lib/armv6-m\libc_s.a
END GROUP
LOAD d:/program files (x86)/atmel/atmel toolchain/arm gcc/native/4.8.1437/arm-gnu-toolchain/bin/../lib/gcc/arm-none-eabi/4.8.4/armv6-m/crtend.o
LOAD d:/program files (x86)/atmel/atmel toolchain/arm gcc/native/4.8.1437/arm-gnu-toolchain/bin/../lib/gcc/arm-none-eabi/4.8.4/armv6-m/crtn.o
                0x00002000                STACK_SIZE = DEFINED (STACK_SIZE)?STACK_SIZE:DEFINED (__stack_size__)?__stack_size__:0x2000

.text           0x00000000     0x2cf0
                0x00000000                . = ALIGN (0x4)
                0x00000000                _sfixed = .
 *(.vectors .vectors.*)
 .vectors       0x00000000       0xb0 src/ASF/sam0/utils/cmsis/samd21/source/gcc/startup_samd21.o
                0x00000000                exception_table
 *(.text .text.* .gnu.linkonce.t.*)
 .text          0x000000b0       0x60 d:/program files (x86)/atmel/atmel toolchain/arm gcc/native/4.8.1437/arm-gnu-toolchain/bin/../lib/gcc/arm-none-eabi/4.8.4/armv6-m/crtbegin.o
 .text._sercom_get_sync_baud_val
                0x00000110       0x28 src/ASF/sam0/drivers/sercom/sercom.o
                0x00000110                _sercom_get_sync_baud_val
 .text._sercom_get_async_baud_val
                0x00000138      0x1b0 src/ASF/sam0/drivers/sercom/sercom.o
                0x00000138                _sercom_get_async_baud_val
 .text.sercom_set_gclk_generator
                0x000002e8       0x50 src/ASF/sam0/drivers/sercom/sercom.o
                0x000002e8                sercom_set_gclk_generator
 .text._sercom_get_default_pad
                0x00000338      0x188 src/ASF/sam0/drivers/sercom/sercom.o
                0x00000338                _sercom_get_default_pad
 .text._sercom_get_sercom_inst_index
                0x000004c0       0x3c src/ASF/sam0/drivers/sercom/sercom.o
                0x000004c0                _sercom_get_sercom_inst_index
 .text._read    0x000004fc       0x44 src/ASF/sam0/utils/stdio/read.o
                0x000004fc                _read
 .text._write   0x00000540       0x54 src/ASF/sam0/utils/stdio/write.o
                0x00000540                _write
 .text.usart_init
                0x00000594      0x308 src/ASF/sam0/drivers/sercom/usart/usart.o
                0x00000594                usart_init
 .text.usart_write_wait
                0x0000089c       0x2c src/ASF/sam0/drivers/sercom/usart/usart.o
                0x0000089c                usart_write_wait
 .text.usart_read_wait
                0x000008c8       0x78 src/ASF/sam0/drivers/sercom/usart/usart.o
                0x000008c8                usart_read_wait
 .text._usart_interrupt_handler
                0x00000940      0x19c src/ASF/sam0/drivers/sercom/usart/usart_interrupt.o
                0x00000940                _usart_interrupt_handler
 .text._sercom_default_handler
                0x00000adc        0x4 src/ASF/sam0/drivers/sercom/sercom_interrupt.o
 .text._sercom_set_handler
                0x00000ae0       0x3c src/ASF/sam0/drivers/sercom/sercom_interrupt.o
                0x00000ae0                _sercom_set_handler
 .text._sercom_get_interrupt_vector
                0x00000b1c       0x2c src/ASF/sam0/drivers/sercom/sercom_interrupt.o
                0x00000b1c                _sercom_get_interrupt_vector
 .text.SERCOM0_Handler
                0x00000b48       0x10 src/ASF/sam0/drivers/sercom/sercom_interrupt.o
                0x00000b48                SERCOM0_Handler
 .text.SERCOM1_Handler
                0x00000b58       0x10 src/ASF/sam0/drivers/sercom/sercom_interrupt.o
                0x00000b58                SERCOM1_Handler
 .text.SERCOM2_Handler
                0x00000b68       0x10 src/ASF/sam0/drivers/sercom/sercom_interrupt.o
                0x00000b68                SERCOM2_Handler
 .text.SERCOM3_Handler
                0x00000b78       0x10 src/ASF/sam0/drivers/sercom/sercom_interrupt.o
                0x00000b78                SERCOM3_Handler
 .text.SERCOM4_Handler
                0x00000b88       0x10 src/ASF/sam0/drivers/sercom/sercom_interrupt.o
                0x00000b88                SERCOM4_Handler
 .text.SERCOM5_Handler
                0x00000b98       0x10 src/ASF/sam0/drivers/sercom/sercom_interrupt.o
                0x00000b98                SERCOM5_Handler
 .text.cpu_irq_enter_critical
                0x00000ba8       0x40 src/ASF/common/utils/interrupt/interrupt_sam_nvic.o
                0x00000ba8                cpu_irq_enter_critical
 .text.cpu_irq_leave_critical
                0x00000be8       0x30 src/ASF/common/utils/interrupt/interrupt_sam_nvic.o
                0x00000be8                cpu_irq_leave_critical
 .text.system_board_init
                0x00000c18       0x38 src/ASF/sam0/boards/samd21_xplained_pro/board_init.o
                0x00000c18                board_init
                0x00000c18                system_board_init
 .text.adc_get_config_defaults
                0x00000c50       0x48 src/ASF/sam0/drivers/adc/adc_sam_d_r/adc.o
                0x00000c50                adc_get_config_defaults
 .text.adc_init
                0x00000c98      0x3f8 src/ASF/sam0/drivers/adc/adc_sam_d_r/adc.o
                0x00000c98                adc_init
 .text.port_pin_set_config
                0x00001090       0x24 src/ASF/sam0/drivers/port/port.o
                0x00001090                port_pin_set_config
 .text.system_clock_source_get_hz
                0x000010b4       0x90 src/ASF/sam0/drivers/system/clock/clock_samd21_r21/clock.o
                0x000010b4                system_clock_source_get_hz
 .text.system_clock_source_osc8m_set_config
                0x00001144       0x3c src/ASF/sam0/drivers/system/clock/clock_samd21_r21/clock.o
                0x00001144                system_clock_source_osc8m_set_config
 .text.system_clock_source_enable
                0x00001180       0xa0 src/ASF/sam0/drivers/system/clock/clock_samd21_r21/clock.o
                0x00001180                system_clock_source_enable
 .text.system_clock_init
                0x00001220       0x94 src/ASF/sam0/drivers/system/clock/clock_samd21_r21/clock.o
                0x00001220                system_clock_init
 .text.system_gclk_init
                0x000012b4       0x24 src/ASF/sam0/drivers/system/clock/clock_samd21_r21/gclk.o
                0x000012b4                system_gclk_init
 .text.system_gclk_gen_set_config
                0x000012d8       0xb4 src/ASF/sam0/drivers/system/clock/clock_samd21_r21/gclk.o
                0x000012d8                system_gclk_gen_set_config
 .text.system_gclk_gen_enable
                0x0000138c       0x44 src/ASF/sam0/drivers/system/clock/clock_samd21_r21/gclk.o
                0x0000138c                system_gclk_gen_enable
 .text.system_gclk_gen_get_hz
                0x000013d0       0x8c src/ASF/sam0/drivers/system/clock/clock_samd21_r21/gclk.o
                0x000013d0                system_gclk_gen_get_hz
 .text.system_gclk_chan_enable
                0x0000145c       0x30 src/ASF/sam0/drivers/system/clock/clock_samd21_r21/gclk.o
                0x0000145c                system_gclk_chan_enable
 .text.system_gclk_chan_disable
                0x0000148c       0x5c src/ASF/sam0/drivers/system/clock/clock_samd21_r21/gclk.o
                0x0000148c                system_gclk_chan_disable
 .text.system_gclk_chan_set_config
                0x000014e8       0x1c src/ASF/sam0/drivers/system/clock/clock_samd21_r21/gclk.o
                0x000014e8                system_gclk_chan_set_config
 .text.system_gclk_chan_get_hz
                0x00001504       0x34 src/ASF/sam0/drivers/system/clock/clock_samd21_r21/gclk.o
                0x00001504                system_gclk_chan_get_hz
 .text._system_pinmux_config
                0x00001538       0x8c src/ASF/sam0/drivers/system/pinmux/pinmux.o
 .text.system_pinmux_pin_set_config
                0x000015c4       0x2c src/ASF/sam0/drivers/system/pinmux/pinmux.o
                0x000015c4                system_pinmux_pin_set_config
 .text._system_dummy_init
                0x000015f0        0x4 src/ASF/sam0/drivers/system/system.o
                0x000015f0                _system_events_init
                0x000015f0                _system_dummy_init
                0x000015f0                _system_extint_init
 .text.system_init
                0x000015f4       0x24 src/ASF/sam0/drivers/system/system.o
                0x000015f4                system_init
 .text.Dummy_Handler
                0x00001618        0x4 src/ASF/sam0/utils/cmsis/samd21/source/gcc/startup_samd21.o
                0x00001618                DMAC_Handler
                0x00001618                HardFault_Handler
                0x00001618                AC_Handler
                0x00001618                SysTick_Handler
                0x00001618                PendSV_Handler
                0x00001618                NMI_Handler
                0x00001618                TC7_Handler
                0x00001618                ADC_Handler
                0x00001618                TCC1_Handler
                0x00001618                TCC0_Handler
                0x00001618                RTC_Handler
                0x00001618                EIC_Handler
                0x00001618                TC6_Handler
                0x00001618                WDT_Handler
                0x00001618                TC4_Handler
                0x00001618                USB_Handler
                0x00001618                TC3_Handler
                0x00001618                Dummy_Handler
                0x00001618                PM_Handler
                0x00001618                SVC_Handler
                0x00001618                TCC2_Handler
                0x00001618                EVSYS_Handler
                0x00001618                I2S_Handler
                0x00001618                NVMCTRL_Handler
                0x00001618                DAC_Handler
                0x00001618                PTC_Handler
                0x00001618                TC5_Handler
                0x00001618                SYSCTRL_Handler
 .text.Reset_Handler
                0x0000161c       0xe0 src/ASF/sam0/utils/cmsis/samd21/source/gcc/startup_samd21.o
                0x0000161c                Reset_Handler
 .text._sbrk    0x000016fc       0x24 src/ASF/sam0/utils/syscalls/gcc/syscalls.o
                0x000016fc                _sbrk
 .text._close   0x00001720        0x8 src/ASF/sam0/utils/syscalls/gcc/syscalls.o
                0x00001720                _close
 .text._fstat   0x00001728        0xc src/ASF/sam0/utils/syscalls/gcc/syscalls.o
                0x00001728                _fstat
 .text._isatty  0x00001734        0x4 src/ASF/sam0/utils/syscalls/gcc/syscalls.o
                0x00001734                _isatty
 .text._lseek   0x00001738        0x4 src/ASF/sam0/utils/syscalls/gcc/syscalls.o
                0x00001738                _lseek
 .text.usart_serial_getchar
                0x0000173c       0x2c src/qs_adc_basic.o
 .text.usart_serial_putchar
                0x00001768       0x18 src/qs_adc_basic.o
 .text.configure_adc
                0x00001780       0x5c src/qs_adc_basic.o
                0x00001780                configure_adc
 .text.main     0x000017dc      0x190 src/qs_adc_basic.o
                0x000017dc                main
 .text          0x0000196c       0x9c d:/program files (x86)/atmel/atmel toolchain/arm gcc/native/4.8.1437/arm-gnu-toolchain/bin/../lib/gcc/arm-none-eabi/4.8.4/armv6-m\libgcc.a(_udivsi3.o)
                0x0000196c                __aeabi_uidiv
                0x0000196c                __udivsi3
                0x000019f4                __aeabi_uidivmod
 .text          0x00001a08        0x4 d:/program files (x86)/atmel/atmel toolchain/arm gcc/native/4.8.1437/arm-gnu-toolchain/bin/../lib/gcc/arm-none-eabi/4.8.4/armv6-m\libgcc.a(_dvmd_tls.o)
                0x00001a08                __aeabi_idiv0
                0x00001a08                __aeabi_ldiv0
 .text          0x00001a0c       0x44 d:/program files (x86)/atmel/atmel toolchain/arm gcc/native/4.8.1437/arm-gnu-toolchain/bin/../lib/gcc/arm-none-eabi/4.8.4/armv6-m\libgcc.a(_muldi3.o)
                0x00001a0c                __muldi3
                0x00001a0c                __aeabi_lmul
 .text.__libc_init_array
                0x00001a50       0x4c d:/program files (x86)/atmel/atmel toolchain/arm gcc/native/4.8.1437/arm-gnu-toolchain/bin/../lib/gcc/arm-none-eabi/4.8.4/../../../../arm-none-eabi/lib/armv6-m\libc_s.a(lib_a-init.o)
                0x00001a50                __libc_init_array
 .text.memcpy   0x00001a9c       0x12 d:/program files (x86)/atmel/atmel toolchain/arm gcc/native/4.8.1437/arm-gnu-toolchain/bin/../lib/gcc/arm-none-eabi/4.8.4/../../../../arm-none-eabi/lib/armv6-m\libc_s.a(lib_a-memcpy-stub.o)
                0x00001a9c                memcpy
 .text.memset   0x00001aae       0x10 d:/program files (x86)/atmel/atmel toolchain/arm gcc/native/4.8.1437/arm-gnu-toolchain/bin/../lib/gcc/arm-none-eabi/4.8.4/../../../../arm-none-eabi/lib/armv6-m\libc_s.a(lib_a-memset.o)
                0x00001aae                memset
 *fill*         0x00001abe        0x2 
 .text.printf   0x00001ac0       0x34 d:/program files (x86)/atmel/atmel toolchain/arm gcc/native/4.8.1437/arm-gnu-toolchain/bin/../lib/gcc/arm-none-eabi/4.8.4/../../../../arm-none-eabi/lib/armv6-m\libc_s.a(lib_a-printf.o)
                0x00001ac0                iprintf
                0x00001ac0                printf
 .text._puts_r  0x00001af4       0xc2 d:/program files (x86)/atmel/atmel toolchain/arm gcc/native/4.8.1437/arm-gnu-toolchain/bin/../lib/gcc/arm-none-eabi/4.8.4/../../../../arm-none-eabi/lib/armv6-m\libc_s.a(lib_a-puts.o)
                0x00001af4                _puts_r
 *fill*         0x00001bb6        0x2 
 .text.puts     0x00001bb8       0x14 d:/program files (x86)/atmel/atmel toolchain/arm gcc/native/4.8.1437/arm-gnu-toolchain/bin/../lib/gcc/arm-none-eabi/4.8.4/../../../../arm-none-eabi/lib/armv6-m\libc_s.a(lib_a-puts.o)
                0x00001bb8                puts
 .text.setbuf   0x00001bcc       0x12 d:/program files (x86)/atmel/atmel toolchain/arm gcc/native/4.8.1437/arm-gnu-toolchain/bin/../lib/gcc/arm-none-eabi/4.8.4/../../../../arm-none-eabi/lib/armv6-m\libc_s.a(lib_a-setbuf.o)
                0x00001bcc                setbuf
 *fill*         0x00001bde        0x2 
 .text.setvbuf  0x00001be0      0x10c d:/program files (x86)/atmel/atmel toolchain/arm gcc/native/4.8.1437/arm-gnu-toolchain/bin/../lib/gcc/arm-none-eabi/4.8.4/../../../../arm-none-eabi/lib/armv6-m\libc_s.a(lib_a-setvbuf.o)
                0x00001be0                setvbuf
 .text.__sfputc_r
                0x00001cec       0x2a d:/program files (x86)/atmel/atmel toolchain/arm gcc/native/4.8.1437/arm-gnu-toolchain/bin/../lib/gcc/arm-none-eabi/4.8.4/../../../../arm-none-eabi/lib/armv6-m\libc_s.a(lib_a-vfprintf.o)
 .text.__sfputs_r
                0x00001d16       0x24 d:/program files (x86)/atmel/atmel toolchain/arm gcc/native/4.8.1437/arm-gnu-toolchain/bin/../lib/gcc/arm-none-eabi/4.8.4/../../../../arm-none-eabi/lib/armv6-m\libc_s.a(lib_a-vfprintf.o)
                0x00001d16                __sfputs_r
 *fill*         0x00001d3a        0x2 
 .text._vfprintf_r
                0x00001d3c      0x210 d:/program files (x86)/atmel/atmel toolchain/arm gcc/native/4.8.1437/arm-gnu-toolchain/bin/../lib/gcc/arm-none-eabi/4.8.4/../../../../arm-none-eabi/lib/armv6-m\libc_s.a(lib_a-vfprintf.o)
                0x00001d3c                _vfprintf_r
                0x00001d3c                _vfiprintf_r
 .text._printf_common
                0x00001f4c       0xe8 d:/program files (x86)/atmel/atmel toolchain/arm gcc/native/4.8.1437/arm-gnu-toolchain/bin/../lib/gcc/arm-none-eabi/4.8.4/../../../../arm-none-eabi/lib/armv6-m\libc_s.a(lib_a-vfprintf_i.o)
                0x00001f4c                _printf_common
 .text._printf_i
                0x00002034      0x22c d:/program files (x86)/atmel/atmel toolchain/arm gcc/native/4.8.1437/arm-gnu-toolchain/bin/../lib/gcc/arm-none-eabi/4.8.4/../../../../arm-none-eabi/lib/armv6-m\libc_s.a(lib_a-vfprintf_i.o)
                0x00002034                _printf_i
 .text.__swbuf_r
                0x00002260       0xb0 d:/program files (x86)/atmel/atmel toolchain/arm gcc/native/4.8.1437/arm-gnu-toolchain/bin/../lib/gcc/arm-none-eabi/4.8.4/../../../../arm-none-eabi/lib/armv6-m\libc_s.a(lib_a-wbuf.o)
                0x00002260                __swbuf_r
 .text.__swsetup_r
                0x00002310       0xe4 d:/program files (x86)/atmel/atmel toolchain/arm gcc/native/4.8.1437/arm-gnu-toolchain/bin/../lib/gcc/arm-none-eabi/4.8.4/../../../../arm-none-eabi/lib/armv6-m\libc_s.a(lib_a-wsetup.o)
                0x00002310                __swsetup_r
 .text.__sflush_r
                0x000023f4      0x112 d:/program files (x86)/atmel/atmel toolchain/arm gcc/native/4.8.1437/arm-gnu-toolchain/bin/../lib/gcc/arm-none-eabi/4.8.4/../../../../arm-none-eabi/lib/armv6-m\libc_s.a(lib_a-fflush.o)
                0x000023f4                __sflush_r
 *fill*         0x00002506        0x2 
 .text._fflush_r
                0x00002508       0x58 d:/program files (x86)/atmel/atmel toolchain/arm gcc/native/4.8.1437/arm-gnu-toolchain/bin/../lib/gcc/arm-none-eabi/4.8.4/../../../../arm-none-eabi/lib/armv6-m\libc_s.a(lib_a-fflush.o)
                0x00002508                _fflush_r
 .text._cleanup_r
                0x00002560       0x34 d:/program files (x86)/atmel/atmel toolchain/arm gcc/native/4.8.1437/arm-gnu-toolchain/bin/../lib/gcc/arm-none-eabi/4.8.4/../../../../arm-none-eabi/lib/armv6-m\libc_s.a(lib_a-findfp.o)
                0x00002560                _cleanup_r
 .text.std.isra.0
                0x00002594       0x48 d:/program files (x86)/atmel/atmel toolchain/arm gcc/native/4.8.1437/arm-gnu-toolchain/bin/../lib/gcc/arm-none-eabi/4.8.4/../../../../arm-none-eabi/lib/armv6-m\libc_s.a(lib_a-findfp.o)
 .text.__sfmoreglue
                0x000025dc       0x2c d:/program files (x86)/atmel/atmel toolchain/arm gcc/native/4.8.1437/arm-gnu-toolchain/bin/../lib/gcc/arm-none-eabi/4.8.4/../../../../arm-none-eabi/lib/armv6-m\libc_s.a(lib_a-findfp.o)
                0x000025dc                __sfmoreglue
 .text.__sinit  0x00002608       0x64 d:/program files (x86)/atmel/atmel toolchain/arm gcc/native/4.8.1437/arm-gnu-toolchain/bin/../lib/gcc/arm-none-eabi/4.8.4/../../../../arm-none-eabi/lib/armv6-m\libc_s.a(lib_a-findfp.o)
                0x00002608                __sinit
 .text.__sfp    0x0000266c       0x7c d:/program files (x86)/atmel/atmel toolchain/arm gcc/native/4.8.1437/arm-gnu-toolchain/bin/../lib/gcc/arm-none-eabi/4.8.4/../../../../arm-none-eabi/lib/armv6-m\libc_s.a(lib_a-findfp.o)
                0x0000266c                __sfp
 .text.__smakebuf_r
                0x000026e8       0xa0 d:/program files (x86)/atmel/atmel toolchain/arm gcc/native/4.8.1437/arm-gnu-toolchain/bin/../lib/gcc/arm-none-eabi/4.8.4/../../../../arm-none-eabi/lib/armv6-m\libc_s.a(lib_a-makebuf.o)
                0x000026e8                __smakebuf_r
 .text.malloc   0x00002788       0x14 d:/program files (x86)/atmel/atmel toolchain/arm gcc/native/4.8.1437/arm-gnu-toolchain/bin/../lib/gcc/arm-none-eabi/4.8.4/../../../../arm-none-eabi/lib/armv6-m\libc_s.a(lib_a-malloc.o)
                0x00002788                malloc
 .text.memchr   0x0000279c       0x16 d:/program files (x86)/atmel/atmel toolchain/arm gcc/native/4.8.1437/arm-gnu-toolchain/bin/../lib/gcc/arm-none-eabi/4.8.4/../../../../arm-none-eabi/lib/armv6-m\libc_s.a(lib_a-memchr-stub.o)
                0x0000279c                memchr
 *fill*         0x000027b2        0x2 
 .text._free_r  0x000027b4       0x90 d:/program files (x86)/atmel/atmel toolchain/arm gcc/native/4.8.1437/arm-gnu-toolchain/bin/../lib/gcc/arm-none-eabi/4.8.4/../../../../arm-none-eabi/lib/armv6-m\libc_s.a(lib_a-nano-freer.o)
                0x000027b4                _free_r
 .text._malloc_r
                0x00002844       0xa8 d:/program files (x86)/atmel/atmel toolchain/arm gcc/native/4.8.1437/arm-gnu-toolchain/bin/../lib/gcc/arm-none-eabi/4.8.4/../../../../arm-none-eabi/lib/armv6-m\libc_s.a(lib_a-nano-mallocr.o)
                0x00002844                _malloc_r
 .text._sbrk_r  0x000028ec       0x24 d:/program files (x86)/atmel/atmel toolchain/arm gcc/native/4.8.1437/arm-gnu-toolchain/bin/../lib/gcc/arm-none-eabi/4.8.4/../../../../arm-none-eabi/lib/armv6-m\libc_s.a(lib_a-sbrkr.o)
                0x000028ec                _sbrk_r
 .text.__sread  0x00002910       0x28 d:/program files (x86)/atmel/atmel toolchain/arm gcc/native/4.8.1437/arm-gnu-toolchain/bin/../lib/gcc/arm-none-eabi/4.8.4/../../../../arm-none-eabi/lib/armv6-m\libc_s.a(lib_a-stdio.o)
                0x00002910                __sread
 .text.__swrite
                0x00002938       0x38 d:/program files (x86)/atmel/atmel toolchain/arm gcc/native/4.8.1437/arm-gnu-toolchain/bin/../lib/gcc/arm-none-eabi/4.8.4/../../../../arm-none-eabi/lib/armv6-m\libc_s.a(lib_a-stdio.o)
                0x00002938                __swrite
 .text.__sseek  0x00002970       0x2c d:/program files (x86)/atmel/atmel toolchain/arm gcc/native/4.8.1437/arm-gnu-toolchain/bin/../lib/gcc/arm-none-eabi/4.8.4/../../../../arm-none-eabi/lib/armv6-m\libc_s.a(lib_a-stdio.o)
                0x00002970                __sseek
 .text.__sclose
                0x0000299c        0xc d:/program files (x86)/atmel/atmel toolchain/arm gcc/native/4.8.1437/arm-gnu-toolchain/bin/../lib/gcc/arm-none-eabi/4.8.4/../../../../arm-none-eabi/lib/armv6-m\libc_s.a(lib_a-stdio.o)
                0x0000299c                __sclose
 .text.strlen   0x000029a8        0xe d:/program files (x86)/atmel/atmel toolchain/arm gcc/native/4.8.1437/arm-gnu-toolchain/bin/../lib/gcc/arm-none-eabi/4.8.4/../../../../arm-none-eabi/lib/armv6-m\libc_s.a(lib_a-strlen.o)
                0x000029a8                strlen
 *fill*         0x000029b6        0x2 
 .text._write_r
                0x000029b8       0x28 d:/program files (x86)/atmel/atmel toolchain/arm gcc/native/4.8.1437/arm-gnu-toolchain/bin/../lib/gcc/arm-none-eabi/4.8.4/../../../../arm-none-eabi/lib/armv6-m\libc_s.a(lib_a-writer.o)
                0x000029b8                _write_r
 .text._close_r
                0x000029e0       0x24 d:/program files (x86)/atmel/atmel toolchain/arm gcc/native/4.8.1437/arm-gnu-toolchain/bin/../lib/gcc/arm-none-eabi/4.8.4/../../../../arm-none-eabi/lib/armv6-m\libc_s.a(lib_a-closer.o)
                0x000029e0                _close_r
 .text._fstat_r
                0x00002a04       0x24 d:/program files (x86)/atmel/atmel toolchain/arm gcc/native/4.8.1437/arm-gnu-toolchain/bin/../lib/gcc/arm-none-eabi/4.8.4/../../../../arm-none-eabi/lib/armv6-m\libc_s.a(lib_a-fstatr.o)
                0x00002a04                _fstat_r
 .text._isatty_r
                0x00002a28       0x24 d:/program files (x86)/atmel/atmel toolchain/arm gcc/native/4.8.1437/arm-gnu-toolchain/bin/../lib/gcc/arm-none-eabi/4.8.4/../../../../arm-none-eabi/lib/armv6-m\libc_s.a(lib_a-isattyr.o)
                0x00002a28                _isatty_r
 .text._lseek_r
                0x00002a4c       0x28 d:/program files (x86)/atmel/atmel toolchain/arm gcc/native/4.8.1437/arm-gnu-toolchain/bin/../lib/gcc/arm-none-eabi/4.8.4/../../../../arm-none-eabi/lib/armv6-m\libc_s.a(lib_a-lseekr.o)
                0x00002a4c                _lseek_r
 .text._read_r  0x00002a74       0x28 d:/program files (x86)/atmel/atmel toolchain/arm gcc/native/4.8.1437/arm-gnu-toolchain/bin/../lib/gcc/arm-none-eabi/4.8.4/../../../../arm-none-eabi/lib/armv6-m\libc_s.a(lib_a-readr.o)
                0x00002a74                _read_r
 *(.glue_7t)
 .glue_7t       0x00000000        0x0 linker stubs
 *(.glue_7)
 .glue_7        0x00000000        0x0 linker stubs
 *(.rodata .rodata* .gnu.linkonce.r.*)
 .rodata        0x00002a9c       0x18 src/ASF/sam0/drivers/sercom/sercom.o
 .rodata        0x00002ab4        0x8 src/ASF/sam0/drivers/sercom/sercom_interrupt.o
 .rodata.adc_init
                0x00002abc       0xd4 src/ASF/sam0/drivers/adc/adc_sam_d_r/adc.o
 .rodata        0x00002b90       0x50 src/ASF/sam0/drivers/adc/adc_sam_d_r/adc.o
 .rodata.system_clock_source_get_hz
                0x00002be0       0x24 src/ASF/sam0/drivers/system/clock/clock_samd21_r21/clock.o
 .rodata.system_clock_source_enable
                0x00002c04       0x24 src/ASF/sam0/drivers/system/clock/clock_samd21_r21/clock.o
 .rodata.str1.4
                0x00002c28        0xc src/qs_adc_basic.o
 .rodata.str1.1
                0x00002c34        0x2 d:/program files (x86)/atmel/atmel toolchain/arm gcc/native/4.8.1437/arm-gnu-toolchain/bin/../lib/gcc/arm-none-eabi/4.8.4/../../../../arm-none-eabi/lib/armv6-m\libc_s.a(lib_a-impure.o)
 *fill*         0x00002c36        0x2 
 .rodata._global_impure_ptr
                0x00002c38        0x4 d:/program files (x86)/atmel/atmel toolchain/arm gcc/native/4.8.1437/arm-gnu-toolchain/bin/../lib/gcc/arm-none-eabi/4.8.4/../../../../arm-none-eabi/lib/armv6-m\libc_s.a(lib_a-impure.o)
                0x00002c38                _global_impure_ptr
 .rodata.str1.1
                0x00002c3c       0x11 d:/program files (x86)/atmel/atmel toolchain/arm gcc/native/4.8.1437/arm-gnu-toolchain/bin/../lib/gcc/arm-none-eabi/4.8.4/../../../../arm-none-eabi/lib/armv6-m\libc_s.a(lib_a-vfprintf.o)
 .rodata.str1.1
                0x00002c4d       0x22 d:/program files (x86)/atmel/atmel toolchain/arm gcc/native/4.8.1437/arm-gnu-toolchain/bin/../lib/gcc/arm-none-eabi/4.8.4/../../../../arm-none-eabi/lib/armv6-m\libc_s.a(lib_a-vfprintf_i.o)
 *fill*         0x00002c6f        0x1 
 .rodata.__sf_fake_stdin
                0x00002c70       0x20 d:/program files (x86)/atmel/atmel toolchain/arm gcc/native/4.8.1437/arm-gnu-toolchain/bin/../lib/gcc/arm-none-eabi/4.8.4/../../../../arm-none-eabi/lib/armv6-m\libc_s.a(lib_a-findfp.o)
                0x00002c70                __sf_fake_stdin
 .rodata.__sf_fake_stdout
                0x00002c90       0x20 d:/program files (x86)/atmel/atmel toolchain/arm gcc/native/4.8.1437/arm-gnu-toolchain/bin/../lib/gcc/arm-none-eabi/4.8.4/../../../../arm-none-eabi/lib/armv6-m\libc_s.a(lib_a-findfp.o)
                0x00002c90                __sf_fake_stdout
 .rodata.__sf_fake_stderr
                0x00002cb0       0x20 d:/program files (x86)/atmel/atmel toolchain/arm gcc/native/4.8.1437/arm-gnu-toolchain/bin/../lib/gcc/arm-none-eabi/4.8.4/../../../../arm-none-eabi/lib/armv6-m\libc_s.a(lib_a-findfp.o)
                0x00002cb0                __sf_fake_stderr
 *(.ARM.extab* .gnu.linkonce.armextab.*)
                0x00002cd0                . = ALIGN (0x4)
 *(.init)
 .init          0x00002cd0        0x4 d:/program files (x86)/atmel/atmel toolchain/arm gcc/native/4.8.1437/arm-gnu-toolchain/bin/../lib/gcc/arm-none-eabi/4.8.4/armv6-m/crti.o
                0x00002cd0                _init
 .init          0x00002cd4        0x8 d:/program files (x86)/atmel/atmel toolchain/arm gcc/native/4.8.1437/arm-gnu-toolchain/bin/../lib/gcc/arm-none-eabi/4.8.4/armv6-m/crtn.o
                0x00002cdc                . = ALIGN (0x4)
                0x00002cdc                __preinit_array_start = .
 *(.preinit_array)
                0x00002cdc                __preinit_array_end = .
                0x00002cdc                . = ALIGN (0x4)
                0x00002cdc                __init_array_start = .
 *(SORT(.init_array.*))
 *(.init_array)
 .init_array    0x00002cdc        0x4 d:/program files (x86)/atmel/atmel toolchain/arm gcc/native/4.8.1437/arm-gnu-toolchain/bin/../lib/gcc/arm-none-eabi/4.8.4/armv6-m/crtbegin.o
                0x00002ce0                __init_array_end = .
                0x00002ce0                . = ALIGN (0x4)
 *crtbegin.o(.ctors)
 *(EXCLUDE_FILE(*crtend.o) .ctors)
 *(SORT(.ctors.*))
 *crtend.o(.ctors)
                0x00002ce0                . = ALIGN (0x4)
 *(.fini)
 .fini          0x00002ce0        0x4 d:/program files (x86)/atmel/atmel toolchain/arm gcc/native/4.8.1437/arm-gnu-toolchain/bin/../lib/gcc/arm-none-eabi/4.8.4/armv6-m/crti.o
                0x00002ce0                _fini
 .fini          0x00002ce4        0x8 d:/program files (x86)/atmel/atmel toolchain/arm gcc/native/4.8.1437/arm-gnu-toolchain/bin/../lib/gcc/arm-none-eabi/4.8.4/armv6-m/crtn.o
                0x00002cec                . = ALIGN (0x4)
                0x00002cec                __fini_array_start = .
 *(.fini_array)
 .fini_array    0x00002cec        0x4 d:/program files (x86)/atmel/atmel toolchain/arm gcc/native/4.8.1437/arm-gnu-toolchain/bin/../lib/gcc/arm-none-eabi/4.8.4/armv6-m/crtbegin.o
 *(SORT(.fini_array.*))
                0x00002cf0                __fini_array_end = .
 *crtbegin.o(.dtors)
 *(EXCLUDE_FILE(*crtend.o) .dtors)
 *(SORT(.dtors.*))
 *crtend.o(.dtors)
                0x00002cf0                . = ALIGN (0x4)
                0x00002cf0                _efixed = .
                0x00002cf0                PROVIDE (__exidx_start, .)

.vfp11_veneer   0x00002cf0        0x0
 .vfp11_veneer  0x00000000        0x0 linker stubs

.v4_bx          0x00002cf0        0x0
 .v4_bx         0x00000000        0x0 linker stubs

.iplt           0x00002cf0        0x0
 .iplt          0x00000000        0x0 d:/program files (x86)/atmel/atmel toolchain/arm gcc/native/4.8.1437/arm-gnu-toolchain/bin/../lib/gcc/arm-none-eabi/4.8.4/armv6-m/crtbegin.o

.eh_frame       0x00002cf0        0x0
 .eh_frame      0x00002cf0        0x0 d:/program files (x86)/atmel/atmel toolchain/arm gcc/native/4.8.1437/arm-gnu-toolchain/bin/../lib/gcc/arm-none-eabi/4.8.4/armv6-m/crtbegin.o

.rel.dyn        0x00002cf0        0x0
 .rel.iplt      0x00000000        0x0 d:/program files (x86)/atmel/atmel toolchain/arm gcc/native/4.8.1437/arm-gnu-toolchain/bin/../lib/gcc/arm-none-eabi/4.8.4/armv6-m/crtbegin.o

.jcr            0x00002cf0        0x0
 .jcr           0x00002cf0        0x0 d:/program files (x86)/atmel/atmel toolchain/arm gcc/native/4.8.1437/arm-gnu-toolchain/bin/../lib/gcc/arm-none-eabi/4.8.4/armv6-m/crtbegin.o

.igot.plt       0x00002cf0        0x0
 .igot.plt      0x00000000        0x0 d:/program files (x86)/atmel/atmel toolchain/arm gcc/native/4.8.1437/arm-gnu-toolchain/bin/../lib/gcc/arm-none-eabi/4.8.4/armv6-m/crtbegin.o

.ARM.exidx
 *(.ARM.exidx* .gnu.linkonce.armexidx.*)
                0x00002cf0                PROVIDE (__exidx_end, .)
                0x00002cf0                . = ALIGN (0x4)
                0x00002cf0                _etext = .

.relocate       0x20000000       0x68 load address 0x00002cf0
                0x20000000                . = ALIGN (0x4)
                0x20000000                _srelocate = .
 *(.ramfunc .ramfunc.*)
 *(.data .data.*)
 .data.g_interrupt_enabled
                0x20000000        0x1 src/ASF/common/utils/interrupt/interrupt_sam_nvic.o
                0x20000000                g_interrupt_enabled
 *fill*         0x20000001        0x3 
 .data.impure_data
                0x20000004       0x60 d:/program files (x86)/atmel/atmel toolchain/arm gcc/native/4.8.1437/arm-gnu-toolchain/bin/../lib/gcc/arm-none-eabi/4.8.4/../../../../arm-none-eabi/lib/armv6-m\libc_s.a(lib_a-impure.o)
 .data._impure_ptr
                0x20000064        0x4 d:/program files (x86)/atmel/atmel toolchain/arm gcc/native/4.8.1437/arm-gnu-toolchain/bin/../lib/gcc/arm-none-eabi/4.8.4/../../../../arm-none-eabi/lib/armv6-m\libc_s.a(lib_a-impure.o)
                0x20000064                _impure_ptr
                0x20000068                . = ALIGN (0x4)
                0x20000068                _erelocate = .

.bss            0x20000068       0xcc load address 0x00002d58
                0x20000068                . = ALIGN (0x4)
                0x20000068                _sbss = .
                0x20000068                _szero = .
 *(.bss .bss.*)
 .bss           0x20000068       0x1c d:/program files (x86)/atmel/atmel toolchain/arm gcc/native/4.8.1437/arm-gnu-toolchain/bin/../lib/gcc/arm-none-eabi/4.8.4/armv6-m/crtbegin.o
 .bss._sercom_config
                0x20000084        0x4 src/ASF/sam0/drivers/sercom/sercom.o
 .bss._handler_table_initialized
                0x20000088        0x1 src/ASF/sam0/drivers/sercom/sercom_interrupt.o
 *fill*         0x20000089        0x3 
 .bss._sercom_interrupt_handlers
                0x2000008c       0x18 src/ASF/sam0/drivers/sercom/sercom_interrupt.o
 .bss.cpu_irq_critical_section_counter
                0x200000a4        0x4 src/ASF/common/utils/interrupt/interrupt_sam_nvic.o
 .bss.cpu_irq_prev_interrupt_state
                0x200000a8        0x1 src/ASF/common/utils/interrupt/interrupt_sam_nvic.o
 *fill*         0x200000a9        0x3 
 .bss._system_clock_inst
                0x200000ac       0x18 src/ASF/sam0/drivers/system/clock/clock_samd21_r21/clock.o
 .bss.heap.5097
                0x200000c4        0x4 src/ASF/sam0/utils/syscalls/gcc/syscalls.o
 .bss.cdc_uart_module
                0x200000c8       0x34 src/qs_adc_basic.o
 .bss.__malloc_sbrk_start
                0x200000fc        0x4 d:/program files (x86)/atmel/atmel toolchain/arm gcc/native/4.8.1437/arm-gnu-toolchain/bin/../lib/gcc/arm-none-eabi/4.8.4/../../../../arm-none-eabi/lib/armv6-m\libc_s.a(lib_a-nano-mallocr.o)
                0x200000fc                __malloc_sbrk_start
 .bss.__malloc_free_list
                0x20000100        0x4 d:/program files (x86)/atmel/atmel toolchain/arm gcc/native/4.8.1437/arm-gnu-toolchain/bin/../lib/gcc/arm-none-eabi/4.8.4/../../../../arm-none-eabi/lib/armv6-m\libc_s.a(lib_a-nano-mallocr.o)
                0x20000100                __malloc_free_list
 *(COMMON)
 COMMON         0x20000104        0x4 src/ASF/sam0/utils/stdio/read.o
                0x20000104                ptr_get
 COMMON         0x20000108        0x8 src/ASF/sam0/utils/stdio/write.o
                0x20000108                ptr_put
                0x2000010c                stdio_base
 COMMON         0x20000110       0x18 src/ASF/sam0/drivers/sercom/sercom_interrupt.o
                0x20000110                _sercom_instances
 COMMON         0x20000128        0x8 src/qs_adc_basic.o
                0x20000128                adc_instance
 COMMON         0x20000130        0x4 d:/program files (x86)/atmel/atmel toolchain/arm gcc/native/4.8.1437/arm-gnu-toolchain/bin/../lib/gcc/arm-none-eabi/4.8.4/../../../../arm-none-eabi/lib/armv6-m\libc_s.a(lib_a-reent.o)
                0x20000130                errno
                0x20000134                . = ALIGN (0x4)
                0x20000134                _ebss = .
                0x20000134                _ezero = .

.stack          0x20000134     0x2004 load address 0x00002e24
                0x20000138                . = ALIGN (0x8)
 *fill*         0x20000134        0x4 
                0x20000138                _sstack = .
                0x20002138                . = (. + STACK_SIZE)
 *fill*         0x20000138     0x2000 
                0x20002138                . = ALIGN (0x8)
                0x20002138                _estack = .
                0x20002138                . = ALIGN (0x4)
                0x20002138                _end = .
OUTPUT(ADC_QUICK_START2.elf elf32-littlearm)

.ARM.attributes
                0x00000000       0x28
 .ARM.attributes
                0x00000000       0x1e d:/program files (x86)/atmel/atmel toolchain/arm gcc/native/4.8.1437/arm-gnu-toolchain/bin/../lib/gcc/arm-none-eabi/4.8.4/armv6-m/crti.o
 .ARM.attributes
                0x0000001e       0x2c d:/program files (x86)/atmel/atmel toolchain/arm gcc/native/4.8.1437/arm-gnu-toolchain/bin/../lib/gcc/arm-none-eabi/4.8.4/armv6-m/crtbegin.o
 .ARM.attributes
                0x0000004a       0x32 src/ASF/sam0/drivers/sercom/sercom.o
 .ARM.attributes
                0x0000007c       0x32 src/ASF/sam0/utils/stdio/read.o
 .ARM.attributes
                0x000000ae       0x32 src/ASF/sam0/utils/stdio/write.o
 .ARM.attributes
                0x000000e0       0x32 src/ASF/sam0/drivers/sercom/usart/usart.o
 .ARM.attributes
                0x00000112       0x32 src/ASF/sam0/drivers/sercom/usart/usart_interrupt.o
 .ARM.attributes
                0x00000144       0x32 src/ASF/sam0/drivers/sercom/sercom_interrupt.o
 .ARM.attributes
                0x00000176       0x32 src/ASF/common/utils/interrupt/interrupt_sam_nvic.o
 .ARM.attributes
                0x000001a8       0x32 src/ASF/sam0/boards/samd21_xplained_pro/board_init.o
 .ARM.attributes
                0x000001da       0x32 src/ASF/sam0/drivers/adc/adc_sam_d_r/adc.o
 .ARM.attributes
                0x0000020c       0x32 src/ASF/sam0/drivers/port/port.o
 .ARM.attributes
                0x0000023e       0x32 src/ASF/sam0/drivers/system/clock/clock_samd21_r21/clock.o
 .ARM.attributes
                0x00000270       0x32 src/ASF/sam0/drivers/system/clock/clock_samd21_r21/gclk.o
 .ARM.attributes
                0x000002a2       0x32 src/ASF/sam0/drivers/system/pinmux/pinmux.o
 .ARM.attributes
                0x000002d4       0x32 src/ASF/sam0/drivers/system/system.o
 .ARM.attributes
                0x00000306       0x32 src/ASF/sam0/utils/cmsis/samd21/source/gcc/startup_samd21.o
 .ARM.attributes
                0x00000338       0x32 src/ASF/sam0/utils/syscalls/gcc/syscalls.o
 .ARM.attributes
                0x0000036a       0x32 src/qs_adc_basic.o
 .ARM.attributes
                0x0000039c       0x1e d:/program files (x86)/atmel/atmel toolchain/arm gcc/native/4.8.1437/arm-gnu-toolchain/bin/../lib/gcc/arm-none-eabi/4.8.4/armv6-m\libgcc.a(_udivsi3.o)
 .ARM.attributes
                0x000003ba       0x1e d:/program files (x86)/atmel/atmel toolchain/arm gcc/native/4.8.1437/arm-gnu-toolchain/bin/../lib/gcc/arm-none-eabi/4.8.4/armv6-m\libgcc.a(_dvmd_tls.o)
 .ARM.attributes
                0x000003d8       0x2c d:/program files (x86)/atmel/atmel toolchain/arm gcc/native/4.8.1437/arm-gnu-toolchain/bin/../lib/gcc/arm-none-eabi/4.8.4/armv6-m\libgcc.a(_muldi3.o)
 .ARM.attributes
                0x00000404       0x2c d:/program files (x86)/atmel/atmel toolchain/arm gcc/native/4.8.1437/arm-gnu-toolchain/bin/../lib/gcc/arm-none-eabi/4.8.4/../../../../arm-none-eabi/lib/armv6-m\libc_s.a(lib_a-impure.o)
 .ARM.attributes
                0x00000430       0x2c d:/program files (x86)/atmel/atmel toolchain/arm gcc/native/4.8.1437/arm-gnu-toolchain/bin/../lib/gcc/arm-none-eabi/4.8.4/../../../../arm-none-eabi/lib/armv6-m\libc_s.a(lib_a-init.o)
 .ARM.attributes
                0x0000045c       0x2c d:/program files (x86)/atmel/atmel toolchain/arm gcc/native/4.8.1437/arm-gnu-toolchain/bin/../lib/gcc/arm-none-eabi/4.8.4/../../../../arm-none-eabi/lib/armv6-m\libc_s.a(lib_a-memcpy-stub.o)
 .ARM.attributes
                0x00000488       0x2c d:/program files (x86)/atmel/atmel toolchain/arm gcc/native/4.8.1437/arm-gnu-toolchain/bin/../lib/gcc/arm-none-eabi/4.8.4/../../../../arm-none-eabi/lib/armv6-m\libc_s.a(lib_a-memset.o)
 .ARM.attributes
                0x000004b4       0x2c d:/program files (x86)/atmel/atmel toolchain/arm gcc/native/4.8.1437/arm-gnu-toolchain/bin/../lib/gcc/arm-none-eabi/4.8.4/../../../../arm-none-eabi/lib/armv6-m\libc_s.a(lib_a-printf.o)
 .ARM.attributes
                0x000004e0       0x2c d:/program files (x86)/atmel/atmel toolchain/arm gcc/native/4.8.1437/arm-gnu-toolchain/bin/../lib/gcc/arm-none-eabi/4.8.4/../../../../arm-none-eabi/lib/armv6-m\libc_s.a(lib_a-puts.o)
 .ARM.attributes
                0x0000050c       0x2c d:/program files (x86)/atmel/atmel toolchain/arm gcc/native/4.8.1437/arm-gnu-toolchain/bin/../lib/gcc/arm-none-eabi/4.8.4/../../../../arm-none-eabi/lib/armv6-m\libc_s.a(lib_a-setbuf.o)
 .ARM.attributes
                0x00000538       0x2c d:/program files (x86)/atmel/atmel toolchain/arm gcc/native/4.8.1437/arm-gnu-toolchain/bin/../lib/gcc/arm-none-eabi/4.8.4/../../../../arm-none-eabi/lib/armv6-m\libc_s.a(lib_a-setvbuf.o)
 .ARM.attributes
                0x00000564       0x2c d:/program files (x86)/atmel/atmel toolchain/arm gcc/native/4.8.1437/arm-gnu-toolchain/bin/../lib/gcc/arm-none-eabi/4.8.4/../../../../arm-none-eabi/lib/armv6-m\libc_s.a(lib_a-vfprintf.o)
 .ARM.attributes
                0x00000590       0x2c d:/program files (x86)/atmel/atmel toolchain/arm gcc/native/4.8.1437/arm-gnu-toolchain/bin/../lib/gcc/arm-none-eabi/4.8.4/../../../../arm-none-eabi/lib/armv6-m\libc_s.a(lib_a-vfprintf_i.o)
 .ARM.attributes
                0x000005bc       0x2c d:/program files (x86)/atmel/atmel toolchain/arm gcc/native/4.8.1437/arm-gnu-toolchain/bin/../lib/gcc/arm-none-eabi/4.8.4/../../../../arm-none-eabi/lib/armv6-m\libc_s.a(lib_a-wbuf.o)
 .ARM.attributes
                0x000005e8       0x2c d:/program files (x86)/atmel/atmel toolchain/arm gcc/native/4.8.1437/arm-gnu-toolchain/bin/../lib/gcc/arm-none-eabi/4.8.4/../../../../arm-none-eabi/lib/armv6-m\libc_s.a(lib_a-wsetup.o)
 .ARM.attributes
                0x00000614       0x2c d:/program files (x86)/atmel/atmel toolchain/arm gcc/native/4.8.1437/arm-gnu-toolchain/bin/../lib/gcc/arm-none-eabi/4.8.4/../../../../arm-none-eabi/lib/armv6-m\libc_s.a(lib_a-fflush.o)
 .ARM.attributes
                0x00000640       0x2c d:/program files (x86)/atmel/atmel toolchain/arm gcc/native/4.8.1437/arm-gnu-toolchain/bin/../lib/gcc/arm-none-eabi/4.8.4/../../../../arm-none-eabi/lib/armv6-m\libc_s.a(lib_a-findfp.o)
 .ARM.attributes
                0x0000066c       0x2c d:/program files (x86)/atmel/atmel toolchain/arm gcc/native/4.8.1437/arm-gnu-toolchain/bin/../lib/gcc/arm-none-eabi/4.8.4/../../../../arm-none-eabi/lib/armv6-m\libc_s.a(lib_a-makebuf.o)
 .ARM.attributes
                0x00000698       0x2c d:/program files (x86)/atmel/atmel toolchain/arm gcc/native/4.8.1437/arm-gnu-toolchain/bin/../lib/gcc/arm-none-eabi/4.8.4/../../../../arm-none-eabi/lib/armv6-m\libc_s.a(lib_a-malloc.o)
 .ARM.attributes
                0x000006c4       0x2c d:/program files (x86)/atmel/atmel toolchain/arm gcc/native/4.8.1437/arm-gnu-toolchain/bin/../lib/gcc/arm-none-eabi/4.8.4/../../../../arm-none-eabi/lib/armv6-m\libc_s.a(lib_a-memchr-stub.o)
 .ARM.attributes
                0x000006f0       0x2c d:/program files (x86)/atmel/atmel toolchain/arm gcc/native/4.8.1437/arm-gnu-toolchain/bin/../lib/gcc/arm-none-eabi/4.8.4/../../../../arm-none-eabi/lib/armv6-m\libc_s.a(lib_a-nano-freer.o)
 .ARM.attributes
                0x0000071c       0x2c d:/program files (x86)/atmel/atmel toolchain/arm gcc/native/4.8.1437/arm-gnu-toolchain/bin/../lib/gcc/arm-none-eabi/4.8.4/../../../../arm-none-eabi/lib/armv6-m\libc_s.a(lib_a-nano-mallocr.o)
 .ARM.attributes
                0x00000748       0x2c d:/program files (x86)/atmel/atmel toolchain/arm gcc/native/4.8.1437/arm-gnu-toolchain/bin/../lib/gcc/arm-none-eabi/4.8.4/../../../../arm-none-eabi/lib/armv6-m\libc_s.a(lib_a-sbrkr.o)
 .ARM.attributes
                0x00000774       0x2c d:/program files (x86)/atmel/atmel toolchain/arm gcc/native/4.8.1437/arm-gnu-toolchain/bin/../lib/gcc/arm-none-eabi/4.8.4/../../../../arm-none-eabi/lib/armv6-m\libc_s.a(lib_a-stdio.o)
 .ARM.attributes
                0x000007a0       0x2c d:/program files (x86)/atmel/atmel toolchain/arm gcc/native/4.8.1437/arm-gnu-toolchain/bin/../lib/gcc/arm-none-eabi/4.8.4/../../../../arm-none-eabi/lib/armv6-m\libc_s.a(lib_a-strlen.o)
 .ARM.attributes
                0x000007cc       0x2c d:/program files (x86)/atmel/atmel toolchain/arm gcc/native/4.8.1437/arm-gnu-toolchain/bin/../lib/gcc/arm-none-eabi/4.8.4/../../../../arm-none-eabi/lib/armv6-m\libc_s.a(lib_a-writer.o)
 .ARM.attributes
                0x000007f8       0x2c d:/program files (x86)/atmel/atmel toolchain/arm gcc/native/4.8.1437/arm-gnu-toolchain/bin/../lib/gcc/arm-none-eabi/4.8.4/../../../../arm-none-eabi/lib/armv6-m\libc_s.a(lib_a-closer.o)
 .ARM.attributes
                0x00000824       0x2c d:/program files (x86)/atmel/atmel toolchain/arm gcc/native/4.8.1437/arm-gnu-toolchain/bin/../lib/gcc/arm-none-eabi/4.8.4/../../../../arm-none-eabi/lib/armv6-m\libc_s.a(lib_a-fstatr.o)
 .ARM.attributes
                0x00000850       0x2c d:/program files (x86)/atmel/atmel toolchain/arm gcc/native/4.8.1437/arm-gnu-toolchain/bin/../lib/gcc/arm-none-eabi/4.8.4/../../../../arm-none-eabi/lib/armv6-m\libc_s.a(lib_a-isattyr.o)
 .ARM.attributes
                0x0000087c       0x2c d:/program files (x86)/atmel/atmel toolchain/arm gcc/native/4.8.1437/arm-gnu-toolchain/bin/../lib/gcc/arm-none-eabi/4.8.4/../../../../arm-none-eabi/lib/armv6-m\libc_s.a(lib_a-lseekr.o)
 .ARM.attributes
                0x000008a8       0x2c d:/program files (x86)/atmel/atmel toolchain/arm gcc/native/4.8.1437/arm-gnu-toolchain/bin/../lib/gcc/arm-none-eabi/4.8.4/../../../../arm-none-eabi/lib/armv6-m\libc_s.a(lib_a-readr.o)
 .ARM.attributes
                0x000008d4       0x2c d:/program files (x86)/atmel/atmel toolchain/arm gcc/native/4.8.1437/arm-gnu-toolchain/bin/../lib/gcc/arm-none-eabi/4.8.4/../../../../arm-none-eabi/lib/armv6-m\libc_s.a(lib_a-reent.o)
 .ARM.attributes
                0x00000900       0x1e d:/program files (x86)/atmel/atmel toolchain/arm gcc/native/4.8.1437/arm-gnu-toolchain/bin/../lib/gcc/arm-none-eabi/4.8.4/armv6-m/crtn.o

.comment        0x00000000       0x5b
 .comment       0x00000000       0x5b src/ASF/sam0/drivers/sercom/sercom.o
                                 0x5c (size before relaxing)
 .comment       0x00000000       0x5c src/ASF/sam0/utils/stdio/read.o
 .comment       0x00000000       0x5c src/ASF/sam0/utils/stdio/write.o
 .comment       0x00000000       0x5c src/ASF/sam0/drivers/sercom/usart/usart.o
 .comment       0x00000000       0x5c src/ASF/sam0/drivers/sercom/usart/usart_interrupt.o
 .comment       0x00000000       0x5c src/ASF/sam0/drivers/sercom/sercom_interrupt.o
 .comment       0x00000000       0x5c src/ASF/common/utils/interrupt/interrupt_sam_nvic.o
 .comment       0x00000000       0x5c src/ASF/sam0/boards/samd21_xplained_pro/board_init.o
 .comment       0x00000000       0x5c src/ASF/sam0/drivers/adc/adc_sam_d_r/adc.o
 .comment       0x00000000       0x5c src/ASF/sam0/drivers/port/port.o
 .comment       0x00000000       0x5c src/ASF/sam0/drivers/system/clock/clock_samd21_r21/clock.o
 .comment       0x00000000       0x5c src/ASF/sam0/drivers/system/clock/clock_samd21_r21/gclk.o
 .comment       0x00000000       0x5c src/ASF/sam0/drivers/system/pinmux/pinmux.o
 .comment       0x00000000       0x5c src/ASF/sam0/drivers/system/system.o
 .comment       0x00000000       0x5c src/ASF/sam0/utils/cmsis/samd21/source/gcc/startup_samd21.o
 .comment       0x00000000       0x5c src/ASF/sam0/utils/syscalls/gcc/syscalls.o
 .comment       0x00000000       0x5c src/qs_adc_basic.o

.debug_info     0x00000000    0x1ca42
 .debug_info    0x00000000     0x254b src/ASF/sam0/drivers/sercom/sercom.o
 .debug_info    0x0000254b      0x1c2 src/ASF/sam0/utils/stdio/read.o
 .debug_info    0x0000270d      0x1bf src/ASF/sam0/utils/stdio/write.o
 .debug_info    0x000028cc     0x40ab src/ASF/sam0/drivers/sercom/usart/usart.o
 .debug_info    0x00006977     0x272b src/ASF/sam0/drivers/sercom/usart/usart_interrupt.o
 .debug_info    0x000090a2     0x2335 src/ASF/sam0/drivers/sercom/sercom_interrupt.o
 .debug_info    0x0000b3d7      0x1ec src/ASF/common/utils/interrupt/interrupt_sam_nvic.o
 .debug_info    0x0000b5c3      0x970 src/ASF/sam0/boards/samd21_xplained_pro/board_init.o
 .debug_info    0x0000bf33     0x326e src/ASF/sam0/drivers/adc/adc_sam_d_r/adc.o
 .debug_info    0x0000f1a1      0x968 src/ASF/sam0/drivers/port/port.o
 .debug_info    0x0000fb09     0x2ccc src/ASF/sam0/drivers/system/clock/clock_samd21_r21/clock.o
 .debug_info    0x000127d5     0x14ce src/ASF/sam0/drivers/system/clock/clock_samd21_r21/gclk.o
 .debug_info    0x00013ca3      0xa49 src/ASF/sam0/drivers/system/pinmux/pinmux.o
 .debug_info    0x000146ec      0x16f src/ASF/sam0/drivers/system/system.o
 .debug_info    0x0001485b     0x35ae src/ASF/sam0/utils/cmsis/samd21/source/gcc/startup_samd21.o
 .debug_info    0x00017e09      0x427 src/ASF/sam0/utils/syscalls/gcc/syscalls.o
 .debug_info    0x00018230     0x4812 src/qs_adc_basic.o

.debug_abbrev   0x00000000     0x28d8
 .debug_abbrev  0x00000000      0x2fd src/ASF/sam0/drivers/sercom/sercom.o
 .debug_abbrev  0x000002fd      0x108 src/ASF/sam0/utils/stdio/read.o
 .debug_abbrev  0x00000405       0xf5 src/ASF/sam0/utils/stdio/write.o
 .debug_abbrev  0x000004fa      0x3d7 src/ASF/sam0/drivers/sercom/usart/usart.o
 .debug_abbrev  0x000008d1      0x3b0 src/ASF/sam0/drivers/sercom/usart/usart_interrupt.o
 .debug_abbrev  0x00000c81      0x22c src/ASF/sam0/drivers/sercom/sercom_interrupt.o
 .debug_abbrev  0x00000ead       0xf6 src/ASF/common/utils/interrupt/interrupt_sam_nvic.o
 .debug_abbrev  0x00000fa3      0x22b src/ASF/sam0/boards/samd21_xplained_pro/board_init.o
 .debug_abbrev  0x000011ce      0x369 src/ASF/sam0/drivers/adc/adc_sam_d_r/adc.o
 .debug_abbrev  0x00001537      0x1da src/ASF/sam0/drivers/port/port.o
 .debug_abbrev  0x00001711      0x3ba src/ASF/sam0/drivers/system/clock/clock_samd21_r21/clock.o
 .debug_abbrev  0x00001acb      0x327 src/ASF/sam0/drivers/system/clock/clock_samd21_r21/gclk.o
 .debug_abbrev  0x00001df2      0x287 src/ASF/sam0/drivers/system/pinmux/pinmux.o
 .debug_abbrev  0x00002079       0xb9 src/ASF/sam0/drivers/system/system.o
 .debug_abbrev  0x00002132      0x213 src/ASF/sam0/utils/cmsis/samd21/source/gcc/startup_samd21.o
 .debug_abbrev  0x00002345      0x141 src/ASF/sam0/utils/syscalls/gcc/syscalls.o
 .debug_abbrev  0x00002486      0x452 src/qs_adc_basic.o

.debug_loc      0x00000000     0x4615
 .debug_loc     0x00000000      0x982 src/ASF/sam0/drivers/sercom/sercom.o
 .debug_loc     0x00000982       0xfb src/ASF/sam0/utils/stdio/read.o
 .debug_loc     0x00000a7d      0x140 src/ASF/sam0/utils/stdio/write.o
 .debug_loc     0x00000bbd      0xe4a src/ASF/sam0/drivers/sercom/usart/usart.o
 .debug_loc     0x00001a07      0x5bf src/ASF/sam0/drivers/sercom/usart/usart_interrupt.o
 .debug_loc     0x00001fc6      0x16c src/ASF/sam0/drivers/sercom/sercom_interrupt.o
 .debug_loc     0x00002132       0x1e src/ASF/common/utils/interrupt/interrupt_sam_nvic.o
 .debug_loc     0x00002150       0x59 src/ASF/sam0/boards/samd21_xplained_pro/board_init.o
 .debug_loc     0x000021a9      0x60e src/ASF/sam0/drivers/adc/adc_sam_d_r/adc.o
 .debug_loc     0x000027b7      0x16d src/ASF/sam0/drivers/port/port.o
 .debug_loc     0x00002924      0xfba src/ASF/sam0/drivers/system/clock/clock_samd21_r21/clock.o
 .debug_loc     0x000038de      0x508 src/ASF/sam0/drivers/system/clock/clock_samd21_r21/gclk.o
 .debug_loc     0x00003de6      0x2e3 src/ASF/sam0/drivers/system/pinmux/pinmux.o
 .debug_loc     0x000040c9       0x20 src/ASF/sam0/drivers/system/system.o
 .debug_loc     0x000040e9       0x7c src/ASF/sam0/utils/cmsis/samd21/source/gcc/startup_samd21.o
 .debug_loc     0x00004165      0x112 src/ASF/sam0/utils/syscalls/gcc/syscalls.o
 .debug_loc     0x00004277      0x39e src/qs_adc_basic.o

.debug_aranges  0x00000000      0x448
 .debug_aranges
                0x00000000       0x40 src/ASF/sam0/drivers/sercom/sercom.o
 .debug_aranges
                0x00000040       0x20 src/ASF/sam0/utils/stdio/read.o
 .debug_aranges
                0x00000060       0x20 src/ASF/sam0/utils/stdio/write.o
 .debug_aranges
                0x00000080       0x40 src/ASF/sam0/drivers/sercom/usart/usart.o
 .debug_aranges
                0x000000c0       0x70 src/ASF/sam0/drivers/sercom/usart/usart_interrupt.o
 .debug_aranges
                0x00000130       0x60 src/ASF/sam0/drivers/sercom/sercom_interrupt.o
 .debug_aranges
                0x00000190       0x28 src/ASF/common/utils/interrupt/interrupt_sam_nvic.o
 .debug_aranges
                0x000001b8       0x20 src/ASF/sam0/boards/samd21_xplained_pro/board_init.o
 .debug_aranges
                0x000001d8       0x30 src/ASF/sam0/drivers/adc/adc_sam_d_r/adc.o
 .debug_aranges
                0x00000208       0x28 src/ASF/sam0/drivers/port/port.o
 .debug_aranges
                0x00000230       0x78 src/ASF/sam0/drivers/system/clock/clock_samd21_r21/clock.o
 .debug_aranges
                0x000002a8       0x80 src/ASF/sam0/drivers/system/clock/clock_samd21_r21/gclk.o
 .debug_aranges
                0x00000328       0x38 src/ASF/sam0/drivers/system/pinmux/pinmux.o
 .debug_aranges
                0x00000360       0x28 src/ASF/sam0/drivers/system/system.o
 .debug_aranges
                0x00000388       0x28 src/ASF/sam0/utils/cmsis/samd21/source/gcc/startup_samd21.o
 .debug_aranges
                0x000003b0       0x60 src/ASF/sam0/utils/syscalls/gcc/syscalls.o
 .debug_aranges
                0x00000410       0x38 src/qs_adc_basic.o

.debug_ranges   0x00000000      0x440
 .debug_ranges  0x00000000       0x48 src/ASF/sam0/drivers/sercom/sercom.o
 .debug_ranges  0x00000048       0x10 src/ASF/sam0/utils/stdio/read.o
 .debug_ranges  0x00000058       0x10 src/ASF/sam0/utils/stdio/write.o
 .debug_ranges  0x00000068       0xf0 src/ASF/sam0/drivers/sercom/usart/usart.o
 .debug_ranges  0x00000158       0x60 src/ASF/sam0/drivers/sercom/usart/usart_interrupt.o
 .debug_ranges  0x000001b8       0x50 src/ASF/sam0/drivers/sercom/sercom_interrupt.o
 .debug_ranges  0x00000208       0x18 src/ASF/common/utils/interrupt/interrupt_sam_nvic.o
 .debug_ranges  0x00000220       0x10 src/ASF/sam0/boards/samd21_xplained_pro/board_init.o
 .debug_ranges  0x00000230       0x50 src/ASF/sam0/drivers/adc/adc_sam_d_r/adc.o
 .debug_ranges  0x00000280       0x18 src/ASF/sam0/drivers/port/port.o
 .debug_ranges  0x00000298       0x68 src/ASF/sam0/drivers/system/clock/clock_samd21_r21/clock.o
 .debug_ranges  0x00000300       0x70 src/ASF/sam0/drivers/system/clock/clock_samd21_r21/gclk.o
 .debug_ranges  0x00000370       0x28 src/ASF/sam0/drivers/system/pinmux/pinmux.o
 .debug_ranges  0x00000398       0x18 src/ASF/sam0/drivers/system/system.o
 .debug_ranges  0x000003b0       0x18 src/ASF/sam0/utils/cmsis/samd21/source/gcc/startup_samd21.o
 .debug_ranges  0x000003c8       0x50 src/ASF/sam0/utils/syscalls/gcc/syscalls.o
 .debug_ranges  0x00000418       0x28 src/qs_adc_basic.o

.debug_macro    0x00000000    0x198b7
 .debug_macro   0x00000000      0x4f8 src/ASF/sam0/drivers/sercom/sercom.o
 .debug_macro   0x000004f8      0x838 src/ASF/sam0/drivers/sercom/sercom.o
 .debug_macro   0x00000d30      0x166 src/ASF/sam0/drivers/sercom/sercom.o
 .debug_macro   0x00000e96      0x4d1 src/ASF/sam0/drivers/sercom/sercom.o
 .debug_macro   0x00001367       0x16 src/ASF/sam0/drivers/sercom/sercom.o
 .debug_macro   0x0000137d       0x44 src/ASF/sam0/drivers/sercom/sercom.o
 .debug_macro   0x000013c1      0x209 src/ASF/sam0/drivers/sercom/sercom.o
 .debug_macro   0x000015ca       0x10 src/ASF/sam0/drivers/sercom/sercom.o
 .debug_macro   0x000015da       0x76 src/ASF/sam0/drivers/sercom/sercom.o
 .debug_macro   0x00001650       0x16 src/ASF/sam0/drivers/sercom/sercom.o
 .debug_macro   0x00001666      0x6e5 src/ASF/sam0/drivers/sercom/sercom.o
 .debug_macro   0x00001d4b      0xde2 src/ASF/sam0/drivers/sercom/sercom.o
 .debug_macro   0x00002b2d       0x22 src/ASF/sam0/drivers/sercom/sercom.o
 .debug_macro   0x00002b4f       0x40 src/ASF/sam0/drivers/sercom/sercom.o
 .debug_macro   0x00002b8f       0x3a src/ASF/sam0/drivers/sercom/sercom.o
 .debug_macro   0x00002bc9      0x24f src/ASF/sam0/drivers/sercom/sercom.o
 .debug_macro   0x00002e18      0x682 src/ASF/sam0/drivers/sercom/sercom.o
 .debug_macro   0x0000349a      0x8c1 src/ASF/sam0/drivers/sercom/sercom.o
 .debug_macro   0x00003d5b      0x235 src/ASF/sam0/drivers/sercom/sercom.o
 .debug_macro   0x00003f90      0xd6d src/ASF/sam0/drivers/sercom/sercom.o
 .debug_macro   0x00004cfd      0x4ce src/ASF/sam0/drivers/sercom/sercom.o
 .debug_macro   0x000051cb      0x9fb src/ASF/sam0/drivers/sercom/sercom.o
 .debug_macro   0x00005bc6      0x82e src/ASF/sam0/drivers/sercom/sercom.o
 .debug_macro   0x000063f4      0x462 src/ASF/sam0/drivers/sercom/sercom.o
 .debug_macro   0x00006856       0x5e src/ASF/sam0/drivers/sercom/sercom.o
 .debug_macro   0x000068b4      0x907 src/ASF/sam0/drivers/sercom/sercom.o
 .debug_macro   0x000071bb      0x226 src/ASF/sam0/drivers/sercom/sercom.o
 .debug_macro   0x000073e1      0x913 src/ASF/sam0/drivers/sercom/sercom.o
 .debug_macro   0x00007cf4       0x5e src/ASF/sam0/drivers/sercom/sercom.o
 .debug_macro   0x00007d52      0x636 src/ASF/sam0/drivers/sercom/sercom.o
 .debug_macro   0x00008388      0x3b8 src/ASF/sam0/drivers/sercom/sercom.o
 .debug_macro   0x00008740      0xc55 src/ASF/sam0/drivers/sercom/sercom.o
 .debug_macro   0x00009395     0x1093 src/ASF/sam0/drivers/sercom/sercom.o
 .debug_macro   0x0000a428      0xc4a src/ASF/sam0/drivers/sercom/sercom.o
 .debug_macro   0x0000b072      0x6c2 src/ASF/sam0/drivers/sercom/sercom.o
 .debug_macro   0x0000b734     0x1b4e src/ASF/sam0/drivers/sercom/sercom.o
 .debug_macro   0x0000d282     0x144d src/ASF/sam0/drivers/sercom/sercom.o
 .debug_macro   0x0000e6cf      0x351 src/ASF/sam0/drivers/sercom/sercom.o
 .debug_macro   0x0000ea20       0x7c src/ASF/sam0/drivers/sercom/sercom.o
 .debug_macro   0x0000ea9c       0xa0 src/ASF/sam0/drivers/sercom/sercom.o
 .debug_macro   0x0000eb3c       0x4c src/ASF/sam0/drivers/sercom/sercom.o
 .debug_macro   0x0000eb88       0xca src/ASF/sam0/drivers/sercom/sercom.o
 .debug_macro   0x0000ec52       0x94 src/ASF/sam0/drivers/sercom/sercom.o
 .debug_macro   0x0000ece6       0x58 src/ASF/sam0/drivers/sercom/sercom.o
 .debug_macro   0x0000ed3e      0x367 src/ASF/sam0/drivers/sercom/sercom.o
 .debug_macro   0x0000f0a5       0x82 src/ASF/sam0/drivers/sercom/sercom.o
 .debug_macro   0x0000f127      0x19a src/ASF/sam0/drivers/sercom/sercom.o
 .debug_macro   0x0000f2c1       0xb8 src/ASF/sam0/drivers/sercom/sercom.o
 .debug_macro   0x0000f379       0xa0 src/ASF/sam0/drivers/sercom/sercom.o
 .debug_macro   0x0000f419       0xb8 src/ASF/sam0/drivers/sercom/sercom.o
 .debug_macro   0x0000f4d1       0x1c src/ASF/sam0/drivers/sercom/sercom.o
 .debug_macro   0x0000f4ed       0x1c src/ASF/sam0/drivers/sercom/sercom.o
 .debug_macro   0x0000f509       0x1c src/ASF/sam0/drivers/sercom/sercom.o
 .debug_macro   0x0000f525       0x7c src/ASF/sam0/drivers/sercom/sercom.o
 .debug_macro   0x0000f5a1      0x164 src/ASF/sam0/drivers/sercom/sercom.o
 .debug_macro   0x0000f705       0xdc src/ASF/sam0/drivers/sercom/sercom.o
 .debug_macro   0x0000f7e1      0x132 src/ASF/sam0/drivers/sercom/sercom.o
 .debug_macro   0x0000f913      0x132 src/ASF/sam0/drivers/sercom/sercom.o
 .debug_macro   0x0000fa45      0x132 src/ASF/sam0/drivers/sercom/sercom.o
 .debug_macro   0x0000fb77      0x132 src/ASF/sam0/drivers/sercom/sercom.o
 .debug_macro   0x0000fca9      0x132 src/ASF/sam0/drivers/sercom/sercom.o
 .debug_macro   0x0000fddb      0x132 src/ASF/sam0/drivers/sercom/sercom.o
 .debug_macro   0x0000ff0d      0x11e src/ASF/sam0/drivers/sercom/sercom.o
 .debug_macro   0x0001002b       0xe2 src/ASF/sam0/drivers/sercom/sercom.o
 .debug_macro   0x0001010d       0xe2 src/ASF/sam0/drivers/sercom/sercom.o
 .debug_macro   0x000101ef       0xe2 src/ASF/sam0/drivers/sercom/sercom.o
 .debug_macro   0x000102d1       0xe2 src/ASF/sam0/drivers/sercom/sercom.o
 .debug_macro   0x000103b3       0xe2 src/ASF/sam0/drivers/sercom/sercom.o
 .debug_macro   0x00010495      0x12f src/ASF/sam0/drivers/sercom/sercom.o
 .debug_macro   0x000105c4      0x100 src/ASF/sam0/drivers/sercom/sercom.o
 .debug_macro   0x000106c4       0xf4 src/ASF/sam0/drivers/sercom/sercom.o
 .debug_macro   0x000107b8      0x40f src/ASF/sam0/drivers/sercom/sercom.o
 .debug_macro   0x00010bc7       0x40 src/ASF/sam0/drivers/sercom/sercom.o
 .debug_macro   0x00010c07      0x37d src/ASF/sam0/drivers/sercom/sercom.o
 .debug_macro   0x00010f84     0x1e5c src/ASF/sam0/drivers/sercom/sercom.o
 .debug_macro   0x00012de0       0x51 src/ASF/sam0/drivers/sercom/sercom.o
 .debug_macro   0x00012e31       0x58 src/ASF/sam0/drivers/sercom/sercom.o
 .debug_macro   0x00012e89       0x35 src/ASF/sam0/drivers/sercom/sercom.o
 .debug_macro   0x00012ebe       0xa3 src/ASF/sam0/drivers/sercom/sercom.o
 .debug_macro   0x00012f61       0x16 src/ASF/sam0/drivers/sercom/sercom.o
 .debug_macro   0x00012f77       0x35 src/ASF/sam0/drivers/sercom/sercom.o
 .debug_macro   0x00012fac       0x10 src/ASF/sam0/drivers/sercom/sercom.o
 .debug_macro   0x00012fbc       0x52 src/ASF/sam0/drivers/sercom/sercom.o
 .debug_macro   0x0001300e       0x16 src/ASF/sam0/drivers/sercom/sercom.o
 .debug_macro   0x00013024       0x43 src/ASF/sam0/drivers/sercom/sercom.o
 .debug_macro   0x00013067      0x180 src/ASF/sam0/drivers/sercom/sercom.o
 .debug_macro   0x000131e7       0x10 src/ASF/sam0/drivers/sercom/sercom.o
 .debug_macro   0x000131f7       0x22 src/ASF/sam0/drivers/sercom/sercom.o
 .debug_macro   0x00013219       0xbd src/ASF/sam0/drivers/sercom/sercom.o
 .debug_macro   0x000132d6       0x16 src/ASF/sam0/drivers/sercom/sercom.o
 .debug_macro   0x000132ec      0x16c src/ASF/sam0/drivers/sercom/sercom.o
 .debug_macro   0x00013458       0x16 src/ASF/sam0/drivers/sercom/sercom.o
 .debug_macro   0x0001346e       0x16 src/ASF/sam0/drivers/sercom/sercom.o
 .debug_macro   0x00013484       0x29 src/ASF/sam0/drivers/sercom/sercom.o
 .debug_macro   0x000134ad       0x51 src/ASF/sam0/drivers/sercom/sercom.o
 .debug_macro   0x000134fe       0x3f src/ASF/sam0/drivers/sercom/sercom.o
 .debug_macro   0x0001353d      0x3df src/ASF/sam0/drivers/sercom/sercom.o
 .debug_macro   0x0001391c       0x11 src/ASF/sam0/drivers/sercom/sercom.o
 .debug_macro   0x0001392d       0x11 src/ASF/sam0/drivers/sercom/sercom.o
 .debug_macro   0x0001393e       0x2e src/ASF/sam0/drivers/sercom/sercom.o
 .debug_macro   0x0001396c       0xb2 src/ASF/sam0/drivers/sercom/sercom.o
 .debug_macro   0x00013a1e       0x10 src/ASF/sam0/drivers/sercom/sercom.o
 .debug_macro   0x00013a2e      0x46a src/ASF/sam0/utils/stdio/read.o
 .debug_macro   0x00013e98      0x46a src/ASF/sam0/utils/stdio/write.o
 .debug_macro   0x00014302      0x509 src/ASF/sam0/drivers/sercom/usart/usart.o
 .debug_macro   0x0001480b       0x51 src/ASF/sam0/drivers/sercom/usart/usart.o
 .debug_macro   0x0001485c      0x509 src/ASF/sam0/drivers/sercom/usart/usart_interrupt.o
 .debug_macro   0x00014d65      0x4f5 src/ASF/sam0/drivers/sercom/sercom_interrupt.o
 .debug_macro   0x0001525a      0x46a src/ASF/common/utils/interrupt/interrupt_sam_nvic.o
 .debug_macro   0x000156c4      0x4a6 src/ASF/sam0/boards/samd21_xplained_pro/board_init.o
 .debug_macro   0x00015b6a      0x248 src/ASF/sam0/boards/samd21_xplained_pro/board_init.o
 .debug_macro   0x00015db2      0x9f7 src/ASF/sam0/boards/samd21_xplained_pro/board_init.o
 .debug_macro   0x000167a9       0x12 src/ASF/sam0/boards/samd21_xplained_pro/board_init.o
 .debug_macro   0x000167bb      0x4d1 src/ASF/sam0/drivers/adc/adc_sam_d_r/adc.o
 .debug_macro   0x00016c8c       0x19 src/ASF/sam0/drivers/adc/adc_sam_d_r/adc.o
 .debug_macro   0x00016ca5      0x484 src/ASF/sam0/drivers/port/port.o
 .debug_macro   0x00017129      0x4dc src/ASF/sam0/drivers/system/clock/clock_samd21_r21/clock.o
 .debug_macro   0x00017605      0x26c src/ASF/sam0/drivers/system/clock/clock_samd21_r21/clock.o
 .debug_macro   0x00017871      0x4a0 src/ASF/sam0/drivers/system/clock/clock_samd21_r21/gclk.o
 .debug_macro   0x00017d11      0x47c src/ASF/sam0/drivers/system/pinmux/pinmux.o
 .debug_macro   0x0001818d      0x4ae src/ASF/sam0/drivers/system/system.o
 .debug_macro   0x0001863b      0x2d7 src/ASF/sam0/utils/cmsis/samd21/source/gcc/startup_samd21.o
 .debug_macro   0x00018912       0x3a src/ASF/sam0/utils/cmsis/samd21/source/gcc/startup_samd21.o
 .debug_macro   0x0001894c      0x129 src/ASF/sam0/utils/syscalls/gcc/syscalls.o
 .debug_macro   0x00018a75       0x97 src/ASF/sam0/utils/syscalls/gcc/syscalls.o
 .debug_macro   0x00018b0c       0xef src/ASF/sam0/utils/syscalls/gcc/syscalls.o
 .debug_macro   0x00018bfb       0x4a src/ASF/sam0/utils/syscalls/gcc/syscalls.o
 .debug_macro   0x00018c45       0x52 src/ASF/sam0/utils/syscalls/gcc/syscalls.o
 .debug_macro   0x00018c97       0x16 src/ASF/sam0/utils/syscalls/gcc/syscalls.o
 .debug_macro   0x00018cad       0x10 src/ASF/sam0/utils/syscalls/gcc/syscalls.o
 .debug_macro   0x00018cbd       0x41 src/ASF/sam0/utils/syscalls/gcc/syscalls.o
 .debug_macro   0x00018cfe      0x120 src/ASF/sam0/utils/syscalls/gcc/syscalls.o
 .debug_macro   0x00018e1e      0x594 src/qs_adc_basic.o
 .debug_macro   0x000193b2       0x18 src/qs_adc_basic.o
 .debug_macro   0x000193ca       0x57 src/qs_adc_basic.o
 .debug_macro   0x00019421       0x34 src/qs_adc_basic.o
 .debug_macro   0x00019455       0x10 src/qs_adc_basic.o
 .debug_macro   0x00019465      0x452 src/qs_adc_basic.o

.debug_line     0x00000000     0xa726
 .debug_line    0x00000000      0xb56 src/ASF/sam0/drivers/sercom/sercom.o
 .debug_line    0x00000b56      0x846 src/ASF/sam0/utils/stdio/read.o
 .debug_line    0x0000139c      0x83c src/ASF/sam0/utils/stdio/write.o
 .debug_line    0x00001bd8      0xc95 src/ASF/sam0/drivers/sercom/usart/usart.o
 .debug_line    0x0000286d      0xc03 src/ASF/sam0/drivers/sercom/usart/usart_interrupt.o
 .debug_line    0x00003470      0xb08 src/ASF/sam0/drivers/sercom/sercom_interrupt.o
 .debug_line    0x00003f78      0x868 src/ASF/common/utils/interrupt/interrupt_sam_nvic.o
 .debug_line    0x000047e0      0x911 src/ASF/sam0/boards/samd21_xplained_pro/board_init.o
 .debug_line    0x000050f1      0xbc6 src/ASF/sam0/drivers/adc/adc_sam_d_r/adc.o
 .debug_line    0x00005cb7      0x896 src/ASF/sam0/drivers/port/port.o
 .debug_line    0x0000654d      0xbca src/ASF/sam0/drivers/system/clock/clock_samd21_r21/clock.o
 .debug_line    0x00007117      0xc0c src/ASF/sam0/drivers/system/clock/clock_samd21_r21/gclk.o
 .debug_line    0x00007d23      0x8b4 src/ASF/sam0/drivers/system/pinmux/pinmux.o
 .debug_line    0x000085d7      0x981 src/ASF/sam0/drivers/system/system.o
 .debug_line    0x00008f58      0x669 src/ASF/sam0/utils/cmsis/samd21/source/gcc/startup_samd21.o
 .debug_line    0x000095c1      0x39d src/ASF/sam0/utils/syscalls/gcc/syscalls.o
 .debug_line    0x0000995e      0xdc8 src/qs_adc_basic.o

.debug_str      0x00000000    0x8acbb
 .debug_str     0x00000000    0x7f466 src/ASF/sam0/drivers/sercom/sercom.o
                              0x7fd82 (size before relaxing)
 .debug_str     0x0007f466       0x3d src/ASF/sam0/utils/stdio/read.o
                              0x7e6c2 (size before relaxing)
 .debug_str     0x0007f4a3       0x33 src/ASF/sam0/utils/stdio/write.o
                              0x7e6c4 (size before relaxing)
 .debug_str     0x0007f4d6     0x1092 src/ASF/sam0/drivers/sercom/usart/usart.o
                              0x80a43 (size before relaxing)
 .debug_str     0x00080568      0x198 src/ASF/sam0/drivers/sercom/usart/usart_interrupt.o
                              0x7fd31 (size before relaxing)
 .debug_str     0x00080700      0x55c src/ASF/sam0/drivers/sercom/sercom_interrupt.o
                              0x7fc2d (size before relaxing)
 .debug_str     0x00080c5c       0x94 src/ASF/common/utils/interrupt/interrupt_sam_nvic.o
                              0x7e715 (size before relaxing)
 .debug_str     0x00080cf0     0x3ae4 src/ASF/sam0/boards/samd21_xplained_pro/board_init.o
                              0x82218 (size before relaxing)
 .debug_str     0x000847d4     0x12d7 src/ASF/sam0/drivers/adc/adc_sam_d_r/adc.o
                              0x80333 (size before relaxing)
 .debug_str     0x00085aab       0x53 src/ASF/sam0/drivers/port/port.o
                              0x7eadf (size before relaxing)
 .debug_str     0x00085afe     0x22cb src/ASF/sam0/drivers/system/clock/clock_samd21_r21/clock.o
                              0x81672 (size before relaxing)
 .debug_str     0x00087dc9      0x2d2 src/ASF/sam0/drivers/system/clock/clock_samd21_r21/gclk.o
                              0x7f364 (size before relaxing)
 .debug_str     0x0008809b      0x130 src/ASF/sam0/drivers/system/pinmux/pinmux.o
                              0x7eb0c (size before relaxing)
 .debug_str     0x000881cb       0x47 src/ASF/sam0/drivers/system/system.o
                              0x7e79a (size before relaxing)
 .debug_str     0x00088212      0xeec src/ASF/sam0/utils/cmsis/samd21/source/gcc/startup_samd21.o
                              0x6d782 (size before relaxing)
 .debug_str     0x000890fe      0x742 src/ASF/sam0/utils/syscalls/gcc/syscalls.o
                               0x4e2f (size before relaxing)
 .debug_str     0x00089840     0x147b src/qs_adc_basic.o
                              0x862bd (size before relaxing)

.debug_frame    0x00000000     0x1144
 .debug_frame   0x00000000       0xa0 src/ASF/sam0/drivers/sercom/sercom.o
 .debug_frame   0x000000a0       0x34 src/ASF/sam0/utils/stdio/read.o
 .debug_frame   0x000000d4       0x34 src/ASF/sam0/utils/stdio/write.o
 .debug_frame   0x00000108       0xc0 src/ASF/sam0/drivers/sercom/usart/usart.o
 .debug_frame   0x000001c8       0xe8 src/ASF/sam0/drivers/sercom/usart/usart_interrupt.o
 .debug_frame   0x000002b0       0xec src/ASF/sam0/drivers/sercom/sercom_interrupt.o
 .debug_frame   0x0000039c       0x30 src/ASF/common/utils/interrupt/interrupt_sam_nvic.o
 .debug_frame   0x000003cc       0x30 src/ASF/sam0/boards/samd21_xplained_pro/board_init.o
 .debug_frame   0x000003fc       0x70 src/ASF/sam0/drivers/adc/adc_sam_d_r/adc.o
 .debug_frame   0x0000046c       0x44 src/ASF/sam0/drivers/port/port.o
 .debug_frame   0x000004b0      0x14c src/ASF/sam0/drivers/system/clock/clock_samd21_r21/clock.o
 .debug_frame   0x000005fc      0x14c src/ASF/sam0/drivers/system/clock/clock_samd21_r21/gclk.o
 .debug_frame   0x00000748       0x7c src/ASF/sam0/drivers/system/pinmux/pinmux.o
 .debug_frame   0x000007c4       0x38 src/ASF/sam0/drivers/system/system.o
 .debug_frame   0x000007fc       0x3c src/ASF/sam0/utils/cmsis/samd21/source/gcc/startup_samd21.o
 .debug_frame   0x00000838       0xa8 src/ASF/sam0/utils/syscalls/gcc/syscalls.o
 .debug_frame   0x000008e0       0x88 src/qs_adc_basic.o
 .debug_frame   0x00000968       0x20 d:/program files (x86)/atmel/atmel toolchain/arm gcc/native/4.8.1437/arm-gnu-toolchain/bin/../lib/gcc/arm-none-eabi/4.8.4/armv6-m\libgcc.a(_udivsi3.o)
 .debug_frame   0x00000988       0x30 d:/program files (x86)/atmel/atmel toolchain/arm gcc/native/4.8.1437/arm-gnu-toolchain/bin/../lib/gcc/arm-none-eabi/4.8.4/armv6-m\libgcc.a(_muldi3.o)
 .debug_frame   0x000009b8       0x2c d:/program files (x86)/atmel/atmel toolchain/arm gcc/native/4.8.1437/arm-gnu-toolchain/bin/../lib/gcc/arm-none-eabi/4.8.4/../../../../arm-none-eabi/lib/armv6-m\libc_s.a(lib_a-init.o)
 .debug_frame   0x000009e4       0x28 d:/program files (x86)/atmel/atmel toolchain/arm gcc/native/4.8.1437/arm-gnu-toolchain/bin/../lib/gcc/arm-none-eabi/4.8.4/../../../../arm-none-eabi/lib/armv6-m\libc_s.a(lib_a-memcpy-stub.o)
 .debug_frame   0x00000a0c       0x20 d:/program files (x86)/atmel/atmel toolchain/arm gcc/native/4.8.1437/arm-gnu-toolchain/bin/../lib/gcc/arm-none-eabi/4.8.4/../../../../arm-none-eabi/lib/armv6-m\libc_s.a(lib_a-memset.o)
 .debug_frame   0x00000a2c       0x50 d:/program files (x86)/atmel/atmel toolchain/arm gcc/native/4.8.1437/arm-gnu-toolchain/bin/../lib/gcc/arm-none-eabi/4.8.4/../../../../arm-none-eabi/lib/armv6-m\libc_s.a(lib_a-printf.o)
 .debug_frame   0x00000a7c       0x44 d:/program files (x86)/atmel/atmel toolchain/arm gcc/native/4.8.1437/arm-gnu-toolchain/bin/../lib/gcc/arm-none-eabi/4.8.4/../../../../arm-none-eabi/lib/armv6-m\libc_s.a(lib_a-puts.o)
 .debug_frame   0x00000ac0       0x28 d:/program files (x86)/atmel/atmel toolchain/arm gcc/native/4.8.1437/arm-gnu-toolchain/bin/../lib/gcc/arm-none-eabi/4.8.4/../../../../arm-none-eabi/lib/armv6-m\libc_s.a(lib_a-setbuf.o)
 .debug_frame   0x00000ae8       0x34 d:/program files (x86)/atmel/atmel toolchain/arm gcc/native/4.8.1437/arm-gnu-toolchain/bin/../lib/gcc/arm-none-eabi/4.8.4/../../../../arm-none-eabi/lib/armv6-m\libc_s.a(lib_a-setvbuf.o)
 .debug_frame   0x00000b1c       0xa0 d:/program files (x86)/atmel/atmel toolchain/arm gcc/native/4.8.1437/arm-gnu-toolchain/bin/../lib/gcc/arm-none-eabi/4.8.4/../../../../arm-none-eabi/lib/armv6-m\libc_s.a(lib_a-vfprintf.o)
 .debug_frame   0x00000bbc       0x54 d:/program files (x86)/atmel/atmel toolchain/arm gcc/native/4.8.1437/arm-gnu-toolchain/bin/../lib/gcc/arm-none-eabi/4.8.4/../../../../arm-none-eabi/lib/armv6-m\libc_s.a(lib_a-vfprintf_i.o)
 .debug_frame   0x00000c10       0x44 d:/program files (x86)/atmel/atmel toolchain/arm gcc/native/4.8.1437/arm-gnu-toolchain/bin/../lib/gcc/arm-none-eabi/4.8.4/../../../../arm-none-eabi/lib/armv6-m\libc_s.a(lib_a-wbuf.o)
 .debug_frame   0x00000c54       0x2c d:/program files (x86)/atmel/atmel toolchain/arm gcc/native/4.8.1437/arm-gnu-toolchain/bin/../lib/gcc/arm-none-eabi/4.8.4/../../../../arm-none-eabi/lib/armv6-m\libc_s.a(lib_a-wsetup.o)
 .debug_frame   0x00000c80       0x68 d:/program files (x86)/atmel/atmel toolchain/arm gcc/native/4.8.1437/arm-gnu-toolchain/bin/../lib/gcc/arm-none-eabi/4.8.4/../../../../arm-none-eabi/lib/armv6-m\libc_s.a(lib_a-fflush.o)
 .debug_frame   0x00000ce8      0x148 d:/program files (x86)/atmel/atmel toolchain/arm gcc/native/4.8.1437/arm-gnu-toolchain/bin/../lib/gcc/arm-none-eabi/4.8.4/../../../../arm-none-eabi/lib/armv6-m\libc_s.a(lib_a-findfp.o)
 .debug_frame   0x00000e30       0x30 d:/program files (x86)/atmel/atmel toolchain/arm gcc/native/4.8.1437/arm-gnu-toolchain/bin/../lib/gcc/arm-none-eabi/4.8.4/../../../../arm-none-eabi/lib/armv6-m\libc_s.a(lib_a-makebuf.o)
 .debug_frame   0x00000e60       0x40 d:/program files (x86)/atmel/atmel toolchain/arm gcc/native/4.8.1437/arm-gnu-toolchain/bin/../lib/gcc/arm-none-eabi/4.8.4/../../../../arm-none-eabi/lib/armv6-m\libc_s.a(lib_a-malloc.o)
 .debug_frame   0x00000ea0       0x20 d:/program files (x86)/atmel/atmel toolchain/arm gcc/native/4.8.1437/arm-gnu-toolchain/bin/../lib/gcc/arm-none-eabi/4.8.4/../../../../arm-none-eabi/lib/armv6-m\libc_s.a(lib_a-memchr-stub.o)
 .debug_frame   0x00000ec0       0x2c d:/program files (x86)/atmel/atmel toolchain/arm gcc/native/4.8.1437/arm-gnu-toolchain/bin/../lib/gcc/arm-none-eabi/4.8.4/../../../../arm-none-eabi/lib/armv6-m\libc_s.a(lib_a-nano-freer.o)
 .debug_frame   0x00000eec       0x2c d:/program files (x86)/atmel/atmel toolchain/arm gcc/native/4.8.1437/arm-gnu-toolchain/bin/../lib/gcc/arm-none-eabi/4.8.4/../../../../arm-none-eabi/lib/armv6-m\libc_s.a(lib_a-nano-mallocr.o)
 .debug_frame   0x00000f18       0x2c d:/program files (x86)/atmel/atmel toolchain/arm gcc/native/4.8.1437/arm-gnu-toolchain/bin/../lib/gcc/arm-none-eabi/4.8.4/../../../../arm-none-eabi/lib/armv6-m\libc_s.a(lib_a-sbrkr.o)
 .debug_frame   0x00000f44       0x90 d:/program files (x86)/atmel/atmel toolchain/arm gcc/native/4.8.1437/arm-gnu-toolchain/bin/../lib/gcc/arm-none-eabi/4.8.4/../../../../arm-none-eabi/lib/armv6-m\libc_s.a(lib_a-stdio.o)
 .debug_frame   0x00000fd4       0x20 d:/program files (x86)/atmel/atmel toolchain/arm gcc/native/4.8.1437/arm-gnu-toolchain/bin/../lib/gcc/arm-none-eabi/4.8.4/../../../../arm-none-eabi/lib/armv6-m\libc_s.a(lib_a-strlen.o)
 .debug_frame   0x00000ff4       0x2c d:/program files (x86)/atmel/atmel toolchain/arm gcc/native/4.8.1437/arm-gnu-toolchain/bin/../lib/gcc/arm-none-eabi/4.8.4/../../../../arm-none-eabi/lib/armv6-m\libc_s.a(lib_a-writer.o)
 .debug_frame   0x00001020       0x2c d:/program files (x86)/atmel/atmel toolchain/arm gcc/native/4.8.1437/arm-gnu-toolchain/bin/../lib/gcc/arm-none-eabi/4.8.4/../../../../arm-none-eabi/lib/armv6-m\libc_s.a(lib_a-closer.o)
 .debug_frame   0x0000104c       0x2c d:/program files (x86)/atmel/atmel toolchain/arm gcc/native/4.8.1437/arm-gnu-toolchain/bin/../lib/gcc/arm-none-eabi/4.8.4/../../../../arm-none-eabi/lib/armv6-m\libc_s.a(lib_a-fstatr.o)
 .debug_frame   0x00001078       0x2c d:/program files (x86)/atmel/atmel toolchain/arm gcc/native/4.8.1437/arm-gnu-toolchain/bin/../lib/gcc/arm-none-eabi/4.8.4/../../../../arm-none-eabi/lib/armv6-m\libc_s.a(lib_a-isattyr.o)
 .debug_frame   0x000010a4       0x2c d:/program files (x86)/atmel/atmel toolchain/arm gcc/native/4.8.1437/arm-gnu-toolchain/bin/../lib/gcc/arm-none-eabi/4.8.4/../../../../arm-none-eabi/lib/armv6-m\libc_s.a(lib_a-lseekr.o)
 .debug_frame   0x000010d0       0x2c d:/program files (x86)/atmel/atmel toolchain/arm gcc/native/4.8.1437/arm-gnu-toolchain/bin/../lib/gcc/arm-none-eabi/4.8.4/../../../../arm-none-eabi/lib/armv6-m\libc_s.a(lib_a-readr.o)
 .debug_frame   0x000010fc       0x48 d:/program files (x86)/atmel/atmel toolchain/arm gcc/native/4.8.1437/arm-gnu-toolchain/bin/../lib/gcc/arm-none-eabi/4.8.4/../../../../arm-none-eabi/lib/armv6-m\libc_s.a(lib_a-reent.o)

Cross Reference Table

Symbol                                            File
AC_Handler                                        src/ASF/sam0/utils/cmsis/samd21/source/gcc/startup_samd21.o
ADC_Handler                                       src/ASF/sam0/utils/cmsis/samd21/source/gcc/startup_samd21.o
DAC_Handler                                       src/ASF/sam0/utils/cmsis/samd21/source/gcc/startup_samd21.o
DMAC_Handler                                      src/ASF/sam0/utils/cmsis/samd21/source/gcc/startup_samd21.o
Dummy_Handler                                     src/ASF/sam0/utils/cmsis/samd21/source/gcc/startup_samd21.o
EIC_Handler                                       src/ASF/sam0/utils/cmsis/samd21/source/gcc/startup_samd21.o
EVSYS_Handler                                     src/ASF/sam0/utils/cmsis/samd21/source/gcc/startup_samd21.o
HardFault_Handler                                 src/ASF/sam0/utils/cmsis/samd21/source/gcc/startup_samd21.o
I2S_Handler                                       src/ASF/sam0/utils/cmsis/samd21/source/gcc/startup_samd21.o
NMI_Handler                                       src/ASF/sam0/utils/cmsis/samd21/source/gcc/startup_samd21.o
NVMCTRL_Handler                                   src/ASF/sam0/utils/cmsis/samd21/source/gcc/startup_samd21.o
PM_Handler                                        src/ASF/sam0/utils/cmsis/samd21/source/gcc/startup_samd21.o
PTC_Handler                                       src/ASF/sam0/utils/cmsis/samd21/source/gcc/startup_samd21.o
PendSV_Handler                                    src/ASF/sam0/utils/cmsis/samd21/source/gcc/startup_samd21.o
RTC_Handler                                       src/ASF/sam0/utils/cmsis/samd21/source/gcc/startup_samd21.o
Reset_Handler                                     src/ASF/sam0/utils/cmsis/samd21/source/gcc/startup_samd21.o
SERCOM0_Handler                                   src/ASF/sam0/drivers/sercom/sercom_interrupt.o
SERCOM1_Handler                                   src/ASF/sam0/drivers/sercom/sercom_interrupt.o
SERCOM2_Handler                                   src/ASF/sam0/drivers/sercom/sercom_interrupt.o
SERCOM3_Handler                                   src/ASF/sam0/drivers/sercom/sercom_interrupt.o
SERCOM4_Handler                                   src/ASF/sam0/drivers/sercom/sercom_interrupt.o
SERCOM5_Handler                                   src/ASF/sam0/drivers/sercom/sercom_interrupt.o
SVC_Handler                                       src/ASF/sam0/utils/cmsis/samd21/source/gcc/startup_samd21.o
SYSCTRL_Handler                                   src/ASF/sam0/utils/cmsis/samd21/source/gcc/startup_samd21.o
SysTick_Handler                                   src/ASF/sam0/utils/cmsis/samd21/source/gcc/startup_samd21.o
SystemCoreClock                                   src/ASF/sam0/utils/cmsis/samd21/source/system_samd21.o
SystemCoreClockUpdate                             src/ASF/sam0/utils/cmsis/samd21/source/system_samd21.o
SystemInit                                        src/ASF/sam0/utils/cmsis/samd21/source/system_samd21.o
TC3_Handler                                       src/ASF/sam0/utils/cmsis/samd21/source/gcc/startup_samd21.o
TC4_Handler                                       src/ASF/sam0/utils/cmsis/samd21/source/gcc/startup_samd21.o
TC5_Handler                                       src/ASF/sam0/utils/cmsis/samd21/source/gcc/startup_samd21.o
TC6_Handler                                       src/ASF/sam0/utils/cmsis/samd21/source/gcc/startup_samd21.o
TC7_Handler                                       src/ASF/sam0/utils/cmsis/samd21/source/gcc/startup_samd21.o
TCC0_Handler                                      src/ASF/sam0/utils/cmsis/samd21/source/gcc/startup_samd21.o
TCC1_Handler                                      src/ASF/sam0/utils/cmsis/samd21/source/gcc/startup_samd21.o
TCC2_Handler                                      src/ASF/sam0/utils/cmsis/samd21/source/gcc/startup_samd21.o
USB_Handler                                       src/ASF/sam0/utils/cmsis/samd21/source/gcc/startup_samd21.o
WDT_Handler                                       src/ASF/sam0/utils/cmsis/samd21/source/gcc/startup_samd21.o
_Jv_RegisterClasses                               d:/program files (x86)/atmel/atmel toolchain/arm gcc/native/4.8.1437/arm-gnu-toolchain/bin/../lib/gcc/arm-none-eabi/4.8.4/armv6-m/crtbegin.o
__aeabi_idiv                                      d:/program files (x86)/atmel/atmel toolchain/arm gcc/native/4.8.1437/arm-gnu-toolchain/bin/../lib/gcc/arm-none-eabi/4.8.4/armv6-m\libgcc.a(_divsi3.o)
                                                  d:/program files (x86)/atmel/atmel toolchain/arm gcc/native/4.8.1437/arm-gnu-toolchain/bin/../lib/gcc/arm-none-eabi/4.8.4/../../../../arm-none-eabi/lib/armv6-m\libc_s.a(lib_a-fvwrite.o)
__aeabi_idiv0                                     d:/program files (x86)/atmel/atmel toolchain/arm gcc/native/4.8.1437/arm-gnu-toolchain/bin/../lib/gcc/arm-none-eabi/4.8.4/armv6-m\libgcc.a(_dvmd_tls.o)
                                                  d:/program files (x86)/atmel/atmel toolchain/arm gcc/native/4.8.1437/arm-gnu-toolchain/bin/../lib/gcc/arm-none-eabi/4.8.4/armv6-m\libgcc.a(_divsi3.o)
                                                  d:/program files (x86)/atmel/atmel toolchain/arm gcc/native/4.8.1437/arm-gnu-toolchain/bin/../lib/gcc/arm-none-eabi/4.8.4/armv6-m\libgcc.a(_udivsi3.o)
__aeabi_idivmod                                   d:/program files (x86)/atmel/atmel toolchain/arm gcc/native/4.8.1437/arm-gnu-toolchain/bin/../lib/gcc/arm-none-eabi/4.8.4/armv6-m\libgcc.a(_divsi3.o)
__aeabi_ldiv0                                     d:/program files (x86)/atmel/atmel toolchain/arm gcc/native/4.8.1437/arm-gnu-toolchain/bin/../lib/gcc/arm-none-eabi/4.8.4/armv6-m\libgcc.a(_dvmd_tls.o)
__aeabi_lmul                                      d:/program files (x86)/atmel/atmel toolchain/arm gcc/native/4.8.1437/arm-gnu-toolchain/bin/../lib/gcc/arm-none-eabi/4.8.4/armv6-m\libgcc.a(_muldi3.o)
                                                  src/ASF/sam0/drivers/sercom/sercom.o
__aeabi_uidiv                                     d:/program files (x86)/atmel/atmel toolchain/arm gcc/native/4.8.1437/arm-gnu-toolchain/bin/../lib/gcc/arm-none-eabi/4.8.4/armv6-m\libgcc.a(_udivsi3.o)
                                                  d:/program files (x86)/atmel/atmel toolchain/arm gcc/native/4.8.1437/arm-gnu-toolchain/bin/../lib/gcc/arm-none-eabi/4.8.4/../../../../arm-none-eabi/lib/armv6-m\libc_s.a(lib_a-vfprintf_i.o)
                                                  src/ASF/sam0/drivers/system/clock/clock_samd21_r21/gclk.o
                                                  src/ASF/sam0/drivers/system/clock/clock_samd21_r21/clock.o
__aeabi_uidivmod                                  d:/program files (x86)/atmel/atmel toolchain/arm gcc/native/4.8.1437/arm-gnu-toolchain/bin/../lib/gcc/arm-none-eabi/4.8.4/armv6-m\libgcc.a(_udivsi3.o)
                                                  d:/program files (x86)/atmel/atmel toolchain/arm gcc/native/4.8.1437/arm-gnu-toolchain/bin/../lib/gcc/arm-none-eabi/4.8.4/../../../../arm-none-eabi/lib/armv6-m\libc_s.a(lib_a-vfprintf_i.o)
__bss_end__                                       d:/program files (x86)/atmel/atmel toolchain/arm gcc/native/4.8.1437/arm-gnu-toolchain/bin/../lib/gcc/arm-none-eabi/4.8.4/../../../../arm-none-eabi/lib/armv6-m/crt0.o
__bss_start__                                     d:/program files (x86)/atmel/atmel toolchain/arm gcc/native/4.8.1437/arm-gnu-toolchain/bin/../lib/gcc/arm-none-eabi/4.8.4/../../../../arm-none-eabi/lib/armv6-m/crt0.o
__call_exitprocs                                  d:/program files (x86)/atmel/atmel toolchain/arm gcc/native/4.8.1437/arm-gnu-toolchain/bin/../lib/gcc/arm-none-eabi/4.8.4/../../../../arm-none-eabi/lib/armv6-m\libc_s.a(lib_a-exit.o)
__deregister_frame_info                           d:/program files (x86)/atmel/atmel toolchain/arm gcc/native/4.8.1437/arm-gnu-toolchain/bin/../lib/gcc/arm-none-eabi/4.8.4/armv6-m/crtbegin.o
__divsi3                                          d:/program files (x86)/atmel/atmel toolchain/arm gcc/native/4.8.1437/arm-gnu-toolchain/bin/../lib/gcc/arm-none-eabi/4.8.4/armv6-m\libgcc.a(_divsi3.o)
__dso_handle                                      d:/program files (x86)/atmel/atmel toolchain/arm gcc/native/4.8.1437/arm-gnu-toolchain/bin/../lib/gcc/arm-none-eabi/4.8.4/armv6-m/crtbegin.o
__fp_lock_all                                     d:/program files (x86)/atmel/atmel toolchain/arm gcc/native/4.8.1437/arm-gnu-toolchain/bin/../lib/gcc/arm-none-eabi/4.8.4/../../../../arm-none-eabi/lib/armv6-m\libc_s.a(lib_a-findfp.o)
__fp_unlock_all                                   d:/program files (x86)/atmel/atmel toolchain/arm gcc/native/4.8.1437/arm-gnu-toolchain/bin/../lib/gcc/arm-none-eabi/4.8.4/../../../../arm-none-eabi/lib/armv6-m\libc_s.a(lib_a-findfp.o)
__init_array_end                                  d:/program files (x86)/atmel/atmel toolchain/arm gcc/native/4.8.1437/arm-gnu-toolchain/bin/../lib/gcc/arm-none-eabi/4.8.4/../../../../arm-none-eabi/lib/armv6-m\libc_s.a(lib_a-init.o)
__init_array_start                                d:/program files (x86)/atmel/atmel toolchain/arm gcc/native/4.8.1437/arm-gnu-toolchain/bin/../lib/gcc/arm-none-eabi/4.8.4/../../../../arm-none-eabi/lib/armv6-m\libc_s.a(lib_a-init.o)
__libc_fini_array                                 d:/program files (x86)/atmel/atmel toolchain/arm gcc/native/4.8.1437/arm-gnu-toolchain/bin/../lib/gcc/arm-none-eabi/4.8.4/../../../../arm-none-eabi/lib/armv6-m/crt0.o
__libc_init_array                                 d:/program files (x86)/atmel/atmel toolchain/arm gcc/native/4.8.1437/arm-gnu-toolchain/bin/../lib/gcc/arm-none-eabi/4.8.4/../../../../arm-none-eabi/lib/armv6-m\libc_s.a(lib_a-init.o)
                                                  src/ASF/sam0/utils/cmsis/samd21/source/gcc/startup_samd21.o
                                                  d:/program files (x86)/atmel/atmel toolchain/arm gcc/native/4.8.1437/arm-gnu-toolchain/bin/../lib/gcc/arm-none-eabi/4.8.4/../../../../arm-none-eabi/lib/armv6-m/crt0.o
__malloc_free_list                                d:/program files (x86)/atmel/atmel toolchain/arm gcc/native/4.8.1437/arm-gnu-toolchain/bin/../lib/gcc/arm-none-eabi/4.8.4/../../../../arm-none-eabi/lib/armv6-m\libc_s.a(lib_a-nano-mallocr.o)
                                                  d:/program files (x86)/atmel/atmel toolchain/arm gcc/native/4.8.1437/arm-gnu-toolchain/bin/../lib/gcc/arm-none-eabi/4.8.4/../../../../arm-none-eabi/lib/armv6-m\libc_s.a(lib_a-nano-freer.o)
__malloc_sbrk_start                               d:/program files (x86)/atmel/atmel toolchain/arm gcc/native/4.8.1437/arm-gnu-toolchain/bin/../lib/gcc/arm-none-eabi/4.8.4/../../../../arm-none-eabi/lib/armv6-m\libc_s.a(lib_a-nano-mallocr.o)
__muldi3                                          d:/program files (x86)/atmel/atmel toolchain/arm gcc/native/4.8.1437/arm-gnu-toolchain/bin/../lib/gcc/arm-none-eabi/4.8.4/armv6-m\libgcc.a(_muldi3.o)
__preinit_array_end                               d:/program files (x86)/atmel/atmel toolchain/arm gcc/native/4.8.1437/arm-gnu-toolchain/bin/../lib/gcc/arm-none-eabi/4.8.4/../../../../arm-none-eabi/lib/armv6-m\libc_s.a(lib_a-init.o)
__preinit_array_start                             d:/program files (x86)/atmel/atmel toolchain/arm gcc/native/4.8.1437/arm-gnu-toolchain/bin/../lib/gcc/arm-none-eabi/4.8.4/../../../../arm-none-eabi/lib/armv6-m\libc_s.a(lib_a-init.o)
__register_frame_info                             d:/program files (x86)/atmel/atmel toolchain/arm gcc/native/4.8.1437/arm-gnu-toolchain/bin/../lib/gcc/arm-none-eabi/4.8.4/armv6-m/crtbegin.o
__sclose                                          d:/program files (x86)/atmel/atmel toolchain/arm gcc/native/4.8.1437/arm-gnu-toolchain/bin/../lib/gcc/arm-none-eabi/4.8.4/../../../../arm-none-eabi/lib/armv6-m\libc_s.a(lib_a-stdio.o)
                                                  d:/program files (x86)/atmel/atmel toolchain/arm gcc/native/4.8.1437/arm-gnu-toolchain/bin/../lib/gcc/arm-none-eabi/4.8.4/../../../../arm-none-eabi/lib/armv6-m\libc_s.a(lib_a-findfp.o)
__seofread                                        d:/program files (x86)/atmel/atmel toolchain/arm gcc/native/4.8.1437/arm-gnu-toolchain/bin/../lib/gcc/arm-none-eabi/4.8.4/../../../../arm-none-eabi/lib/armv6-m\libc_s.a(lib_a-stdio.o)
__sf_fake_stderr                                  d:/program files (x86)/atmel/atmel toolchain/arm gcc/native/4.8.1437/arm-gnu-toolchain/bin/../lib/gcc/arm-none-eabi/4.8.4/../../../../arm-none-eabi/lib/armv6-m\libc_s.a(lib_a-findfp.o)
                                                  d:/program files (x86)/atmel/atmel toolchain/arm gcc/native/4.8.1437/arm-gnu-toolchain/bin/../lib/gcc/arm-none-eabi/4.8.4/../../../../arm-none-eabi/lib/armv6-m\libc_s.a(lib_a-fflush.o)
                                                  d:/program files (x86)/atmel/atmel toolchain/arm gcc/native/4.8.1437/arm-gnu-toolchain/bin/../lib/gcc/arm-none-eabi/4.8.4/../../../../arm-none-eabi/lib/armv6-m\libc_s.a(lib_a-wsetup.o)
                                                  d:/program files (x86)/atmel/atmel toolchain/arm gcc/native/4.8.1437/arm-gnu-toolchain/bin/../lib/gcc/arm-none-eabi/4.8.4/../../../../arm-none-eabi/lib/armv6-m\libc_s.a(lib_a-wbuf.o)
                                                  d:/program files (x86)/atmel/atmel toolchain/arm gcc/native/4.8.1437/arm-gnu-toolchain/bin/../lib/gcc/arm-none-eabi/4.8.4/../../../../arm-none-eabi/lib/armv6-m\libc_s.a(lib_a-vfprintf.o)
                                                  d:/program files (x86)/atmel/atmel toolchain/arm gcc/native/4.8.1437/arm-gnu-toolchain/bin/../lib/gcc/arm-none-eabi/4.8.4/../../../../arm-none-eabi/lib/armv6-m\libc_s.a(lib_a-setvbuf.o)
                                                  d:/program files (x86)/atmel/atmel toolchain/arm gcc/native/4.8.1437/arm-gnu-toolchain/bin/../lib/gcc/arm-none-eabi/4.8.4/../../../../arm-none-eabi/lib/armv6-m\libc_s.a(lib_a-impure.o)
__sf_fake_stdin                                   d:/program files (x86)/atmel/atmel toolchain/arm gcc/native/4.8.1437/arm-gnu-toolchain/bin/../lib/gcc/arm-none-eabi/4.8.4/../../../../arm-none-eabi/lib/armv6-m\libc_s.a(lib_a-findfp.o)
                                                  d:/program files (x86)/atmel/atmel toolchain/arm gcc/native/4.8.1437/arm-gnu-toolchain/bin/../lib/gcc/arm-none-eabi/4.8.4/../../../../arm-none-eabi/lib/armv6-m\libc_s.a(lib_a-fflush.o)
                                                  d:/program files (x86)/atmel/atmel toolchain/arm gcc/native/4.8.1437/arm-gnu-toolchain/bin/../lib/gcc/arm-none-eabi/4.8.4/../../../../arm-none-eabi/lib/armv6-m\libc_s.a(lib_a-wsetup.o)
                                                  d:/program files (x86)/atmel/atmel toolchain/arm gcc/native/4.8.1437/arm-gnu-toolchain/bin/../lib/gcc/arm-none-eabi/4.8.4/../../../../arm-none-eabi/lib/armv6-m\libc_s.a(lib_a-wbuf.o)
                                                  d:/program files (x86)/atmel/atmel toolchain/arm gcc/native/4.8.1437/arm-gnu-toolchain/bin/../lib/gcc/arm-none-eabi/4.8.4/../../../../arm-none-eabi/lib/armv6-m\libc_s.a(lib_a-vfprintf.o)
                                                  d:/program files (x86)/atmel/atmel toolchain/arm gcc/native/4.8.1437/arm-gnu-toolchain/bin/../lib/gcc/arm-none-eabi/4.8.4/../../../../arm-none-eabi/lib/armv6-m\libc_s.a(lib_a-setvbuf.o)
                                                  d:/program files (x86)/atmel/atmel toolchain/arm gcc/native/4.8.1437/arm-gnu-toolchain/bin/../lib/gcc/arm-none-eabi/4.8.4/../../../../arm-none-eabi/lib/armv6-m\libc_s.a(lib_a-impure.o)