Archive member included because of file (symbol)

c:/program files (x86)/atmel/atmel toolchain/arm gcc/native/4.8.1443/arm-gnu-toolchain/bin/../lib/gcc/arm-none-eabi/4.8.4/armv6-m\libgcc.a(_udivsi3.o)
                              src/ASF/sam0/drivers/system/clock/clock_samd21_r21_da/clock.o (__aeabi_uidiv)
c:/program files (x86)/atmel/atmel toolchain/arm gcc/native/4.8.1443/arm-gnu-toolchain/bin/../lib/gcc/arm-none-eabi/4.8.4/armv6-m\libgcc.a(_dvmd_tls.o)
                              c:/program files (x86)/atmel/atmel toolchain/arm gcc/native/4.8.1443/arm-gnu-toolchain/bin/../lib/gcc/arm-none-eabi/4.8.4/armv6-m\libgcc.a(_udivsi3.o) (__aeabi_idiv0)
c:/program files (x86)/atmel/atmel toolchain/arm gcc/native/4.8.1443/arm-gnu-toolchain/bin/../lib/gcc/arm-none-eabi/4.8.4/armv6-m\libgcc.a(_muldi3.o)
                              src/ASF/sam0/drivers/sercom/sercom.o (__aeabi_lmul)
c:/program files (x86)/atmel/atmel toolchain/arm gcc/native/4.8.1443/arm-gnu-toolchain/bin/../lib/gcc/arm-none-eabi/4.8.4/../../../../arm-none-eabi/lib/armv6-m\libc_s.a(lib_a-exit.o)
                              c:/program files (x86)/atmel/atmel toolchain/arm gcc/native/4.8.1443/arm-gnu-toolchain/bin/../lib/gcc/arm-none-eabi/4.8.4/../../../../arm-none-eabi/lib/armv6-m/crt0.o (exit)
c:/program files (x86)/atmel/atmel toolchain/arm gcc/native/4.8.1443/arm-gnu-toolchain/bin/../lib/gcc/arm-none-eabi/4.8.4/../../../../arm-none-eabi/lib/armv6-m\libc_s.a(lib_a-impure.o)
                              c:/program files (x86)/atmel/atmel toolchain/arm gcc/native/4.8.1443/arm-gnu-toolchain/bin/../lib/gcc/arm-none-eabi/4.8.4/../../../../arm-none-eabi/lib/armv6-m\libc_s.a(lib_a-exit.o) (_global_impure_ptr)
c:/program files (x86)/atmel/atmel toolchain/arm gcc/native/4.8.1443/arm-gnu-toolchain/bin/../lib/gcc/arm-none-eabi/4.8.4/../../../../arm-none-eabi/lib/armv6-m\libc_s.a(lib_a-init.o)
                              c:/program files (x86)/atmel/atmel toolchain/arm gcc/native/4.8.1443/arm-gnu-toolchain/bin/../lib/gcc/arm-none-eabi/4.8.4/../../../../arm-none-eabi/lib/armv6-m/crt0.o (__libc_init_array)
c:/program files (x86)/atmel/atmel toolchain/arm gcc/native/4.8.1443/arm-gnu-toolchain/bin/../lib/gcc/arm-none-eabi/4.8.4/../../../../arm-none-eabi/lib/armv6-m\libc_s.a(lib_a-memcpy-stub.o)
                              src/radio_commands.o (memcpy)
c:/program files (x86)/atmel/atmel toolchain/arm gcc/native/4.8.1443/arm-gnu-toolchain/bin/../lib/gcc/arm-none-eabi/4.8.4/../../../../arm-none-eabi/lib/armv6-m\libc_s.a(lib_a-memset.o)
                              c:/program files (x86)/atmel/atmel toolchain/arm gcc/native/4.8.1443/arm-gnu-toolchain/bin/../lib/gcc/arm-none-eabi/4.8.4/../../../../arm-none-eabi/lib/armv6-m/crt0.o (memset)
c:/program files (x86)/atmel/atmel toolchain/arm gcc/native/4.8.1443/arm-gnu-toolchain/bin/../lib/gcc/arm-none-eabi/4.8.4/../../../../arm-none-eabi/lib/armv6-m\libc_s.a(lib_a-printf.o)
                              src/radio_commands.o (printf)
c:/program files (x86)/atmel/atmel toolchain/arm gcc/native/4.8.1443/arm-gnu-toolchain/bin/../lib/gcc/arm-none-eabi/4.8.4/../../../../arm-none-eabi/lib/armv6-m\libc_s.a(lib_a-setbuf.o)
                              src/qs_usart_basic_use.o (setbuf)
c:/program files (x86)/atmel/atmel toolchain/arm gcc/native/4.8.1443/arm-gnu-toolchain/bin/../lib/gcc/arm-none-eabi/4.8.4/../../../../arm-none-eabi/lib/armv6-m\libc_s.a(lib_a-setvbuf.o)
                              c:/program files (x86)/atmel/atmel toolchain/arm gcc/native/4.8.1443/arm-gnu-toolchain/bin/../lib/gcc/arm-none-eabi/4.8.4/../../../../arm-none-eabi/lib/armv6-m\libc_s.a(lib_a-setbuf.o) (setvbuf)
c:/program files (x86)/atmel/atmel toolchain/arm gcc/native/4.8.1443/arm-gnu-toolchain/bin/../lib/gcc/arm-none-eabi/4.8.4/../../../../arm-none-eabi/lib/armv6-m\libc_s.a(lib_a-vfprintf.o)
                              c:/program files (x86)/atmel/atmel toolchain/arm gcc/native/4.8.1443/arm-gnu-toolchain/bin/../lib/gcc/arm-none-eabi/4.8.4/../../../../arm-none-eabi/lib/armv6-m\libc_s.a(lib_a-printf.o) (_vfprintf_r)
c:/program files (x86)/atmel/atmel toolchain/arm gcc/native/4.8.1443/arm-gnu-toolchain/bin/../lib/gcc/arm-none-eabi/4.8.4/../../../../arm-none-eabi/lib/armv6-m\libc_s.a(lib_a-vfprintf_i.o)
                              c:/program files (x86)/atmel/atmel toolchain/arm gcc/native/4.8.1443/arm-gnu-toolchain/bin/../lib/gcc/arm-none-eabi/4.8.4/../../../../arm-none-eabi/lib/armv6-m\libc_s.a(lib_a-vfprintf.o) (_printf_i)
c:/program files (x86)/atmel/atmel toolchain/arm gcc/native/4.8.1443/arm-gnu-toolchain/bin/../lib/gcc/arm-none-eabi/4.8.4/../../../../arm-none-eabi/lib/armv6-m\libc_s.a(lib_a-wbuf.o)
                              c:/program files (x86)/atmel/atmel toolchain/arm gcc/native/4.8.1443/arm-gnu-toolchain/bin/../lib/gcc/arm-none-eabi/4.8.4/../../../../arm-none-eabi/lib/armv6-m\libc_s.a(lib_a-vfprintf.o) (__swbuf_r)
[...]
Memory Configuration

Name             Origin             Length             Attributes
rom              0x00000000         0x00040000         xr
ram              0x20000000         0x00008000         xrw
*default*        0x00000000         0xffffffff

Linker script and memory map

LOAD c:/program files (x86)/atmel/atmel toolchain/arm gcc/native/4.8.1443/arm-gnu-toolchain/bin/../lib/gcc/arm-none-eabi/4.8.4/armv6-m/crti.o
LOAD c:/program files (x86)/atmel/atmel toolchain/arm gcc/native/4.8.1443/arm-gnu-toolchain/bin/../lib/gcc/arm-none-eabi/4.8.4/armv6-m/crtbegin.o
LOAD c:/program files (x86)/atmel/atmel toolchain/arm gcc/native/4.8.1443/arm-gnu-toolchain/bin/../lib/gcc/arm-none-eabi/4.8.4/../../../../arm-none-eabi/lib/armv6-m/crt0.o
LOAD src/ASF/sam0/utils/stdio/read.o
LOAD src/ASF/sam0/utils/stdio/write.o
LOAD src/radio_commands.o
LOAD src/ASF/common/utils/interrupt/interrupt_sam_nvic.o
LOAD src/ASF/sam0/boards/samd21_xplained_pro/board_init.o
LOAD src/ASF/sam0/drivers/port/port.o
LOAD src/ASF/sam0/drivers/sercom/sercom.o
LOAD src/ASF/sam0/drivers/sercom/usart/usart.o
LOAD src/ASF/sam0/drivers/system/clock/clock_samd21_r21_da/clock.o
LOAD src/ASF/sam0/drivers/system/clock/clock_samd21_r21_da/gclk.o
LOAD src/ASF/sam0/drivers/system/interrupt/system_interrupt.o
LOAD src/ASF/sam0/drivers/system/pinmux/pinmux.o
LOAD src/ASF/sam0/drivers/system/system.o
LOAD src/ASF/sam0/utils/cmsis/samd21/source/gcc/startup_samd21.o
LOAD src/ASF/sam0/utils/cmsis/samd21/source/system_samd21.o
LOAD src/ASF/sam0/utils/syscalls/gcc/syscalls.o
LOAD src/qs_usart_basic_use.o
START GROUP
LOAD ../src/ASF/thirdparty/CMSIS/Lib/GCC\libarm_cortexM0l_math.a
LOAD c:/program files (x86)/atmel/atmel toolchain/arm gcc/native/4.8.1443/arm-gnu-toolchain/bin/../lib/gcc/arm-none-eabi/4.8.4/../../../../arm-none-eabi/lib/armv6-m\libm.a
END GROUP
START GROUP
LOAD c:/program files (x86)/atmel/atmel toolchain/arm gcc/native/4.8.1443/arm-gnu-toolchain/bin/../lib/gcc/arm-none-eabi/4.8.4/armv6-m\libgcc.a
LOAD c:/program files (x86)/atmel/atmel toolchain/arm gcc/native/4.8.1443/arm-gnu-toolchain/bin/../lib/gcc/arm-none-eabi/4.8.4/../../../../arm-none-eabi/lib/armv6-m\libc_s.a
END GROUP
START GROUP
LOAD c:/program files (x86)/atmel/atmel toolchain/arm gcc/native/4.8.1443/arm-gnu-toolchain/bin/../lib/gcc/arm-none-eabi/4.8.4/armv6-m\libgcc.a
LOAD c:/program files (x86)/atmel/atmel toolchain/arm gcc/native/4.8.1443/arm-gnu-toolchain/bin/../lib/gcc/arm-none-eabi/4.8.4/../../../../arm-none-eabi/lib/armv6-m\libc_s.a
END GROUP
LOAD c:/program files (x86)/atmel/atmel toolchain/arm gcc/native/4.8.1443/arm-gnu-toolchain/bin/../lib/gcc/arm-none-eabi/4.8.4/armv6-m/crtend.o
LOAD c:/program files (x86)/atmel/atmel toolchain/arm gcc/native/4.8.1443/arm-gnu-toolchain/bin/../lib/gcc/arm-none-eabi/4.8.4/armv6-m/crtn.o
                0x00002000                STACK_SIZE = DEFINED (STACK_SIZE)?STACK_SIZE:DEFINED (__stack_size__)?__stack_size__:0x2000

.text           0x00000000     0x2554
                0x00000000                . = ALIGN (0x4)
                0x00000000                _sfixed = .
 *(.vectors .vectors.*)
 .vectors       0x00000000       0xb0 src/ASF/sam0/utils/cmsis/samd21/source/gcc/startup_samd21.o
                0x00000000                exception_table
 *(.text .text.* .gnu.linkonce.t.*)
 .text          0x000000b0       0x60 c:/program files (x86)/atmel/atmel toolchain/arm gcc/native/4.8.1443/arm-gnu-toolchain/bin/../lib/gcc/arm-none-eabi/4.8.4/armv6-m/crtbegin.o
 .text._read    0x00000110       0x44 src/ASF/sam0/utils/stdio/read.o
                0x00000110                _read
 .text._write   0x00000154       0x54 src/ASF/sam0/utils/stdio/write.o
                0x00000154                _write
 .text.computeCheckSum
                0x000001a8       0x24 src/radio_commands.o
                0x000001a8                computeCheckSum
 .text.printByte
                0x000001cc       0x14 src/radio_commands.o
                0x000001cc                printByte
 .text.sendToRadio
                0x000001e0       0x20 src/radio_commands.o
                0x000001e0                sendToRadio
 .text.receiveFromRadio
                0x00000200       0x18 src/radio_commands.o
                0x00000200                receiveFromRadio
 .text.simpleResponse
                0x00000218       0x4c src/radio_commands.o
                0x00000218                simpleResponse
 .text.program  0x00000264       0x38 src/radio_commands.o
                0x00000264                program
 .text.cpu_irq_enter_critical
                0x0000029c       0x40 src/ASF/common/utils/interrupt/interrupt_sam_nvic.o
                0x0000029c                cpu_irq_enter_critical
 .text.cpu_irq_leave_critical
                0x000002dc       0x30 src/ASF/common/utils/interrupt/interrupt_sam_nvic.o
                0x000002dc                cpu_irq_leave_critical
 .text.system_board_init
                0x0000030c       0x38 src/ASF/sam0/boards/samd21_xplained_pro/board_init.o
                0x0000030c                board_init
                0x0000030c                system_board_init
 .text.port_pin_set_config
                0x00000344       0x24 src/ASF/sam0/drivers/port/port.o
                0x00000344                port_pin_set_config
 .text._sercom_get_sync_baud_val
                0x00000368       0x28 src/ASF/sam0/drivers/sercom/sercom.o
                0x00000368                _sercom_get_sync_baud_val
 .text._sercom_get_async_baud_val
                0x00000390      0x1b0 src/ASF/sam0/drivers/sercom/sercom.o
                0x00000390                _sercom_get_async_baud_val
 .text.sercom_set_gclk_generator
                0x00000540       0x50 src/ASF/sam0/drivers/sercom/sercom.o
                0x00000540                sercom_set_gclk_generator
 .text._sercom_get_default_pad
                0x00000590      0x188 src/ASF/sam0/drivers/sercom/sercom.o
                0x00000590                _sercom_get_default_pad
 .text._sercom_get_sercom_inst_index
                0x00000718       0x3c src/ASF/sam0/drivers/sercom/sercom.o
                0x00000718                _sercom_get_sercom_inst_index
 .text.usart_init
                0x00000754      0x2b0 src/ASF/sam0/drivers/sercom/usart/usart.o
                0x00000754                usart_init
 .text.usart_write_wait
                0x00000a04       0x28 src/ASF/sam0/drivers/sercom/usart/usart.o
                0x00000a04                usart_write_wait
 .text.usart_read_wait
                0x00000a2c       0x70 src/ASF/sam0/drivers/sercom/usart/usart.o
                0x00000a2c                usart_read_wait
 .text.usart_read_buffer_wait
                0x00000a9c       0xa0 src/ASF/sam0/drivers/sercom/usart/usart.o
                0x00000a9c                usart_read_buffer_wait
 .text.system_clock_source_get_hz
                0x00000b3c       0x90 src/ASF/sam0/drivers/system/clock/clock_samd21_r21_da/clock.o
                0x00000b3c                system_clock_source_get_hz
 .text.system_clock_source_osc8m_set_config
                0x00000bcc       0x3c src/ASF/sam0/drivers/system/clock/clock_samd21_r21_da/clock.o
                0x00000bcc                system_clock_source_osc8m_set_config
 .text.system_clock_source_enable
                0x00000c08       0xa0 src/ASF/sam0/drivers/system/clock/clock_samd21_r21_da/clock.o
                0x00000c08                system_clock_source_enable
 .text.system_clock_init
                0x00000ca8       0x98 src/ASF/sam0/drivers/system/clock/clock_samd21_r21_da/clock.o
                0x00000ca8                system_clock_init
 .text.system_gclk_init
                0x00000d40       0x24 src/ASF/sam0/drivers/system/clock/clock_samd21_r21_da/gclk.o
                0x00000d40                system_gclk_init
 .text.system_gclk_gen_set_config
                0x00000d64       0xa0 src/ASF/sam0/drivers/system/clock/clock_samd21_r21_da/gclk.o
                0x00000d64                system_gclk_gen_set_config
 .text.system_gclk_gen_enable
                0x00000e04       0x44 src/ASF/sam0/drivers/system/clock/clock_samd21_r21_da/gclk.o
                0x00000e04                system_gclk_gen_enable
 .text.system_gclk_gen_get_hz
                0x00000e48       0x8c src/ASF/sam0/drivers/system/clock/clock_samd21_r21_da/gclk.o
                0x00000e48                system_gclk_gen_get_hz
 .text.system_gclk_chan_enable
                0x00000ed4       0x30 src/ASF/sam0/drivers/system/clock/clock_samd21_r21_da/gclk.o
                0x00000ed4                system_gclk_chan_enable
 .text.system_gclk_chan_disable
                0x00000f04       0x5c src/ASF/sam0/drivers/system/clock/clock_samd21_r21_da/gclk.o
                0x00000f04                system_gclk_chan_disable
 .text.system_gclk_chan_set_config
                0x00000f60       0x1c src/ASF/sam0/drivers/system/clock/clock_samd21_r21_da/gclk.o
                0x00000f60                system_gclk_chan_set_config
 .text.system_gclk_chan_get_hz
                0x00000f7c       0x34 src/ASF/sam0/drivers/system/clock/clock_samd21_r21_da/gclk.o
                0x00000f7c                system_gclk_chan_get_hz
 .text._system_pinmux_config
                0x00000fb0       0x8c src/ASF/sam0/drivers/system/pinmux/pinmux.o
 .text.system_pinmux_pin_set_config
                0x0000103c       0x2c src/ASF/sam0/drivers/system/pinmux/pinmux.o
                0x0000103c                system_pinmux_pin_set_config
 .text._system_dummy_init
                0x00001068        0x4 src/ASF/sam0/drivers/system/system.o
                0x00001068                _system_extint_init
                0x00001068                _system_events_init
                0x00001068                _system_dummy_init
                0x00001068                _system_divas_init
 .text.system_init
                0x0000106c       0x2c src/ASF/sam0/drivers/system/system.o
                0x0000106c                system_init
 .text.Dummy_Handler
                0x00001098        0x4 src/ASF/sam0/utils/cmsis/samd21/source/gcc/startup_samd21.o
                0x00001098                DMAC_Handler
                0x00001098                HardFault_Handler
                0x00001098                AC_Handler
                0x00001098                SysTick_Handler
                0x00001098                PendSV_Handler
                0x00001098                NMI_Handler
                0x00001098                TC7_Handler
                0x00001098                SERCOM1_Handler
                0x00001098                ADC_Handler
                0x00001098                TCC1_Handler
                0x00001098                SERCOM2_Handler
                0x00001098                TCC0_Handler
                0x00001098                RTC_Handler
                0x00001098                EIC_Handler
                0x00001098                TC6_Handler
                0x00001098                WDT_Handler
                0x00001098                TC4_Handler
                0x00001098                USB_Handler
                0x00001098                TC3_Handler
                0x00001098                Dummy_Handler
                0x00001098                PM_Handler
                0x00001098                SERCOM5_Handler
                0x00001098                SVC_Handler
                0x00001098                TCC2_Handler
                0x00001098                EVSYS_Handler
                0x00001098                SERCOM3_Handler
                0x00001098                SERCOM4_Handler
                0x00001098                I2S_Handler
                0x00001098                NVMCTRL_Handler
                0x00001098                SERCOM0_Handler
                0x00001098                DAC_Handler
                0x00001098                PTC_Handler
                0x00001098                TC5_Handler
                0x00001098                SYSCTRL_Handler
 .text.Reset_Handler
                0x0000109c       0xec src/ASF/sam0/utils/cmsis/samd21/source/gcc/startup_samd21.o
                0x0000109c                Reset_Handler
 .text._sbrk    0x00001188       0x24 src/ASF/sam0/utils/syscalls/gcc/syscalls.o
                0x00001188                _sbrk
 .text._close   0x000011ac        0x8 src/ASF/sam0/utils/syscalls/gcc/syscalls.o
                0x000011ac                _close
 .text._fstat   0x000011b4        0xc src/ASF/sam0/utils/syscalls/gcc/syscalls.o
                0x000011b4                _fstat
 .text._isatty  0x000011c0        0x4 src/ASF/sam0/utils/syscalls/gcc/syscalls.o
                0x000011c0                _isatty
 .text._lseek   0x000011c4        0x4 src/ASF/sam0/utils/syscalls/gcc/syscalls.o
                0x000011c4                _lseek
 .text.usart_serial_getchar
                0x000011c8       0x2c src/qs_usart_basic_use.o
 .text.usart_serial_putchar
                0x000011f4       0x18 src/qs_usart_basic_use.o
 .text.configure_usart
                0x0000120c       0xcc src/qs_usart_basic_use.o
                0x0000120c                configure_usart
 .text.main     0x000012d8       0xfc src/qs_usart_basic_use.o
                0x000012d8                main
 .text          0x000013d4       0x9c c:/program files (x86)/atmel/atmel toolchain/arm gcc/native/4.8.1443/arm-gnu-toolchain/bin/../lib/gcc/arm-none-eabi/4.8.4/armv6-m\libgcc.a(_udivsi3.o)
                0x000013d4                __aeabi_uidiv
                0x000013d4                __udivsi3
                0x0000145c                __aeabi_uidivmod
 .text          0x00001470        0x4 c:/program files (x86)/atmel/atmel toolchain/arm gcc/native/4.8.1443/arm-gnu-toolchain/bin/../lib/gcc/arm-none-eabi/4.8.4/armv6-m\libgcc.a(_dvmd_tls.o)
                0x00001470                __aeabi_idiv0
                0x00001470                __aeabi_ldiv0
 .text          0x00001474       0x44 c:/program files (x86)/atmel/atmel toolchain/arm gcc/native/4.8.1443/arm-gnu-toolchain/bin/../lib/gcc/arm-none-eabi/4.8.4/armv6-m\libgcc.a(_muldi3.o)
                0x00001474                __muldi3
                0x00001474                __aeabi_lmul
 .text.__libc_init_array
                0x000014b8       0x4c c:/program files (x86)/atmel/atmel toolchain/arm gcc/native/4.8.1443/arm-gnu-toolchain/bin/../lib/gcc/arm-none-eabi/4.8.4/../../../../arm-none-eabi/lib/armv6-m\libc_s.a(lib_a-init.o)
                0x000014b8                __libc_init_array
 .text.memcpy   0x00001504       0x12 c:/program files (x86)/atmel/atmel toolchain/arm gcc/native/4.8.1443/arm-gnu-toolchain/bin/../lib/gcc/arm-none-eabi/4.8.4/../../../../arm-none-eabi/lib/armv6-m\libc_s.a(lib_a-memcpy-stub.o)
                0x00001504                memcpy
 .text.memset   0x00001516       0x10 c:/program files (x86)/atmel/atmel toolchain/arm gcc/native/4.8.1443/arm-gnu-toolchain/bin/../lib/gcc/arm-none-eabi/4.8.4/../../../../arm-none-eabi/lib/armv6-m\libc_s.a(lib_a-memset.o)
                0x00001516                memset
 *fill*         0x00001526        0x2 
 .text.printf   0x00001528       0x34 c:/program files (x86)/atmel/atmel toolchain/arm gcc/native/4.8.1443/arm-gnu-toolchain/bin/../lib/gcc/arm-none-eabi/4.8.4/../../../../arm-none-eabi/lib/armv6-m\libc_s.a(lib_a-printf.o)
                0x00001528                iprintf
                0x00001528                printf
 .text.setbuf   0x0000155c       0x12 c:/program files (x86)/atmel/atmel toolchain/arm gcc/native/4.8.1443/arm-gnu-toolchain/bin/../lib/gcc/arm-none-eabi/4.8.4/../../../../arm-none-eabi/lib/armv6-m\libc_s.a(lib_a-setbuf.o)
                0x0000155c                setbuf
 *fill*         0x0000156e        0x2 
 .text.setvbuf  0x00001570      0x10c c:/program files (x86)/atmel/atmel toolchain/arm gcc/native/4.8.1443/arm-gnu-toolchain/bin/../lib/gcc/arm-none-eabi/4.8.4/../../../../arm-none-eabi/lib/armv6-m\libc_s.a(lib_a-setvbuf.o)
                0x00001570                setvbuf
 .text.__sfputc_r
                0x0000167c       0x2a c:/program files (x86)/atmel/atmel toolchain/arm gcc/native/4.8.1443/arm-gnu-toolchain/bin/../lib/gcc/arm-none-eabi/4.8.4/../../../../arm-none-eabi/lib/armv6-m\libc_s.a(lib_a-vfprintf.o)
 .text.__sfputs_r
                0x000016a6       0x24 c:/program files (x86)/atmel/atmel toolchain/arm gcc/native/4.8.1443/arm-gnu-toolchain/bin/../lib/gcc/arm-none-eabi/4.8.4/../../../../arm-none-eabi/lib/armv6-m\libc_s.a(lib_a-vfprintf.o)
                0x000016a6                __sfputs_r
 *fill*         0x000016ca        0x2 
 .text._vfprintf_r
                0x000016cc      0x210 c:/program files (x86)/atmel/atmel toolchain/arm gcc/native/4.8.1443/arm-gnu-toolchain/bin/../lib/gcc/arm-none-eabi/4.8.4/../../../../arm-none-eabi/lib/armv6-m\libc_s.a(lib_a-vfprintf.o)
                0x000016cc                _vfprintf_r
                0x000016cc                _vfiprintf_r
 .text._printf_common
                0x000018dc       0xe8 c:/program files (x86)/atmel/atmel toolchain/arm gcc/native/4.8.1443/arm-gnu-toolchain/bin/../lib/gcc/arm-none-eabi/4.8.4/../../../../arm-none-eabi/lib/armv6-m\libc_s.a(lib_a-vfprintf_i.o)
                0x000018dc                _printf_common
 .text._printf_i
                0x000019c4      0x22c c:/program files (x86)/atmel/atmel toolchain/arm gcc/native/4.8.1443/arm-gnu-toolchain/bin/../lib/gcc/arm-none-eabi/4.8.4/../../../../arm-none-eabi/lib/armv6-m\libc_s.a(lib_a-vfprintf_i.o)
                0x000019c4                _printf_i
 .text.__swbuf_r
                0x00001bf0       0xb0 c:/program files (x86)/atmel/atmel toolchain/arm gcc/native/4.8.1443/arm-gnu-toolchain/bin/../lib/gcc/arm-none-eabi/4.8.4/../../../../arm-none-eabi/lib/armv6-m\libc_s.a(lib_a-wbuf.o)
                0x00001bf0                __swbuf_r
 .text.__swsetup_r
                0x00001ca0       0xe4 c:/program files (x86)/atmel/atmel toolchain/arm gcc/native/4.8.1443/arm-gnu-toolchain/bin/../lib/gcc/arm-none-eabi/4.8.4/../../../../arm-none-eabi/lib/armv6-m\libc_s.a(lib_a-wsetup.o)
                0x00001ca0                __swsetup_r
 .text.__sflush_r
                0x00001d84      0x112 c:/program files (x86)/atmel/atmel toolchain/arm gcc/native/4.8.1443/arm-gnu-toolchain/bin/../lib/gcc/arm-none-eabi/4.8.4/../../../../arm-none-eabi/lib/armv6-m\libc_s.a(lib_a-fflush.o)
                0x00001d84                __sflush_r
 *fill*         0x00001e96        0x2 
 .text._fflush_r
                0x00001e98       0x58 c:/program files (x86)/atmel/atmel toolchain/arm gcc/native/4.8.1443/arm-gnu-toolchain/bin/../lib/gcc/arm-none-eabi/4.8.4/../../../../arm-none-eabi/lib/armv6-m\libc_s.a(lib_a-fflush.o)
                0x00001e98                _fflush_r
 .text._cleanup_r
                0x00001ef0       0x34 c:/program files (x86)/atmel/atmel toolchain/arm gcc/native/4.8.1443/arm-gnu-toolchain/bin/../lib/gcc/arm-none-eabi/4.8.4/../../../../arm-none-eabi/lib/armv6-m\libc_s.a(lib_a-findfp.o)
                0x00001ef0                _cleanup_r
 .text.std.isra.0
                0x00001f24       0x48 c:/program files (x86)/atmel/atmel toolchain/arm gcc/native/4.8.1443/arm-gnu-toolchain/bin/../lib/gcc/arm-none-eabi/4.8.4/../../../../arm-none-eabi/lib/armv6-m\libc_s.a(lib_a-findfp.o)
 .text.__sfmoreglue
                0x00001f6c       0x2c c:/program files (x86)/atmel/atmel toolchain/arm gcc/native/4.8.1443/arm-gnu-toolchain/bin/../lib/gcc/arm-none-eabi/4.8.4/../../../../arm-none-eabi/lib/armv6-m\libc_s.a(lib_a-findfp.o)
                0x00001f6c                __sfmoreglue
 .text.__sinit  0x00001f98       0x64 c:/program files (x86)/atmel/atmel toolchain/arm gcc/native/4.8.1443/arm-gnu-toolchain/bin/../lib/gcc/arm-none-eabi/4.8.4/../../../../arm-none-eabi/lib/armv6-m\libc_s.a(lib_a-findfp.o)
                0x00001f98                __sinit
 .text.__sfp    0x00001ffc       0x7c c:/program files (x86)/atmel/atmel toolchain/arm gcc/native/4.8.1443/arm-gnu-toolchain/bin/../lib/gcc/arm-none-eabi/4.8.4/../../../../arm-none-eabi/lib/armv6-m\libc_s.a(lib_a-findfp.o)
                0x00001ffc                __sfp
 .text.__smakebuf_r
                0x00002078       0xa0 c:/program files (x86)/atmel/atmel toolchain/arm gcc/native/4.8.1443/arm-gnu-toolchain/bin/../lib/gcc/arm-none-eabi/4.8.4/../../../../arm-none-eabi/lib/armv6-m\libc_s.a(lib_a-makebuf.o)
                0x00002078                __smakebuf_r
 .text.malloc   0x00002118       0x14 c:/program files (x86)/atmel/atmel toolchain/arm gcc/native/4.8.1443/arm-gnu-toolchain/bin/../lib/gcc/arm-none-eabi/4.8.4/../../../../arm-none-eabi/lib/armv6-m\libc_s.a(lib_a-malloc.o)
                0x00002118                malloc
 .text.memchr   0x0000212c       0x16 c:/program files (x86)/atmel/atmel toolchain/arm gcc/native/4.8.1443/arm-gnu-toolchain/bin/../lib/gcc/arm-none-eabi/4.8.4/../../../../arm-none-eabi/lib/armv6-m\libc_s.a(lib_a-memchr-stub.o)
                0x0000212c                memchr
 *fill*         0x00002142        0x2 
 .text._free_r  0x00002144       0x90 c:/program files (x86)/atmel/atmel toolchain/arm gcc/native/4.8.1443/arm-gnu-toolchain/bin/../lib/gcc/arm-none-eabi/4.8.4/../../../../arm-none-eabi/lib/armv6-m\libc_s.a(lib_a-nano-freer.o)
                0x00002144                _free_r
 .text._malloc_r
                0x000021d4       0xa8 c:/program files (x86)/atmel/atmel toolchain/arm gcc/native/4.8.1443/arm-gnu-toolchain/bin/../lib/gcc/arm-none-eabi/4.8.4/../../../../arm-none-eabi/lib/armv6-m\libc_s.a(lib_a-nano-mallocr.o)
                0x000021d4                _malloc_r
 .text._sbrk_r  0x0000227c       0x24 c:/program files (x86)/atmel/atmel toolchain/arm gcc/native/4.8.1443/arm-gnu-toolchain/bin/../lib/gcc/arm-none-eabi/4.8.4/../../../../arm-none-eabi/lib/armv6-m\libc_s.a(lib_a-sbrkr.o)
                0x0000227c                _sbrk_r
 .text.__sread  0x000022a0       0x28 c:/program files (x86)/atmel/atmel toolchain/arm gcc/native/4.8.1443/arm-gnu-toolchain/bin/../lib/gcc/arm-none-eabi/4.8.4/../../../../arm-none-eabi/lib/armv6-m\libc_s.a(lib_a-stdio.o)
                0x000022a0                __sread
 .text.__swrite
                0x000022c8       0x38 c:/program files (x86)/atmel/atmel toolchain/arm gcc/native/4.8.1443/arm-gnu-toolchain/bin/../lib/gcc/arm-none-eabi/4.8.4/../../../../arm-none-eabi/lib/armv6-m\libc_s.a(lib_a-stdio.o)
                0x000022c8                __swrite
 .text.__sseek  0x00002300       0x2c c:/program files (x86)/atmel/atmel toolchain/arm gcc/native/4.8.1443/arm-gnu-toolchain/bin/../lib/gcc/arm-none-eabi/4.8.4/../../../../arm-none-eabi/lib/armv6-m\libc_s.a(lib_a-stdio.o)
                0x00002300                __sseek
 .text.__sclose
                0x0000232c        0xc c:/program files (x86)/atmel/atmel toolchain/arm gcc/native/4.8.1443/arm-gnu-toolchain/bin/../lib/gcc/arm-none-eabi/4.8.4/../../../../arm-none-eabi/lib/armv6-m\libc_s.a(lib_a-stdio.o)
                0x0000232c                __sclose
 .text.strlen   0x00002338        0xe c:/program files (x86)/atmel/atmel toolchain/arm gcc/native/4.8.1443/arm-gnu-toolchain/bin/../lib/gcc/arm-none-eabi/4.8.4/../../../../arm-none-eabi/lib/armv6-m\libc_s.a(lib_a-strlen.o)
                0x00002338                strlen
 *fill*         0x00002346        0x2 
 .text._write_r
                0x00002348       0x28 c:/program files (x86)/atmel/atmel toolchain/arm gcc/native/4.8.1443/arm-gnu-toolchain/bin/../lib/gcc/arm-none-eabi/4.8.4/../../../../arm-none-eabi/lib/armv6-m\libc_s.a(lib_a-writer.o)
                0x00002348                _write_r
 .text._close_r
                0x00002370       0x24 c:/program files (x86)/atmel/atmel toolchain/arm gcc/native/4.8.1443/arm-gnu-toolchain/bin/../lib/gcc/arm-none-eabi/4.8.4/../../../../arm-none-eabi/lib/armv6-m\libc_s.a(lib_a-closer.o)
                0x00002370                _close_r
 .text._fstat_r
                0x00002394       0x24 c:/program files (x86)/atmel/atmel toolchain/arm gcc/native/4.8.1443/arm-gnu-toolchain/bin/../lib/gcc/arm-none-eabi/4.8.4/../../../../arm-none-eabi/lib/armv6-m\libc_s.a(lib_a-fstatr.o)
                0x00002394                _fstat_r
 .text._isatty_r
                0x000023b8       0x24 c:/program files (x86)/atmel/atmel toolchain/arm gcc/native/4.8.1443/arm-gnu-toolchain/bin/../lib/gcc/arm-none-eabi/4.8.4/../../../../arm-none-eabi/lib/armv6-m\libc_s.a(lib_a-isattyr.o)
                0x000023b8                _isatty_r
 .text._lseek_r
                0x000023dc       0x28 c:/program files (x86)/atmel/atmel toolchain/arm gcc/native/4.8.1443/arm-gnu-toolchain/bin/../lib/gcc/arm-none-eabi/4.8.4/../../../../arm-none-eabi/lib/armv6-m\libc_s.a(lib_a-lseekr.o)
                0x000023dc                _lseek_r
 .text._read_r  0x00002404       0x28 c:/program files (x86)/atmel/atmel toolchain/arm gcc/native/4.8.1443/arm-gnu-toolchain/bin/../lib/gcc/arm-none-eabi/4.8.4/../../../../arm-none-eabi/lib/armv6-m\libc_s.a(lib_a-readr.o)
                0x00002404                _read_r
 *(.glue_7t)
 .glue_7t       0x00000000        0x0 linker stubs
 *(.glue_7)
 .glue_7        0x00000000        0x0 linker stubs
 *(.rodata .rodata* .gnu.linkonce.r.*)
 .rodata        0x0000242c        0x4 src/radio_commands.o
 .rodata.str1.4
                0x00002430        0x8 src/radio_commands.o
 .rodata        0x00002438       0x18 src/ASF/sam0/drivers/sercom/sercom.o
 .rodata.system_clock_source_get_hz
                0x00002450       0x24 src/ASF/sam0/drivers/system/clock/clock_samd21_r21_da/clock.o
 .rodata.system_clock_source_enable
                0x00002474       0x24 src/ASF/sam0/drivers/system/clock/clock_samd21_r21_da/clock.o
 .rodata.str1.1
                0x00002498        0x2 c:/program files (x86)/atmel/atmel toolchain/arm gcc/native/4.8.1443/arm-gnu-toolchain/bin/../lib/gcc/arm-none-eabi/4.8.4/../../../../arm-none-eabi/lib/armv6-m\libc_s.a(lib_a-impure.o)
 *fill*         0x0000249a        0x2 
 .rodata._global_impure_ptr
                0x0000249c        0x4 c:/program files (x86)/atmel/atmel toolchain/arm gcc/native/4.8.1443/arm-gnu-toolchain/bin/../lib/gcc/arm-none-eabi/4.8.4/../../../../arm-none-eabi/lib/armv6-m\libc_s.a(lib_a-impure.o)
                0x0000249c                _global_impure_ptr
 .rodata.str1.1
                0x000024a0       0x11 c:/program files (x86)/atmel/atmel toolchain/arm gcc/native/4.8.1443/arm-gnu-toolchain/bin/../lib/gcc/arm-none-eabi/4.8.4/../../../../arm-none-eabi/lib/armv6-m\libc_s.a(lib_a-vfprintf.o)
 .rodata.str1.1
                0x000024b1       0x22 c:/program files (x86)/atmel/atmel toolchain/arm gcc/native/4.8.1443/arm-gnu-toolchain/bin/../lib/gcc/arm-none-eabi/4.8.4/../../../../arm-none-eabi/lib/armv6-m\libc_s.a(lib_a-vfprintf_i.o)
 *fill*         0x000024d3        0x1 
 .rodata.__sf_fake_stdin
                0x000024d4       0x20 c:/program files (x86)/atmel/atmel toolchain/arm gcc/native/4.8.1443/arm-gnu-toolchain/bin/../lib/gcc/arm-none-eabi/4.8.4/../../../../arm-none-eabi/lib/armv6-m\libc_s.a(lib_a-findfp.o)
                0x000024d4                __sf_fake_stdin
 .rodata.__sf_fake_stdout
                0x000024f4       0x20 c:/program files (x86)/atmel/atmel toolchain/arm gcc/native/4.8.1443/arm-gnu-toolchain/bin/../lib/gcc/arm-none-eabi/4.8.4/../../../../arm-none-eabi/lib/armv6-m\libc_s.a(lib_a-findfp.o)
                0x000024f4                __sf_fake_stdout
 .rodata.__sf_fake_stderr
                0x00002514       0x20 c:/program files (x86)/atmel/atmel toolchain/arm gcc/native/4.8.1443/arm-gnu-toolchain/bin/../lib/gcc/arm-none-eabi/4.8.4/../../../../arm-none-eabi/lib/armv6-m\libc_s.a(lib_a-findfp.o)
                0x00002514                __sf_fake_stderr
 *(.ARM.extab* .gnu.linkonce.armextab.*)
                0x00002534                . = ALIGN (0x4)
 *(.init)
 .init          0x00002534        0x4 c:/program files (x86)/atmel/atmel toolchain/arm gcc/native/4.8.1443/arm-gnu-toolchain/bin/../lib/gcc/arm-none-eabi/4.8.4/armv6-m/crti.o
                0x00002534                _init
 .init          0x00002538        0x8 c:/program files (x86)/atmel/atmel toolchain/arm gcc/native/4.8.1443/arm-gnu-toolchain/bin/../lib/gcc/arm-none-eabi/4.8.4/armv6-m/crtn.o
                0x00002540                . = ALIGN (0x4)
                0x00002540                __preinit_array_start = .
 *(.preinit_array)
                0x00002540                __preinit_array_end = .
                0x00002540                . = ALIGN (0x4)
                0x00002540                __init_array_start = .
 *(SORT(.init_array.*))
 *(.init_array)
 .init_array    0x00002540        0x4 c:/program files (x86)/atmel/atmel toolchain/arm gcc/native/4.8.1443/arm-gnu-toolchain/bin/../lib/gcc/arm-none-eabi/4.8.4/armv6-m/crtbegin.o
                0x00002544                __init_array_end = .
                0x00002544                . = ALIGN (0x4)
 *crtbegin.o(.ctors)
 *(EXCLUDE_FILE(*crtend.o) .ctors)
 *(SORT(.ctors.*))
 *crtend.o(.ctors)
                0x00002544                . = ALIGN (0x4)
 *(.fini)
 .fini          0x00002544        0x4 c:/program files (x86)/atmel/atmel toolchain/arm gcc/native/4.8.1443/arm-gnu-toolchain/bin/../lib/gcc/arm-none-eabi/4.8.4/armv6-m/crti.o
                0x00002544                _fini
 .fini          0x00002548        0x8 c:/program files (x86)/atmel/atmel toolchain/arm gcc/native/4.8.1443/arm-gnu-toolchain/bin/../lib/gcc/arm-none-eabi/4.8.4/armv6-m/crtn.o
                0x00002550                . = ALIGN (0x4)
                0x00002550                __fini_array_start = .
 *(.fini_array)
 .fini_array    0x00002550        0x4 c:/program files (x86)/atmel/atmel toolchain/arm gcc/native/4.8.1443/arm-gnu-toolchain/bin/../lib/gcc/arm-none-eabi/4.8.4/armv6-m/crtbegin.o
 *(SORT(.fini_array.*))
                0x00002554                __fini_array_end = .
 *crtbegin.o(.dtors)
 *(EXCLUDE_FILE(*crtend.o) .dtors)
 *(SORT(.dtors.*))
 *crtend.o(.dtors)
                0x00002554                . = ALIGN (0x4)
                0x00002554                _efixed = .
                0x00002554                PROVIDE (__exidx_start, .)

.vfp11_veneer   0x00002554        0x0
 .vfp11_veneer  0x00000000        0x0 linker stubs

.v4_bx          0x00002554        0x0
 .v4_bx         0x00000000        0x0 linker stubs

.iplt           0x00002554        0x0
 .iplt          0x00000000        0x0 c:/program files (x86)/atmel/atmel toolchain/arm gcc/native/4.8.1443/arm-gnu-toolchain/bin/../lib/gcc/arm-none-eabi/4.8.4/armv6-m/crtbegin.o

.eh_frame       0x00002554        0x0
 .eh_frame      0x00002554        0x0 c:/program files (x86)/atmel/atmel toolchain/arm gcc/native/4.8.1443/arm-gnu-toolchain/bin/../lib/gcc/arm-none-eabi/4.8.4/armv6-m/crtbegin.o

.rel.dyn        0x00002554        0x0
 .rel.iplt      0x00000000        0x0 c:/program files (x86)/atmel/atmel toolchain/arm gcc/native/4.8.1443/arm-gnu-toolchain/bin/../lib/gcc/arm-none-eabi/4.8.4/armv6-m/crtbegin.o

.jcr            0x00002554        0x0
 .jcr           0x00002554        0x0 c:/program files (x86)/atmel/atmel toolchain/arm gcc/native/4.8.1443/arm-gnu-toolchain/bin/../lib/gcc/arm-none-eabi/4.8.4/armv6-m/crtbegin.o

.igot.plt       0x00002554        0x0
 .igot.plt      0x00000000        0x0 c:/program files (x86)/atmel/atmel toolchain/arm gcc/native/4.8.1443/arm-gnu-toolchain/bin/../lib/gcc/arm-none-eabi/4.8.4/armv6-m/crtbegin.o

.ARM.exidx
 *(.ARM.exidx* .gnu.linkonce.armexidx.*)
                0x00002554                PROVIDE (__exidx_end, .)
                0x00002554                . = ALIGN (0x4)
                0x00002554                _etext = .

.relocate       0x20000000       0x68 load address 0x00002554
                0x20000000                . = ALIGN (0x4)
                0x20000000                _srelocate = .
 *(.ramfunc .ramfunc.*)
 *(.data .data.*)
 .data.g_interrupt_enabled
                0x20000000        0x1 src/ASF/common/utils/interrupt/interrupt_sam_nvic.o
                0x20000000                g_interrupt_enabled
 *fill*         0x20000001        0x3 
 .data.impure_data
                0x20000004       0x60 c:/program files (x86)/atmel/atmel toolchain/arm gcc/native/4.8.1443/arm-gnu-toolchain/bin/../lib/gcc/arm-none-eabi/4.8.4/../../../../arm-none-eabi/lib/armv6-m\libc_s.a(lib_a-impure.o)
 .data._impure_ptr
                0x20000064        0x4 c:/program files (x86)/atmel/atmel toolchain/arm gcc/native/4.8.1443/arm-gnu-toolchain/bin/../lib/gcc/arm-none-eabi/4.8.4/../../../../arm-none-eabi/lib/armv6-m\libc_s.a(lib_a-impure.o)
                0x20000064                _impure_ptr
                0x20000068                . = ALIGN (0x4)
                0x20000068                _erelocate = .

.bss            0x20000068       0x70 load address 0x000025bc
                0x20000068                . = ALIGN (0x4)
                0x20000068                _sbss = .
                0x20000068                _szero = .
 *(.bss .bss.*)
 .bss           0x20000068       0x1c c:/program files (x86)/atmel/atmel toolchain/arm gcc/native/4.8.1443/arm-gnu-toolchain/bin/../lib/gcc/arm-none-eabi/4.8.4/armv6-m/crtbegin.o
 .bss.cpu_irq_critical_section_counter
                0x20000084        0x4 src/ASF/common/utils/interrupt/interrupt_sam_nvic.o
 .bss.cpu_irq_prev_interrupt_state
                0x20000088        0x1 src/ASF/common/utils/interrupt/interrupt_sam_nvic.o
 *fill*         0x20000089        0x3 
 .bss._sercom_config
                0x2000008c        0x4 src/ASF/sam0/drivers/sercom/sercom.o
 .bss._system_clock_inst
                0x20000090       0x18 src/ASF/sam0/drivers/system/clock/clock_samd21_r21_da/clock.o
 .bss.heap.5097
                0x200000a8        0x4 src/ASF/sam0/utils/syscalls/gcc/syscalls.o
 .bss.cdc_uart_module
                0x200000ac        0xc src/qs_usart_basic_use.o
 .bss.__malloc_sbrk_start
                0x200000b8        0x4 c:/program files (x86)/atmel/atmel toolchain/arm gcc/native/4.8.1443/arm-gnu-toolchain/bin/../lib/gcc/arm-none-eabi/4.8.4/../../../../arm-none-eabi/lib/armv6-m\libc_s.a(lib_a-nano-mallocr.o)
                0x200000b8                __malloc_sbrk_start
 .bss.__malloc_free_list
                0x200000bc        0x4 c:/program files (x86)/atmel/atmel toolchain/arm gcc/native/4.8.1443/arm-gnu-toolchain/bin/../lib/gcc/arm-none-eabi/4.8.4/../../../../arm-none-eabi/lib/armv6-m\libc_s.a(lib_a-nano-mallocr.o)
                0x200000bc                __malloc_free_list
 *(COMMON)
 COMMON         0x200000c0        0x4 src/ASF/sam0/utils/stdio/read.o
                0x200000c0                ptr_get
 COMMON         0x200000c4        0x8 src/ASF/sam0/utils/stdio/write.o
                0x200000c4                ptr_put
                0x200000c8                stdio_base
 COMMON         0x200000cc        0x8 src/qs_usart_basic_use.o
                0x200000cc                r
 COMMON         0x200000d4        0x4 c:/program files (x86)/atmel/atmel toolchain/arm gcc/native/4.8.1443/arm-gnu-toolchain/bin/../lib/gcc/arm-none-eabi/4.8.4/../../../../arm-none-eabi/lib/armv6-m\libc_s.a(lib_a-reent.o)
                0x200000d4                errno
                0x200000d8                . = ALIGN (0x4)
                0x200000d8                _ebss = .
                0x200000d8                _ezero = .

.stack          0x200000d8     0x2000 load address 0x0000262c
                0x200000d8                . = ALIGN (0x8)
                0x200000d8                _sstack = .
                0x200020d8                . = (. + STACK_SIZE)
 *fill*         0x200000d8     0x2000 
                0x200020d8                . = ALIGN (0x8)
                0x200020d8                _estack = .
                0x200020d8                . = ALIGN (0x4)
                0x200020d8                _end = .
OUTPUT(USART_QUICK_START1.elf elf32-littlearm)

.ARM.attributes
                0x00000000       0x28
 .ARM.attributes
                0x00000000       0x1e c:/program files (x86)/atmel/atmel toolchain/arm gcc/native/4.8.1443/arm-gnu-toolchain/bin/../lib/gcc/arm-none-eabi/4.8.4/armv6-m/crti.o
 .ARM.attributes
                0x0000001e       0x2c c:/program files (x86)/atmel/atmel toolchain/arm gcc/native/4.8.1443/arm-gnu-toolchain/bin/../lib/gcc/arm-none-eabi/4.8.4/armv6-m/crtbegin.o
 .ARM.attributes
                0x0000004a       0x32 src/ASF/sam0/utils/stdio/read.o
 .ARM.attributes
                0x0000007c       0x32 src/ASF/sam0/utils/stdio/write.o
 .ARM.attributes
                0x000000ae       0x32 src/radio_commands.o
 .ARM.attributes
                0x000000e0       0x32 src/ASF/common/utils/interrupt/interrupt_sam_nvic.o
 .ARM.attributes
                0x00000112       0x32 src/ASF/sam0/boards/samd21_xplained_pro/board_init.o
 .ARM.attributes
                0x00000144       0x32 src/ASF/sam0/drivers/port/port.o
 .ARM.attributes
                0x00000176       0x32 src/ASF/sam0/drivers/sercom/sercom.o
 .ARM.attributes
                0x000001a8       0x32 src/ASF/sam0/drivers/sercom/usart/usart.o
 .ARM.attributes
                0x000001da       0x32 src/ASF/sam0/drivers/system/clock/clock_samd21_r21_da/clock.o
 .ARM.attributes
                0x0000020c       0x32 src/ASF/sam0/drivers/system/clock/clock_samd21_r21_da/gclk.o
 .ARM.attributes
                0x0000023e       0x32 src/ASF/sam0/drivers/system/pinmux/pinmux.o
 .ARM.attributes
                0x00000270       0x32 src/ASF/sam0/drivers/system/system.o
 .ARM.attributes
                0x000002a2       0x32 src/ASF/sam0/utils/cmsis/samd21/source/gcc/startup_samd21.o
 .ARM.attributes
                0x000002d4       0x32 src/ASF/sam0/utils/syscalls/gcc/syscalls.o
 .ARM.attributes
                0x00000306       0x32 src/qs_usart_basic_use.o
 .ARM.attributes
                0x00000338       0x1e c:/program files (x86)/atmel/atmel toolchain/arm gcc/native/4.8.1443/arm-gnu-toolchain/bin/../lib/gcc/arm-none-eabi/4.8.4/armv6-m\libgcc.a(_udivsi3.o)
 .ARM.attributes
                0x00000356       0x1e c:/program files (x86)/atmel/atmel toolchain/arm gcc/native/4.8.1443/arm-gnu-toolchain/bin/../lib/gcc/arm-none-eabi/4.8.4/armv6-m\libgcc.a(_dvmd_tls.o)
 .ARM.attributes
                0x00000374       0x2c c:/program files (x86)/atmel/atmel toolchain/arm gcc/native/4.8.1443/arm-gnu-toolchain/bin/../lib/gcc/arm-none-eabi/4.8.4/armv6-m\libgcc.a(_muldi3.o)
 .ARM.attributes
                0x000003a0       0x2c c:/program files (x86)/atmel/atmel toolchain/arm gcc/native/4.8.1443/arm-gnu-toolchain/bin/../lib/gcc/arm-none-eabi/4.8.4/../../../../arm-none-eabi/lib/armv6-m\libc_s.a(lib_a-impure.o)
 .ARM.attributes
                0x000003cc       0x2c c:/program files (x86)/atmel/atmel toolchain/arm gcc/native/4.8.1443/arm-gnu-toolchain/bin/../lib/gcc/arm-none-eabi/4.8.4/../../../../arm-none-eabi/lib/armv6-m\libc_s.a(lib_a-init.o)
 .ARM.attributes
                0x000003f8       0x2c c:/program files (x86)/atmel/atmel toolchain/arm gcc/native/4.8.1443/arm-gnu-toolchain/bin/../lib/gcc/arm-none-eabi/4.8.4/../../../../arm-none-eabi/lib/armv6-m\libc_s.a(lib_a-memcpy-stub.o)
 .ARM.attributes
                0x00000424       0x2c c:/program files (x86)/atmel/atmel toolchain/arm gcc/native/4.8.1443/arm-gnu-toolchain/bin/../lib/gcc/arm-none-eabi/4.8.4/../../../../arm-none-eabi/lib/armv6-m\libc_s.a(lib_a-memset.o)
 .ARM.attributes
                0x00000450       0x2c c:/program files (x86)/atmel/atmel toolchain/arm gcc/native/4.8.1443/arm-gnu-toolchain/bin/../lib/gcc/arm-none-eabi/4.8.4/../../../../arm-none-eabi/lib/armv6-m\libc_s.a(lib_a-printf.o)
 .ARM.attributes
                0x0000047c       0x2c c:/program files (x86)/atmel/atmel toolchain/arm gcc/native/4.8.1443/arm-gnu-toolchain/bin/../lib/gcc/arm-none-eabi/4.8.4/../../../../arm-none-eabi/lib/armv6-m\libc_s.a(lib_a-setbuf.o)
 .ARM.attributes
                0x000004a8       0x2c c:/program files (x86)/atmel/atmel toolchain/arm gcc/native/4.8.1443/arm-gnu-toolchain/bin/../lib/gcc/arm-none-eabi/4.8.4/../../../../arm-none-eabi/lib/armv6-m\libc_s.a(lib_a-setvbuf.o)
 .ARM.attributes
                0x000004d4       0x2c c:/program files (x86)/atmel/atmel toolchain/arm gcc/native/4.8.1443/arm-gnu-toolchain/bin/../lib/gcc/arm-none-eabi/4.8.4/../../../../arm-none-eabi/lib/armv6-m\libc_s.a(lib_a-vfprintf.o)
 .ARM.attributes
                0x00000500       0x2c c:/program files (x86)/atmel/atmel toolchain/arm gcc/native/4.8.1443/arm-gnu-toolchain/bin/../lib/gcc/arm-none-eabi/4.8.4/../../../../arm-none-eabi/lib/armv6-m\libc_s.a(lib_a-vfprintf_i.o)
 .ARM.attributes
                0x0000052c       0x2c c:/program files (x86)/atmel/atmel toolchain/arm gcc/native/4.8.1443/arm-gnu-toolchain/bin/../lib/gcc/arm-none-eabi/4.8.4/../../../../arm-none-eabi/lib/armv6-m\libc_s.a(lib_a-wbuf.o)
 .ARM.attributes
                0x00000558       0x2c c:/program files (x86)/atmel/atmel toolchain/arm gcc/native/4.8.1443/arm-gnu-toolchain/bin/../lib/gcc/arm-none-eabi/4.8.4/../../../../arm-none-eabi/lib/armv6-m\libc_s.a(lib_a-wsetup.o)
 .ARM.attributes
                0x00000584       0x2c c:/program files (x86)/atmel/atmel toolchain/arm gcc/native/4.8.1443/arm-gnu-toolchain/bin/../lib/gcc/arm-none-eabi/4.8.4/../../../../arm-none-eabi/lib/armv6-m\libc_s.a(lib_a-fflush.o)
 .ARM.attributes
                0x000005b0       0x2c c:/program files (x86)/atmel/atmel toolchain/arm gcc/native/4.8.1443/arm-gnu-toolchain/bin/../lib/gcc/arm-none-eabi/4.8.4/../../../../arm-none-eabi/lib/armv6-m\libc_s.a(lib_a-findfp.o)
 .ARM.attributes
                0x000005dc       0x2c c:/program files (x86)/atmel/atmel toolchain/arm gcc/native/4.8.1443/arm-gnu-toolchain/bin/../lib/gcc/arm-none-eabi/4.8.4/../../../../arm-none-eabi/lib/armv6-m\libc_s.a(lib_a-makebuf.o)
 .ARM.attributes
                0x00000608       0x2c c:/program files (x86)/atmel/atmel toolchain/arm gcc/native/4.8.1443/arm-gnu-toolchain/bin/../lib/gcc/arm-none-eabi/4.8.4/../../../../arm-none-eabi/lib/armv6-m\libc_s.a(lib_a-malloc.o)
 .ARM.attributes
                0x00000634       0x2c c:/program files (x86)/atmel/atmel toolchain/arm gcc/native/4.8.1443/arm-gnu-toolchain/bin/../lib/gcc/arm-none-eabi/4.8.4/../../../../arm-none-eabi/lib/armv6-m\libc_s.a(lib_a-memchr-stub.o)
 .ARM.attributes
                0x00000660       0x2c c:/program files (x86)/atmel/atmel toolchain/arm gcc/native/4.8.1443/arm-gnu-toolchain/bin/../lib/gcc/arm-none-eabi/4.8.4/../../../../arm-none-eabi/lib/armv6-m\libc_s.a(lib_a-nano-freer.o)
 .ARM.attributes
                0x0000068c       0x2c c:/program files (x86)/atmel/atmel toolchain/arm gcc/native/4.8.1443/arm-gnu-toolchain/bin/../lib/gcc/arm-none-eabi/4.8.4/../../../../arm-none-eabi/lib/armv6-m\libc_s.a(lib_a-nano-mallocr.o)
 .ARM.attributes
                0x000006b8       0x2c c:/program files (x86)/atmel/atmel toolchain/arm gcc/native/4.8.1443/arm-gnu-toolchain/bin/../lib/gcc/arm-none-eabi/4.8.4/../../../../arm-none-eabi/lib/armv6-m\libc_s.a(lib_a-sbrkr.o)
 .ARM.attributes
                0x000006e4       0x2c c:/program files (x86)/atmel/atmel toolchain/arm gcc/native/4.8.1443/arm-gnu-toolchain/bin/../lib/gcc/arm-none-eabi/4.8.4/../../../../arm-none-eabi/lib/armv6-m\libc_s.a(lib_a-stdio.o)
 .ARM.attributes
                0x00000710       0x2c c:/program files (x86)/atmel/atmel toolchain/arm gcc/native/4.8.1443/arm-gnu-toolchain/bin/../lib/gcc/arm-none-eabi/4.8.4/../../../../arm-none-eabi/lib/armv6-m\libc_s.a(lib_a-strlen.o)
 .ARM.attributes
                0x0000073c       0x2c c:/program files (x86)/atmel/atmel toolchain/arm gcc/native/4.8.1443/arm-gnu-toolchain/bin/../lib/gcc/arm-none-eabi/4.8.4/../../../../arm-none-eabi/lib/armv6-m\libc_s.a(lib_a-writer.o)
 .ARM.attributes
                0x00000768       0x2c c:/program files (x86)/atmel/atmel toolchain/arm gcc/native/4.8.1443/arm-gnu-toolchain/bin/../lib/gcc/arm-none-eabi/4.8.4/../../../../arm-none-eabi/lib/armv6-m\libc_s.a(lib_a-closer.o)
 .ARM.attributes
                0x00000794       0x2c c:/program files (x86)/atmel/atmel toolchain/arm gcc/native/4.8.1443/arm-gnu-toolchain/bin/../lib/gcc/arm-none-eabi/4.8.4/../../../../arm-none-eabi/lib/armv6-m\libc_s.a(lib_a-fstatr.o)
 .ARM.attributes
                0x000007c0       0x2c c:/program files (x86)/atmel/atmel toolchain/arm gcc/native/4.8.1443/arm-gnu-toolchain/bin/../lib/gcc/arm-none-eabi/4.8.4/../../../../arm-none-eabi/lib/armv6-m\libc_s.a(lib_a-isattyr.o)
 .ARM.attributes
                0x000007ec       0x2c c:/program files (x86)/atmel/atmel toolchain/arm gcc/native/4.8.1443/arm-gnu-toolchain/bin/../lib/gcc/arm-none-eabi/4.8.4/../../../../arm-none-eabi/lib/armv6-m\libc_s.a(lib_a-lseekr.o)
 .ARM.attributes
                0x00000818       0x2c c:/program files (x86)/atmel/atmel toolchain/arm gcc/native/4.8.1443/arm-gnu-toolchain/bin/../lib/gcc/arm-none-eabi/4.8.4/../../../../arm-none-eabi/lib/armv6-m\libc_s.a(lib_a-readr.o)
 .ARM.attributes
                0x00000844       0x2c c:/program files (x86)/atmel/atmel toolchain/arm gcc/native/4.8.1443/arm-gnu-toolchain/bin/../lib/gcc/arm-none-eabi/4.8.4/../../../../arm-none-eabi/lib/armv6-m\libc_s.a(lib_a-reent.o)
 .ARM.attributes
                0x00000870       0x1e c:/program files (x86)/atmel/atmel toolchain/arm gcc/native/4.8.1443/arm-gnu-toolchain/bin/../lib/gcc/arm-none-eabi/4.8.4/armv6-m/crtn.o

.comment        0x00000000       0x5b
 .comment       0x00000000       0x5b src/ASF/sam0/utils/stdio/read.o
                                 0x5c (size before relaxing)
 .comment       0x00000000       0x5c src/ASF/sam0/utils/stdio/write.o
 .comment       0x00000000       0x5c src/radio_commands.o
 .comment       0x00000000       0x5c src/ASF/common/utils/interrupt/interrupt_sam_nvic.o
 .comment       0x00000000       0x5c src/ASF/sam0/boards/samd21_xplained_pro/board_init.o
 .comment       0x00000000       0x5c src/ASF/sam0/drivers/port/port.o
 .comment       0x00000000       0x5c src/ASF/sam0/drivers/sercom/sercom.o
 .comment       0x00000000       0x5c src/ASF/sam0/drivers/sercom/usart/usart.o
 .comment       0x00000000       0x5c src/ASF/sam0/drivers/system/clock/clock_samd21_r21_da/clock.o
 .comment       0x00000000       0x5c src/ASF/sam0/drivers/system/clock/clock_samd21_r21_da/gclk.o
 .comment       0x00000000       0x5c src/ASF/sam0/drivers/system/pinmux/pinmux.o
 .comment       0x00000000       0x5c src/ASF/sam0/drivers/system/system.o
 .comment       0x00000000       0x5c src/ASF/sam0/utils/cmsis/samd21/source/gcc/startup_samd21.o
 .comment       0x00000000       0x5c src/ASF/sam0/utils/syscalls/gcc/syscalls.o
 .comment       0x00000000       0x5c src/qs_usart_basic_use.o

.debug_info     0x00000000    0x16ea2
 .debug_info    0x00000000      0x1c2 src/ASF/sam0/utils/stdio/read.o
 .debug_info    0x000001c2      0x1bf src/ASF/sam0/utils/stdio/write.o
 .debug_info    0x00000381     0x30eb src/radio_commands.o
 .debug_info    0x0000346c      0x1ec src/ASF/common/utils/interrupt/interrupt_sam_nvic.o
 .debug_info    0x00003658      0x970 src/ASF/sam0/boards/samd21_xplained_pro/board_init.o
 .debug_info    0x00003fc8      0x968 src/ASF/sam0/drivers/port/port.o
 .debug_info    0x00004930     0x254d src/ASF/sam0/drivers/sercom/sercom.o
 .debug_info    0x00006e7d     0x3fd5 src/ASF/sam0/drivers/sercom/usart/usart.o
 .debug_info    0x0000ae52     0x2d8d src/ASF/sam0/drivers/system/clock/clock_samd21_r21_da/clock.o
 .debug_info    0x0000dbdf     0x1547 src/ASF/sam0/drivers/system/clock/clock_samd21_r21_da/gclk.o
 .debug_info    0x0000f126      0xa49 src/ASF/sam0/drivers/system/pinmux/pinmux.o
 .debug_info    0x0000fb6f      0x17a src/ASF/sam0/drivers/system/system.o
 .debug_info    0x0000fce9     0x3a75 src/ASF/sam0/utils/cmsis/samd21/source/gcc/startup_samd21.o
 .debug_info    0x0001375e      0x427 src/ASF/sam0/utils/syscalls/gcc/syscalls.o
 .debug_info    0x00013b85     0x331d src/qs_usart_basic_use.o

.debug_abbrev   0x00000000     0x2259
 .debug_abbrev  0x00000000      0x108 src/ASF/sam0/utils/stdio/read.o
 .debug_abbrev  0x00000108       0xf5 src/ASF/sam0/utils/stdio/write.o
 .debug_abbrev  0x000001fd      0x364 src/radio_commands.o
 .debug_abbrev  0x00000561       0xf6 src/ASF/common/utils/interrupt/interrupt_sam_nvic.o
 .debug_abbrev  0x00000657      0x22b src/ASF/sam0/boards/samd21_xplained_pro/board_init.o
 .debug_abbrev  0x00000882      0x1da src/ASF/sam0/drivers/port/port.o
 .debug_abbrev  0x00000a5c      0x2fd src/ASF/sam0/drivers/sercom/sercom.o
 .debug_abbrev  0x00000d59      0x3a0 src/ASF/sam0/drivers/sercom/usart/usart.o
 .debug_abbrev  0x000010f9      0x3ba src/ASF/sam0/drivers/system/clock/clock_samd21_r21_da/clock.o
 .debug_abbrev  0x000014b3      0x327 src/ASF/sam0/drivers/system/clock/clock_samd21_r21_da/gclk.o
 .debug_abbrev  0x000017da      0x287 src/ASF/sam0/drivers/system/pinmux/pinmux.o
 .debug_abbrev  0x00001a61       0xb9 src/ASF/sam0/drivers/system/system.o
 .debug_abbrev  0x00001b1a      0x213 src/ASF/sam0/utils/cmsis/samd21/source/gcc/startup_samd21.o
 .debug_abbrev  0x00001d2d      0x141 src/ASF/sam0/utils/syscalls/gcc/syscalls.o
 .debug_abbrev  0x00001e6e      0x3eb src/qs_usart_basic_use.o

.debug_loc      0x00000000     0x404a
 .debug_loc     0x00000000       0xfb src/ASF/sam0/utils/stdio/read.o
 .debug_loc     0x000000fb      0x140 src/ASF/sam0/utils/stdio/write.o
 .debug_loc     0x0000023b      0x8b3 src/radio_commands.o
 .debug_loc     0x00000aee       0x1e src/ASF/common/utils/interrupt/interrupt_sam_nvic.o
 .debug_loc     0x00000b0c       0x59 src/ASF/sam0/boards/samd21_xplained_pro/board_init.o
 .debug_loc     0x00000b65      0x16d src/ASF/sam0/drivers/port/port.o
 .debug_loc     0x00000cd2      0x982 src/ASF/sam0/drivers/sercom/sercom.o
 .debug_loc     0x00001654      0xe7b src/ASF/sam0/drivers/sercom/usart/usart.o
 .debug_loc     0x000024cf      0xfa4 src/ASF/sam0/drivers/system/clock/clock_samd21_r21_da/clock.o
 .debug_loc     0x00003473      0x508 src/ASF/sam0/drivers/system/clock/clock_samd21_r21_da/gclk.o
 .debug_loc     0x0000397b      0x2e3 src/ASF/sam0/drivers/system/pinmux/pinmux.o
 .debug_loc     0x00003c5e       0x20 src/ASF/sam0/drivers/system/system.o
 .debug_loc     0x00003c7e       0x7c src/ASF/sam0/utils/cmsis/samd21/source/gcc/startup_samd21.o
 .debug_loc     0x00003cfa      0x112 src/ASF/sam0/utils/syscalls/gcc/syscalls.o
 .debug_loc     0x00003e0c      0x23e src/qs_usart_basic_use.o

.debug_aranges  0x00000000      0x3e0
 .debug_aranges
                0x00000000       0x20 src/ASF/sam0/utils/stdio/read.o
 .debug_aranges
                0x00000020       0x20 src/ASF/sam0/utils/stdio/write.o
 .debug_aranges
                0x00000040       0x98 src/radio_commands.o
 .debug_aranges
                0x000000d8       0x28 src/ASF/common/utils/interrupt/interrupt_sam_nvic.o
 .debug_aranges
                0x00000100       0x20 src/ASF/sam0/boards/samd21_xplained_pro/board_init.o
 .debug_aranges
                0x00000120       0x28 src/ASF/sam0/drivers/port/port.o
 .debug_aranges
                0x00000148       0x40 src/ASF/sam0/drivers/sercom/sercom.o
 .debug_aranges
                0x00000188       0x40 src/ASF/sam0/drivers/sercom/usart/usart.o
 .debug_aranges
                0x000001c8       0x78 src/ASF/sam0/drivers/system/clock/clock_samd21_r21_da/clock.o
 .debug_aranges
                0x00000240       0x80 src/ASF/sam0/drivers/system/clock/clock_samd21_r21_da/gclk.o
 .debug_aranges
                0x000002c0       0x38 src/ASF/sam0/drivers/system/pinmux/pinmux.o
 .debug_aranges
                0x000002f8       0x28 src/ASF/sam0/drivers/system/system.o
 .debug_aranges
                0x00000320       0x28 src/ASF/sam0/utils/cmsis/samd21/source/gcc/startup_samd21.o
 .debug_aranges
                0x00000348       0x60 src/ASF/sam0/utils/syscalls/gcc/syscalls.o
 .debug_aranges
                0x000003a8       0x38 src/qs_usart_basic_use.o

.debug_ranges   0x00000000      0x3e0
 .debug_ranges  0x00000000       0x10 src/ASF/sam0/utils/stdio/read.o
 .debug_ranges  0x00000010       0x10 src/ASF/sam0/utils/stdio/write.o
 .debug_ranges  0x00000020       0xa0 src/radio_commands.o
 .debug_ranges  0x000000c0       0x18 src/ASF/common/utils/interrupt/interrupt_sam_nvic.o
 .debug_ranges  0x000000d8       0x10 src/ASF/sam0/boards/samd21_xplained_pro/board_init.o
 .debug_ranges  0x000000e8       0x18 src/ASF/sam0/drivers/port/port.o
 .debug_ranges  0x00000100       0x48 src/ASF/sam0/drivers/sercom/sercom.o
 .debug_ranges  0x00000148       0xf0 src/ASF/sam0/drivers/sercom/usart/usart.o
 .debug_ranges  0x00000238       0x68 src/ASF/sam0/drivers/system/clock/clock_samd21_r21_da/clock.o
 .debug_ranges  0x000002a0       0x70 src/ASF/sam0/drivers/system/clock/clock_samd21_r21_da/gclk.o
 .debug_ranges  0x00000310       0x28 src/ASF/sam0/drivers/system/pinmux/pinmux.o
 .debug_ranges  0x00000338       0x18 src/ASF/sam0/drivers/system/system.o
 .debug_ranges  0x00000350       0x18 src/ASF/sam0/utils/cmsis/samd21/source/gcc/startup_samd21.o
 .debug_ranges  0x00000368       0x50 src/ASF/sam0/utils/syscalls/gcc/syscalls.o
 .debug_ranges  0x000003b8       0x28 src/qs_usart_basic_use.o

.debug_macro    0x00000000    0x18d33
 .debug_macro   0x00000000      0x46b src/ASF/sam0/utils/stdio/read.o
 .debug_macro   0x0000046b      0x832 src/ASF/sam0/utils/stdio/read.o
 .debug_macro   0x00000c9d      0x166 src/ASF/sam0/utils/stdio/read.o
 .debug_macro   0x00000e03      0x5db src/ASF/sam0/utils/stdio/read.o
 .debug_macro   0x000013de       0x16 src/ASF/sam0/utils/stdio/read.o
 .debug_macro   0x000013f4       0x44 src/ASF/sam0/utils/stdio/read.o
 .debug_macro   0x00001438      0x209 src/ASF/sam0/utils/stdio/read.o
 .debug_macro   0x00001641       0x10 src/ASF/sam0/utils/stdio/read.o
 .debug_macro   0x00001651       0x76 src/ASF/sam0/utils/stdio/read.o
 .debug_macro   0x000016c7       0x16 src/ASF/sam0/utils/stdio/read.o
 .debug_macro   0x000016dd      0x6e5 src/ASF/sam0/utils/stdio/read.o
 .debug_macro   0x00001dc2      0xde2 src/ASF/sam0/utils/stdio/read.o
 .debug_macro   0x00002ba4       0x22 src/ASF/sam0/utils/stdio/read.o
 .debug_macro   0x00002bc6       0x40 src/ASF/sam0/utils/stdio/read.o
 .debug_macro   0x00002c06       0x3a src/ASF/sam0/utils/stdio/read.o
 .debug_macro   0x00002c40       0x1f src/ASF/sam0/utils/stdio/read.o
 .debug_macro   0x00002c5f      0x250 src/ASF/sam0/utils/stdio/read.o
 .debug_macro   0x00002eaf      0x682 src/ASF/sam0/utils/stdio/read.o
 .debug_macro   0x00003531      0x8c1 src/ASF/sam0/utils/stdio/read.o
 .debug_macro   0x00003df2      0x235 src/ASF/sam0/utils/stdio/read.o
 .debug_macro   0x00004027      0xd66 src/ASF/sam0/utils/stdio/read.o
 .debug_macro   0x00004d8d      0x4ce src/ASF/sam0/utils/stdio/read.o
 .debug_macro   0x0000525b      0x9fb src/ASF/sam0/utils/stdio/read.o
 .debug_macro   0x00005c56      0x82e src/ASF/sam0/utils/stdio/read.o
 .debug_macro   0x00006484      0x462 src/ASF/sam0/utils/stdio/read.o
 .debug_macro   0x000068e6       0x5e src/ASF/sam0/utils/stdio/read.o
 .debug_macro   0x00006944      0x907 src/ASF/sam0/utils/stdio/read.o
 .debug_macro   0x0000724b      0x226 src/ASF/sam0/utils/stdio/read.o
 .debug_macro   0x00007471      0x9d3 src/ASF/sam0/utils/stdio/read.o
 .debug_macro   0x00007e44       0x5e src/ASF/sam0/utils/stdio/read.o
 .debug_macro   0x00007ea2      0x682 src/ASF/sam0/utils/stdio/read.o
 .debug_macro   0x00008524      0x3b8 src/ASF/sam0/utils/stdio/read.o
 .debug_macro   0x000088dc      0xc55 src/ASF/sam0/utils/stdio/read.o
 .debug_macro   0x00009531     0x1093 src/ASF/sam0/utils/stdio/read.o
 .debug_macro   0x0000a5c4      0xc4a src/ASF/sam0/utils/stdio/read.o
 .debug_macro   0x0000b20e      0x6c2 src/ASF/sam0/utils/stdio/read.o
 .debug_macro   0x0000b8d0     0x1b4e src/ASF/sam0/utils/stdio/read.o
 .debug_macro   0x0000d41e     0x144d src/ASF/sam0/utils/stdio/read.o
 .debug_macro   0x0000e86b      0x351 src/ASF/sam0/utils/stdio/read.o
 .debug_macro   0x0000ebbc       0x7c src/ASF/sam0/utils/stdio/read.o
 .debug_macro   0x0000ec38       0xa0 src/ASF/sam0/utils/stdio/read.o
 .debug_macro   0x0000ecd8       0x4c src/ASF/sam0/utils/stdio/read.o
 .debug_macro   0x0000ed24       0xca src/ASF/sam0/utils/stdio/read.o
 .debug_macro   0x0000edee       0x94 src/ASF/sam0/utils/stdio/read.o
 .debug_macro   0x0000ee82       0x58 src/ASF/sam0/utils/stdio/read.o
 .debug_macro   0x0000eeda      0x38a src/ASF/sam0/utils/stdio/read.o
 .debug_macro   0x0000f264       0x82 src/ASF/sam0/utils/stdio/read.o
 .debug_macro   0x0000f2e6      0x19a src/ASF/sam0/utils/stdio/read.o
 .debug_macro   0x0000f480       0xb8 src/ASF/sam0/utils/stdio/read.o
 .debug_macro   0x0000f538       0xa0 src/ASF/sam0/utils/stdio/read.o
 .debug_macro   0x0000f5d8       0xbe src/ASF/sam0/utils/stdio/read.o
 .debug_macro   0x0000f696       0x1c src/ASF/sam0/utils/stdio/read.o
 .debug_macro   0x0000f6b2       0x1c src/ASF/sam0/utils/stdio/read.o
 .debug_macro   0x0000f6ce       0x1c src/ASF/sam0/utils/stdio/read.o
 .debug_macro   0x0000f6ea       0x82 src/ASF/sam0/utils/stdio/read.o
 .debug_macro   0x0000f76c      0x164 src/ASF/sam0/utils/stdio/read.o
 .debug_macro   0x0000f8d0       0xdc src/ASF/sam0/utils/stdio/read.o
 .debug_macro   0x0000f9ac      0x132 src/ASF/sam0/utils/stdio/read.o
 .debug_macro   0x0000fade      0x132 src/ASF/sam0/utils/stdio/read.o
 .debug_macro   0x0000fc10      0x132 src/ASF/sam0/utils/stdio/read.o
 .debug_macro   0x0000fd42      0x132 src/ASF/sam0/utils/stdio/read.o
 .debug_macro   0x0000fe74      0x132 src/ASF/sam0/utils/stdio/read.o
 .debug_macro   0x0000ffa6      0x132 src/ASF/sam0/utils/stdio/read.o
 .debug_macro   0x000100d8      0x11e src/ASF/sam0/utils/stdio/read.o
 .debug_macro   0x000101f6       0xe2 src/ASF/sam0/utils/stdio/read.o
 .debug_macro   0x000102d8       0xe2 src/ASF/sam0/utils/stdio/read.o
 .debug_macro   0x000103ba       0xe2 src/ASF/sam0/utils/stdio/read.o
 .debug_macro   0x0001049c       0xe2 src/ASF/sam0/utils/stdio/read.o
 .debug_macro   0x0001057e       0xe2 src/ASF/sam0/utils/stdio/read.o
 .debug_macro   0x00010660      0x136 src/ASF/sam0/utils/stdio/read.o
 .debug_macro   0x00010796      0x106 src/ASF/sam0/utils/stdio/read.o
 .debug_macro   0x0001089c       0xfa src/ASF/sam0/utils/stdio/read.o
 .debug_macro   0x00010996      0x40f src/ASF/sam0/utils/stdio/read.o
 .debug_macro   0x00010da5       0x40 src/ASF/sam0/utils/stdio/read.o
 .debug_macro   0x00010de5      0x37d src/ASF/sam0/utils/stdio/read.o
 .debug_macro   0x00011162     0x1e5c src/ASF/sam0/utils/stdio/read.o
 .debug_macro   0x00012fbe       0x51 src/ASF/sam0/utils/stdio/read.o
 .debug_macro   0x0001300f       0x58 src/ASF/sam0/utils/stdio/read.o
 .debug_macro   0x00013067       0x35 src/ASF/sam0/utils/stdio/read.o
 .debug_macro   0x0001309c       0xa3 src/ASF/sam0/utils/stdio/read.o
 .debug_macro   0x0001313f       0x16 src/ASF/sam0/utils/stdio/read.o
 .debug_macro   0x00013155       0x35 src/ASF/sam0/utils/stdio/read.o
 .debug_macro   0x0001318a       0x10 src/ASF/sam0/utils/stdio/read.o
 .debug_macro   0x0001319a       0x52 src/ASF/sam0/utils/stdio/read.o
 .debug_macro   0x000131ec       0x16 src/ASF/sam0/utils/stdio/read.o
 .debug_macro   0x00013202       0x43 src/ASF/sam0/utils/stdio/read.o
 .debug_macro   0x00013245      0x180 src/ASF/sam0/utils/stdio/read.o
 .debug_macro   0x000133c5       0x10 src/ASF/sam0/utils/stdio/read.o
 .debug_macro   0x000133d5       0x22 src/ASF/sam0/utils/stdio/read.o
 .debug_macro   0x000133f7       0xbd src/ASF/sam0/utils/stdio/read.o
 .debug_macro   0x000134b4       0x16 src/ASF/sam0/utils/stdio/read.o
 .debug_macro   0x000134ca      0x16c src/ASF/sam0/utils/stdio/read.o
 .debug_macro   0x00013636       0x16 src/ASF/sam0/utils/stdio/read.o
 .debug_macro   0x0001364c       0x16 src/ASF/sam0/utils/stdio/read.o
 .debug_macro   0x00013662       0x29 src/ASF/sam0/utils/stdio/read.o
 .debug_macro   0x0001368b       0x51 src/ASF/sam0/utils/stdio/read.o
 .debug_macro   0x000136dc       0x3f src/ASF/sam0/utils/stdio/read.o
 .debug_macro   0x0001371b      0x3df src/ASF/sam0/utils/stdio/read.o
 .debug_macro   0x00013afa      0x46b src/ASF/sam0/utils/stdio/write.o
 .debug_macro   0x00013f65      0x558 src/radio_commands.o
 .debug_macro   0x000144bd      0x272 src/radio_commands.o
 .debug_macro   0x0001472f      0x9f7 src/radio_commands.o
 .debug_macro   0x00015126       0x11 src/radio_commands.o
 .debug_macro   0x00015137       0x12 src/radio_commands.o
 .debug_macro   0x00015149       0x11 src/radio_commands.o
 .debug_macro   0x0001515a       0x2e src/radio_commands.o
 .debug_macro   0x00015188       0xb2 src/radio_commands.o
 .debug_macro   0x0001523a       0x10 src/radio_commands.o
 .debug_macro   0x0001524a       0x57 src/radio_commands.o
 .debug_macro   0x000152a1      0x46b src/ASF/common/utils/interrupt/interrupt_sam_nvic.o
 .debug_macro   0x0001570c      0x4a7 src/ASF/sam0/boards/samd21_xplained_pro/board_init.o
 .debug_macro   0x00015bb3      0x485 src/ASF/sam0/drivers/port/port.o
 .debug_macro   0x00016038      0x4f9 src/ASF/sam0/drivers/sercom/sercom.o
 .debug_macro   0x00016531      0x4f1 src/ASF/sam0/drivers/sercom/usart/usart.o
 .debug_macro   0x00016a22       0x51 src/ASF/sam0/drivers/sercom/usart/usart.o
 .debug_macro   0x00016a73      0x4dd src/ASF/sam0/drivers/system/clock/clock_samd21_r21_da/clock.o
 .debug_macro   0x00016f50      0x29d src/ASF/sam0/drivers/system/clock/clock_samd21_r21_da/clock.o
 .debug_macro   0x000171ed      0x4a1 src/ASF/sam0/drivers/system/clock/clock_samd21_r21_da/gclk.o
 .debug_macro   0x0001768e      0x47d src/ASF/sam0/drivers/system/pinmux/pinmux.o
 .debug_macro   0x00017b0b      0x4af src/ASF/sam0/drivers/system/system.o
 .debug_macro   0x00017fba      0x2d8 src/ASF/sam0/utils/cmsis/samd21/source/gcc/startup_samd21.o
 .debug_macro   0x00018292       0x3a src/ASF/sam0/utils/cmsis/samd21/source/gcc/startup_samd21.o
 .debug_macro   0x000182cc      0x129 src/ASF/sam0/utils/syscalls/gcc/syscalls.o
 .debug_macro   0x000183f5       0x97 src/ASF/sam0/utils/syscalls/gcc/syscalls.o
 .debug_macro   0x0001848c       0xef src/ASF/sam0/utils/syscalls/gcc/syscalls.o
 .debug_macro   0x0001857b       0x4a src/ASF/sam0/utils/syscalls/gcc/syscalls.o
 .debug_macro   0x000185c5       0x52 src/ASF/sam0/utils/syscalls/gcc/syscalls.o
 .debug_macro   0x00018617       0x16 src/ASF/sam0/utils/syscalls/gcc/syscalls.o
 .debug_macro   0x0001862d       0x10 src/ASF/sam0/utils/syscalls/gcc/syscalls.o
 .debug_macro   0x0001863d       0x41 src/ASF/sam0/utils/syscalls/gcc/syscalls.o
 .debug_macro   0x0001867e      0x120 src/ASF/sam0/utils/syscalls/gcc/syscalls.o
 .debug_macro   0x0001879e      0x561 src/qs_usart_basic_use.o
 .debug_macro   0x00018cff       0x34 src/qs_usart_basic_use.o

.debug_line     0x00000000     0x90d7
 .debug_line    0x00000000      0x846 src/ASF/sam0/utils/stdio/read.o
 .debug_line    0x00000846      0x83c src/ASF/sam0/utils/stdio/write.o
 .debug_line    0x00001082      0xd65 src/radio_commands.o
 .debug_line    0x00001de7      0x86a src/ASF/common/utils/interrupt/interrupt_sam_nvic.o
 .debug_line    0x00002651      0x911 src/ASF/sam0/boards/samd21_xplained_pro/board_init.o
 .debug_line    0x00002f62      0x896 src/ASF/sam0/drivers/port/port.o
 .debug_line    0x000037f8      0xb59 src/ASF/sam0/drivers/sercom/sercom.o
 .debug_line    0x00004351      0xc65 src/ASF/sam0/drivers/sercom/usart/usart.o
 .debug_line    0x00004fb6      0xbcc src/ASF/sam0/drivers/system/clock/clock_samd21_r21_da/clock.o
 .debug_line    0x00005b82      0xbf2 src/ASF/sam0/drivers/system/clock/clock_samd21_r21_da/gclk.o
 .debug_line    0x00006774      0x8b4 src/ASF/sam0/drivers/system/pinmux/pinmux.o
 .debug_line    0x00007028      0x985 src/ASF/sam0/drivers/system/system.o
 .debug_line    0x000079ad      0x66a src/ASF/sam0/utils/cmsis/samd21/source/gcc/startup_samd21.o
 .debug_line    0x00008017      0x39d src/ASF/sam0/utils/syscalls/gcc/syscalls.o
 .debug_line    0x000083b4      0xd23 src/qs_usart_basic_use.o

.debug_str      0x00000000    0x8a252
 .debug_str     0x00000000    0x7f73b src/ASF/sam0/utils/stdio/read.o
                              0x7ff71 (size before relaxing)
 .debug_str     0x0007f73b       0x33 src/ASF/sam0/utils/stdio/write.o
                              0x7ff73 (size before relaxing)
 .debug_str     0x0007f76e     0x4dc4 src/radio_commands.o
                              0x84dfc (size before relaxing)
 .debug_str     0x00084532       0x94 src/ASF/common/utils/interrupt/interrupt_sam_nvic.o
                              0x7ffc4 (size before relaxing)
 .debug_str     0x000845c6      0x315 src/ASF/sam0/boards/samd21_xplained_pro/board_init.o
                              0x83b59 (size before relaxing)
 .debug_str     0x000848db      0x165 src/ASF/sam0/drivers/port/port.o
                              0x8038e (size before relaxing)
 .debug_str     0x00084a40      0x88b src/ASF/sam0/drivers/sercom/sercom.o
                              0x81631 (size before relaxing)
 .debug_str     0x000852cb      0xb5f src/ASF/sam0/drivers/sercom/usart/usart.o
                              0x8214c (size before relaxing)
 .debug_str     0x00085e2a     0x2765 src/ASF/sam0/drivers/system/clock/clock_samd21_r21_da/clock.o
                              0x83085 (size before relaxing)
 .debug_str     0x0008858f      0x2d5 src/ASF/sam0/drivers/system/clock/clock_samd21_r21_da/gclk.o
                              0x80c43 (size before relaxing)
 .debug_str     0x00088864      0x130 src/ASF/sam0/drivers/system/pinmux/pinmux.o
                              0x803bb (size before relaxing)
 .debug_str     0x00088994       0x47 src/ASF/sam0/drivers/system/system.o
                              0x80049 (size before relaxing)
 .debug_str     0x000889db      0xefa src/ASF/sam0/utils/cmsis/samd21/source/gcc/startup_samd21.o
                              0x6e02d (size before relaxing)
 .debug_str     0x000898d5      0x73b src/ASF/sam0/utils/syscalls/gcc/syscalls.o
                               0x4e1c (size before relaxing)
 .debug_str     0x0008a010      0x242 src/qs_usart_basic_use.o
                              0x85983 (size before relaxing)

.debug_frame    0x00000000     0x1064
 .debug_frame   0x00000000       0x34 src/ASF/sam0/utils/stdio/read.o
 .debug_frame   0x00000034       0x34 src/ASF/sam0/utils/stdio/write.o
 .debug_frame   0x00000068      0x1a4 src/radio_commands.o
 .debug_frame   0x0000020c       0x30 src/ASF/common/utils/interrupt/interrupt_sam_nvic.o
 .debug_frame   0x0000023c       0x30 src/ASF/sam0/boards/samd21_xplained_pro/board_init.o
 .debug_frame   0x0000026c       0x44 src/ASF/sam0/drivers/port/port.o
 .debug_frame   0x000002b0       0xa0 src/ASF/sam0/drivers/sercom/sercom.o
 .debug_frame   0x00000350       0xc0 src/ASF/sam0/drivers/sercom/usart/usart.o
 .debug_frame   0x00000410      0x150 src/ASF/sam0/drivers/system/clock/clock_samd21_r21_da/clock.o
 .debug_frame   0x00000560      0x148 src/ASF/sam0/drivers/system/clock/clock_samd21_r21_da/gclk.o
 .debug_frame   0x000006a8       0x7c src/ASF/sam0/drivers/system/pinmux/pinmux.o
 .debug_frame   0x00000724       0x38 src/ASF/sam0/drivers/system/system.o
 .debug_frame   0x0000075c       0x3c src/ASF/sam0/utils/cmsis/samd21/source/gcc/startup_samd21.o
 .debug_frame   0x00000798       0xa8 src/ASF/sam0/utils/syscalls/gcc/syscalls.o
 .debug_frame   0x00000840       0x8c src/qs_usart_basic_use.o
 .debug_frame   0x000008cc       0x20 c:/program files (x86)/atmel/atmel toolchain/arm gcc/native/4.8.1443/arm-gnu-toolchain/bin/../lib/gcc/arm-none-eabi/4.8.4/armv6-m\libgcc.a(_udivsi3.o)
 .debug_frame   0x000008ec       0x30 c:/program files (x86)/atmel/atmel toolchain/arm gcc/native/4.8.1443/arm-gnu-toolchain/bin/../lib/gcc/arm-none-eabi/4.8.4/armv6-m\libgcc.a(_muldi3.o)
 .debug_frame   0x0000091c       0x2c c:/program files (x86)/atmel/atmel toolchain/arm gcc/native/4.8.1443/arm-gnu-toolchain/bin/../lib/gcc/arm-none-eabi/4.8.4/../../../../arm-none-eabi/lib/armv6-m\libc_s.a(lib_a-init.o)
 .debug_frame   0x00000948       0x28 c:/program files (x86)/atmel/atmel toolchain/arm gcc/native/4.8.1443/arm-gnu-toolchain/bin/../lib/gcc/arm-none-eabi/4.8.4/../../../../arm-none-eabi/lib/armv6-m\libc_s.a(lib_a-memcpy-stub.o)
 .debug_frame   0x00000970       0x20 c:/program files (x86)/atmel/atmel toolchain/arm gcc/native/4.8.1443/arm-gnu-toolchain/bin/../lib/gcc/arm-none-eabi/4.8.4/../../../../arm-none-eabi/lib/armv6-m\libc_s.a(lib_a-memset.o)
 .debug_frame   0x00000990       0x50 c:/program files (x86)/atmel/atmel toolchain/arm gcc/native/4.8.1443/arm-gnu-toolchain/bin/../lib/gcc/arm-none-eabi/4.8.4/../../../../arm-none-eabi/lib/armv6-m\libc_s.a(lib_a-printf.o)
 .debug_frame   0x000009e0       0x28 c:/program files (x86)/atmel/atmel toolchain/arm gcc/native/4.8.1443/arm-gnu-toolchain/bin/../lib/gcc/arm-none-eabi/4.8.4/../../../../arm-none-eabi/lib/armv6-m\libc_s.a(lib_a-setbuf.o)
 .debug_frame   0x00000a08       0x34 c:/program files (x86)/atmel/atmel toolchain/arm gcc/native/4.8.1443/arm-gnu-toolchain/bin/../lib/gcc/arm-none-eabi/4.8.4/../../../../arm-none-eabi/lib/armv6-m\libc_s.a(lib_a-setvbuf.o)
 .debug_frame   0x00000a3c       0xa0 c:/program files (x86)/atmel/atmel toolchain/arm gcc/native/4.8.1443/arm-gnu-toolchain/bin/../lib/gcc/arm-none-eabi/4.8.4/../../../../arm-none-eabi/lib/armv6-m\libc_s.a(lib_a-vfprintf.o)
 .debug_frame   0x00000adc       0x54 c:/program files (x86)/atmel/atmel toolchain/arm gcc/native/4.8.1443/arm-gnu-toolchain/bin/../lib/gcc/arm-none-eabi/4.8.4/../../../../arm-none-eabi/lib/armv6-m\libc_s.a(lib_a-vfprintf_i.o)
 .debug_frame   0x00000b30       0x44 c:/program files (x86)/atmel/atmel toolchain/arm gcc/native/4.8.1443/arm-gnu-toolchain/bin/../lib/gcc/arm-none-eabi/4.8.4/../../../../arm-none-eabi/lib/armv6-m\libc_s.a(lib_a-wbuf.o)
 .debug_frame   0x00000b74       0x2c c:/program files (x86)/atmel/atmel toolchain/arm gcc/native/4.8.1443/arm-gnu-toolchain/bin/../lib/gcc/arm-none-eabi/4.8.4/../../../../arm-none-eabi/lib/armv6-m\libc_s.a(lib_a-wsetup.o)
 .debug_frame   0x00000ba0       0x68 c:/program files (x86)/atmel/atmel toolchain/arm gcc/native/4.8.1443/arm-gnu-toolchain/bin/../lib/gcc/arm-none-eabi/4.8.4/../../../../arm-none-eabi/lib/armv6-m\libc_s.a(lib_a-fflush.o)
 .debug_frame   0x00000c08      0x148 c:/program files (x86)/atmel/atmel toolchain/arm gcc/native/4.8.1443/arm-gnu-toolchain/bin/../lib/gcc/arm-none-eabi/4.8.4/../../../../arm-none-eabi/lib/armv6-m\libc_s.a(lib_a-findfp.o)
 .debug_frame   0x00000d50       0x30 c:/program files (x86)/atmel/atmel toolchain/arm gcc/native/4.8.1443/arm-gnu-toolchain/bin/../lib/gcc/arm-none-eabi/4.8.4/../../../../arm-none-eabi/lib/armv6-m\libc_s.a(lib_a-makebuf.o)
 .debug_frame   0x00000d80       0x40 c:/program files (x86)/atmel/atmel toolchain/arm gcc/native/4.8.1443/arm-gnu-toolchain/bin/../lib/gcc/arm-none-eabi/4.8.4/../../../../arm-none-eabi/lib/armv6-m\libc_s.a(lib_a-malloc.o)
 .debug_frame   0x00000dc0       0x20 c:/program files (x86)/atmel/atmel toolchain/arm gcc/native/4.8.1443/arm-gnu-toolchain/bin/../lib/gcc/arm-none-eabi/4.8.4/../../../../arm-none-eabi/lib/armv6-m\libc_s.a(lib_a-memchr-stub.o)
 .debug_frame   0x00000de0       0x2c c:/program files (x86)/atmel/atmel toolchain/arm gcc/native/4.8.1443/arm-gnu-toolchain/bin/../lib/gcc/arm-none-eabi/4.8.4/../../../../arm-none-eabi/lib/armv6-m\libc_s.a(lib_a-nano-freer.o)
 .debug_frame   0x00000e0c       0x2c c:/program files (x86)/atmel/atmel toolchain/arm gcc/native/4.8.1443/arm-gnu-toolchain/bin/../lib/gcc/arm-none-eabi/4.8.4/../../../../arm-none-eabi/lib/armv6-m\libc_s.a(lib_a-nano-mallocr.o)
 .debug_frame   0x00000e38       0x2c c:/program files (x86)/atmel/atmel toolchain/arm gcc/native/4.8.1443/arm-gnu-toolchain/bin/../lib/gcc/arm-none-eabi/4.8.4/../../../../arm-none-eabi/lib/armv6-m\libc_s.a(lib_a-sbrkr.o)
 .debug_frame   0x00000e64       0x90 c:/program files (x86)/atmel/atmel toolchain/arm gcc/native/4.8.1443/arm-gnu-toolchain/bin/../lib/gcc/arm-none-eabi/4.8.4/../../../../arm-none-eabi/lib/armv6-m\libc_s.a(lib_a-stdio.o)
 .debug_frame   0x00000ef4       0x20 c:/program files (x86)/atmel/atmel toolchain/arm gcc/native/4.8.1443/arm-gnu-toolchain/bin/../lib/gcc/arm-none-eabi/4.8.4/../../../../arm-none-eabi/lib/armv6-m\libc_s.a(lib_a-strlen.o)
 .debug_frame   0x00000f14       0x2c c:/program files (x86)/atmel/atmel toolchain/arm gcc/native/4.8.1443/arm-gnu-toolchain/bin/../lib/gcc/arm-none-eabi/4.8.4/../../../../arm-none-eabi/lib/armv6-m\libc_s.a(lib_a-writer.o)
 .debug_frame   0x00000f40       0x2c c:/program files (x86)/atmel/atmel toolchain/arm gcc/native/4.8.1443/arm-gnu-toolchain/bin/../lib/gcc/arm-none-eabi/4.8.4/../../../../arm-none-eabi/lib/armv6-m\libc_s.a(lib_a-closer.o)
 .debug_frame   0x00000f6c       0x2c c:/program files (x86)/atmel/atmel toolchain/arm gcc/native/4.8.1443/arm-gnu-toolchain/bin/../lib/gcc/arm-none-eabi/4.8.4/../../../../arm-none-eabi/lib/armv6-m\libc_s.a(lib_a-fstatr.o)
 .debug_frame   0x00000f98       0x2c c:/program files (x86)/atmel/atmel toolchain/arm gcc/native/4.8.1443/arm-gnu-toolchain/bin/../lib/gcc/arm-none-eabi/4.8.4/../../../../arm-none-eabi/lib/armv6-m\libc_s.a(lib_a-isattyr.o)
 .debug_frame   0x00000fc4       0x2c c:/program files (x86)/atmel/atmel toolchain/arm gcc/native/4.8.1443/arm-gnu-toolchain/bin/../lib/gcc/arm-none-eabi/4.8.4/../../../../arm-none-eabi/lib/armv6-m\libc_s.a(lib_a-lseekr.o)
 .debug_frame   0x00000ff0       0x2c c:/program files (x86)/atmel/atmel toolchain/arm gcc/native/4.8.1443/arm-gnu-toolchain/bin/../lib/gcc/arm-none-eabi/4.8.4/../../../../arm-none-eabi/lib/armv6-m\libc_s.a(lib_a-readr.o)
 .debug_frame   0x0000101c       0x48 c:/program files (x86)/atmel/atmel toolchain/arm gcc/native/4.8.1443/arm-gnu-toolchain/bin/../lib/gcc/arm-none-eabi/4.8.4/../../../../arm-none-eabi/lib/armv6-m\libc_s.a(lib_a-reent.o)

Cross Reference Table

Symbol                                            File
AC_Handler                                        src/ASF/sam0/utils/cmsis/samd21/source/gcc/startup_samd21.o
ADC_Handler                                       src/ASF/sam0/utils/cmsis/samd21/source/gcc/startup_samd21.o
DAC_Handler                                       src/ASF/sam0/utils/cmsis/samd21/source/gcc/startup_samd21.o
DMAC_Handler                                      src/ASF/sam0/utils/cmsis/samd21/source/gcc/startup_samd21.o
Dummy_Handler                                     src/ASF/sam0/utils/cmsis/samd21/source/gcc/startup_samd21.o
EIC_Handler                                       src/ASF/sam0/utils/cmsis/samd21/source/gcc/startup_samd21.o
EVSYS_Handler                                     src/ASF/sam0/utils/cmsis/samd21/source/gcc/startup_samd21.o
HardFault_Handler                                 src/ASF/sam0/utils/cmsis/samd21/source/gcc/startup_samd21.o
I2S_Handler                                       src/ASF/sam0/utils/cmsis/samd21/source/gcc/startup_samd21.o
NMI_Handler                                       src/ASF/sam0/utils/cmsis/samd21/source/gcc/startup_samd21.o
NVMCTRL_Handler                                   src/ASF/sam0/utils/cmsis/samd21/source/gcc/startup_samd21.o
PM_Handler                                        src/ASF/sam0/utils/cmsis/samd21/source/gcc/startup_samd21.o
PTC_Handler                                       src/ASF/sam0/utils/cmsis/samd21/source/gcc/startup_samd21.o
PendSV_Handler                                    src/ASF/sam0/utils/cmsis/samd21/source/gcc/startup_samd21.o
RTC_Handler                                       src/ASF/sam0/utils/cmsis/samd21/source/gcc/startup_samd21.o
Reset_Handler                                     src/ASF/sam0/utils/cmsis/samd21/source/gcc/startup_samd21.o
SERCOM0_Handler                                   src/ASF/sam0/utils/cmsis/samd21/source/gcc/startup_samd21.o
SERCOM1_Handler                                   src/ASF/sam0/utils/cmsis/samd21/source/gcc/startup_samd21.o
SERCOM2_Handler                                   src/ASF/sam0/utils/cmsis/samd21/source/gcc/startup_samd21.o
SERCOM3_Handler                                   src/ASF/sam0/utils/cmsis/samd21/source/gcc/startup_samd21.o
SERCOM4_Handler                                   src/ASF/sam0/utils/cmsis/samd21/source/gcc/startup_samd21.o
SERCOM5_Handler                                   src/ASF/sam0/utils/cmsis/samd21/source/gcc/startup_samd21.o
SVC_Handler                                       src/ASF/sam0/utils/cmsis/samd21/source/gcc/startup_samd21.o
SYSCTRL_Handler                                   src/ASF/sam0/utils/cmsis/samd21/source/gcc/startup_samd21.o
SysTick_Handler                                   src/ASF/sam0/utils/cmsis/samd21/source/gcc/startup_samd21.o
SystemCoreClock                                   src/ASF/sam0/utils/cmsis/samd21/source/system_samd21.o
SystemCoreClockUpdate                             src/ASF/sam0/utils/cmsis/samd21/source/system_samd21.o
SystemInit                                        src/ASF/sam0/utils/cmsis/samd21/source/system_samd21.o
TC3_Handler                                       src/ASF/sam0/utils/cmsis/samd21/source/gcc/startup_samd21.o
TC4_Handler                                       src/ASF/sam0/utils/cmsis/samd21/source/gcc/startup_samd21.o
TC5_Handler                                       src/ASF/sam0/utils/cmsis/samd21/source/gcc/startup_samd21.o
TC6_Handler                                       src/ASF/sam0/utils/cmsis/samd21/source/gcc/startup_samd21.o
TC7_Handler                                       src/ASF/sam0/utils/cmsis/samd21/source/gcc/startup_samd21.o
TCC0_Handler                                      src/ASF/sam0/utils/cmsis/samd21/source/gcc/startup_samd21.o
TCC1_Handler                                      src/ASF/sam0/utils/cmsis/samd21/source/gcc/startup_samd21.o
TCC2_Handler                                      src/ASF/sam0/utils/cmsis/samd21/source/gcc/startup_samd21.o
USB_Handler                                       src/ASF/sam0/utils/cmsis/samd21/source/gcc/startup_samd21.o
WDT_Handler                                       src/ASF/sam0/utils/cmsis/samd21/source/gcc/startup_samd21.o
_Jv_RegisterClasses                               c:/program files (x86)/atmel/atmel toolchain/arm gcc/native/4.8.1443/arm-gnu-toolchain/bin/../lib/gcc/arm-none-eabi/4.8.4/armv6-m/crtbegin.o
__aeabi_idiv                                      c:/program files (x86)/atmel/atmel toolchain/arm gcc/native/4.8.1443/arm-gnu-toolchain/bin/../lib/gcc/arm-none-eabi/4.8.4/armv6-m\libgcc.a(_divsi3.o)
                                                  c:/program files (x86)/atmel/atmel toolchain/arm gcc/native/4.8.1443/arm-gnu-toolchain/bin/../lib/gcc/arm-none-eabi/4.8.4/../../../../arm-none-eabi/lib/armv6-m\libc_s.a(lib_a-fvwrite.o)
__aeabi_idiv0                                     c:/program files (x86)/atmel/atmel toolchain/arm gcc/native/4.8.1443/arm-gnu-toolchain/bin/../lib/gcc/arm-none-eabi/4.8.4/armv6-m\libgcc.a(_dvmd_tls.o)
                                                  c:/program files (x86)/atmel/atmel toolchain/arm gcc/native/4.8.1443/arm-gnu-toolchain/bin/../lib/gcc/arm-none-eabi/4.8.4/armv6-m\libgcc.a(_divsi3.o)
                                                  c:/program files (x86)/atmel/atmel toolchain/arm gcc/native/4.8.1443/arm-gnu-toolchain/bin/../lib/gcc/arm-none-eabi/4.8.4/armv6-m\libgcc.a(_udivsi3.o)
__aeabi_idivmod                                   c:/program files (x86)/atmel/atmel toolchain/arm gcc/native/4.8.1443/arm-gnu-toolchain/bin/../lib/gcc/arm-none-eabi/4.8.4/armv6-m\libgcc.a(_divsi3.o)
__aeabi_ldiv0                                     c:/program files (x86)/atmel/atmel toolchain/arm gcc/native/4.8.1443/arm-gnu-toolchain/bin/../lib/gcc/arm-none-eabi/4.8.4/armv6-m\libgcc.a(_dvmd_tls.o)
__aeabi_lmul                                      c:/program files (x86)/atmel/atmel toolchain/arm gcc/native/4.8.1443/arm-gnu-toolchain/bin/../lib/gcc/arm-none-eabi/4.8.4/armv6-m\libgcc.a(_muldi3.o)
                                                  src/ASF/sam0/drivers/sercom/sercom.o
__aeabi_uidiv                                     c:/program files (x86)/atmel/atmel toolchain/arm gcc/native/4.8.1443/arm-gnu-toolchain/bin/../lib/gcc/arm-none-eabi/4.8.4/armv6-m\libgcc.a(_udivsi3.o)
                                                  c:/program files (x86)/atmel/atmel toolchain/arm gcc/native/4.8.1443/arm-gnu-toolchain/bin/../lib/gcc/arm-none-eabi/4.8.4/../../../../arm-none-eabi/lib/armv6-m\libc_s.a(lib_a-vfprintf_i.o)
                                                  src/ASF/sam0/drivers/system/clock/clock_samd21_r21_da/gclk.o
                                                  src/ASF/sam0/drivers/system/clock/clock_samd21_r21_da/clock.o
__aeabi_uidivmod                                  c:/program files (x86)/atmel/atmel toolchain/arm gcc/native/4.8.1443/arm-gnu-toolchain/bin/../lib/gcc/arm-none-eabi/4.8.4/armv6-m\libgcc.a(_udivsi3.o)
                                                  c:/program files (x86)/atmel/atmel toolchain/arm gcc/native/4.8.1443/arm-gnu-toolchain/bin/../lib/gcc/arm-none-eabi/4.8.4/../../../../arm-none-eabi/lib/armv6-m\libc_s.a(lib_a-vfprintf_i.o)
__bss_end__                                       c:/program files (x86)/atmel/atmel toolchain/arm gcc/native/4.8.1443/arm-gnu-toolchain/bin/../lib/gcc/arm-none-eabi/4.8.4/../../../../arm-none-eabi/lib/armv6-m/crt0.o
__bss_start__                                     c:/program files (x86)/atmel/atmel toolchain/arm gcc/native/4.8.1443/arm-gnu-toolchain/bin/../lib/gcc/arm-none-eabi/4.8.4/../../../../arm-none-eabi/lib/armv6-m/crt0.o
__call_exitprocs                                  c:/program files (x86)/atmel/atmel toolchain/arm gcc/native/4.8.1443/arm-gnu-toolchain/bin/../lib/gcc/arm-none-eabi/4.8.4/../../../../arm-none-eabi/lib/armv6-m\libc_s.a(lib_a-exit.o)
__deregister_frame_info                           c:/program files (x86)/atmel/atmel toolchain/arm gcc/native/4.8.1443/arm-gnu-toolchain/bin/../lib/gcc/arm-none-eabi/4.8.4/armv6-m/crtbegin.o
__divsi3                                          c:/program files (x86)/atmel/atmel toolchain/arm gcc/native/4.8.1443/arm-gnu-toolchain/bin/../lib/gcc/arm-none-eabi/4.8.4/armv6-m\libgcc.a(_divsi3.o)
__dso_handle                                      c:/program files (x86)/atmel/atmel toolchain/arm gcc/native/4.8.1443/arm-gnu-toolchain/bin/../lib/gcc/arm-none-eabi/4.8.4/armv6-m/crtbegin.o
__fp_lock_all                                     c:/program files (x86)/atmel/atmel toolchain/arm gcc/native/4.8.1443/arm-gnu-toolchain/bin/../lib/gcc/arm-none-eabi/4.8.4/../../../../arm-none-eabi/lib/armv6-m\libc_s.a(lib_a-findfp.o)
__fp_unlock_all                                   c:/program files (x86)/atmel/atmel toolchain/arm gcc/native/4.8.1443/arm-gnu-toolchain/bin/../lib/gcc/arm-none-eabi/4.8.4/../../../../arm-none-eabi/lib/armv6-m\libc_s.a(lib_a-findfp.o)
__init_array_end                                  c:/program files (x86)/atmel/atmel toolchain/arm gcc/native/4.8.1443/arm-gnu-toolchain/bin/../lib/gcc/arm-none-eabi/4.8.4/../../../../arm-none-eabi/lib/armv6-m\libc_s.a(lib_a-init.o)
__init_array_start                                c:/program files (x86)/atmel/atmel toolchain/arm gcc/native/4.8.1443/arm-gnu-toolchain/bin/../lib/gcc/arm-none-eabi/4.8.4/../../../../arm-none-eabi/lib/armv6-m\libc_s.a(lib_a-init.o)
__libc_fini_array                                 c:/program files (x86)/atmel/atmel toolchain/arm gcc/native/4.8.1443/arm-gnu-toolchain/bin/../lib/gcc/arm-none-eabi/4.8.4/../../../../arm-none-eabi/lib/armv6-m/crt0.o
__libc_init_array                                 c:/program files (x86)/atmel/atmel toolchain/arm gcc/native/4.8.1443/arm-gnu-toolchain/bin/../lib/gcc/arm-none-eabi/4.8.4/../../../../arm-none-eabi/lib/armv6-m\libc_s.a(lib_a-init.o)
                                                  src/ASF/sam0/utils/cmsis/samd21/source/gcc/startup_samd21.o
                                                  c:/program files (x86)/atmel/atmel toolchain/arm gcc/native/4.8.1443/arm-gnu-toolchain/bin/../lib/gcc/arm-none-eabi/4.8.4/../../../../arm-none-eabi/lib/armv6-m/crt0.o
__malloc_free_list                                c:/program files (x86)/atmel/atmel toolchain/arm gcc/native/4.8.1443/arm-gnu-toolchain/bin/../lib/gcc/arm-none-eabi/4.8.4/../../../../arm-none-eabi/lib/armv6-m\libc_s.a(lib_a-nano-mallocr.o)
                                                  c:/program files (x86)/atmel/atmel toolchain/arm gcc/native/4.8.1443/arm-gnu-toolchain/bin/../lib/gcc/arm-none-eabi/4.8.4/../../../../arm-none-eabi/lib/armv6-m\libc_s.a(lib_a-nano-freer.o)
__malloc_sbrk_start                               c:/program files (x86)/atmel/atmel toolchain/arm gcc/native/4.8.1443/arm-gnu-toolchain/bin/../lib/gcc/arm-none-eabi/4.8.4/../../../../arm-none-eabi/lib/armv6-m\libc_s.a(lib_a-nano-mallocr.o)
__muldi3                                          c:/program files (x86)/atmel/atmel toolchain/arm gcc/native/4.8.1443/arm-gnu-toolchain/bin/../lib/gcc/arm-none-eabi/4.8.4/armv6-m\libgcc.a(_muldi3.o)
__preinit_array_end                               c:/program files (x86)/atmel/atmel toolchain/arm gcc/native/4.8.1443/arm-gnu-toolchain/bin/../lib/gcc/arm-none-eabi/4.8.4/../../../../arm-none-eabi/lib/armv6-m\libc_s.a(lib_a-init.o)
__preinit_array_start                             c:/program files (x86)/atmel/atmel toolchain/arm gcc/native/4.8.1443/arm-gnu-toolchain/bin/../lib/gcc/arm-none-eabi/4.8.4/../../../../arm-none-eabi/lib/armv6-m\libc_s.a(lib_a-init.o)
__register_frame_info                             c:/program files (x86)/atmel/atmel toolchain/arm gcc/native/4.8.1443/arm-gnu-toolchain/bin/../lib/gcc/arm-none-eabi/4.8.4/armv6-m/crtbegin.o
__sclose                                          c:/program files (x86)/atmel/atmel toolchain/arm gcc/native/4.8.1443/arm-gnu-toolchain/bin/../lib/gcc/arm-none-eabi/4.8.4/../../../../arm-none-eabi/lib/armv6-m\libc_s.a(lib_a-stdio.o)
                                                  c:/program files (x86)/atmel/atmel toolchain/arm gcc/native/4.8.1443/arm-gnu-toolchain/bin/../lib/gcc/arm-none-eabi/4.8.4/../../../../arm-none-eabi/lib/armv6-m\libc_s.a(lib_a-findfp.o)
__seofread                                        c:/program files (x86)/atmel/atmel toolchain/arm gcc/native/4.8.1443/arm-gnu-toolchain/bin/../lib/gcc/arm-none-eabi/4.8.4/../../../../arm-none-eabi/lib/armv6-m\libc_s.a(lib_a-stdio.o)
__sf_fake_stderr                                  c:/program files (x86)/atmel/atmel toolchain/arm gcc/native/4.8.1443/arm-gnu-toolchain/bin/../lib/gcc/arm-none-eabi/4.8.4/../../../../arm-none-eabi/lib/armv6-m\libc_s.a(lib_a-findfp.o)
                                                  c:/program files (x86)/atmel/atmel toolchain/arm gcc/native/4.8.1443/arm-gnu-toolchain/bin/../lib/gcc/arm-none-eabi/4.8.4/../../../../arm-none-eabi/lib/armv6-m\libc_s.a(lib_a-fflush.o)
                                                  c:/program files (x86)/atmel/atmel toolchain/arm gcc/native/4.8.1443/arm-gnu-toolchain/bin/../lib/gcc/arm-none-eabi/4.8.4/../../../../arm-none-eabi/lib/armv6-m\libc_s.a(lib_a-wsetup.o)
                                                  c:/program files (x86)/atmel/atmel toolchain/arm gcc/native/4.8.1443/arm-gnu-toolchain/bin/../lib/gcc/arm-none-eabi/4.8.4/../../../../arm-none-eabi/lib/armv6-m\libc_s.a(lib_a-wbuf.o)
                                                  c:/program files (x86)/atmel/atmel toolchain/arm gcc/native/4.8.1443/arm-gnu-toolchain/bin/../lib/gcc/arm-none-eabi/4.8.4/../../../../arm-none-eabi/lib/armv6-m\libc_s.a(lib_a-vfprintf.o)
                                                  c:/program files (x86)/atmel/atmel toolchain/arm gcc/native/4.8.1443/arm-gnu-toolchain/bin/../lib/gcc/arm-none-eabi/4.8.4/../../../../arm-none-eabi/lib/armv6-m\libc_s.a(lib_a-setvbuf.o)
                                                  c:/program files (x86)/atmel/atmel toolchain/arm gcc/native/4.8.1443/arm-gnu-toolchain/bin/../lib/gcc/arm-none-eabi/4.8.4/../../../../arm-none-eabi/lib/armv6-m\libc_s.a(lib_a-impure.o)
__sf_fake_stdin                                   c:/program files (x86)/atmel/atmel toolchain/arm gcc/native/4.8.1443/arm-gnu-toolchain/bin/../lib/gcc/arm-none-eabi/4.8.4/../../../../arm-none-eabi/lib/armv6-m\libc_s.a(lib_a-findfp.o)
                                                  c:/program files (x86)/atmel/atmel toolchain/arm gcc/native/4.8.1443/arm-gnu-toolchain/bin/../lib/gcc/arm-none-eabi/4.8.4/../../../../arm-none-eabi/lib/armv6-m\libc_s.a(lib_a-fflush.o)
                                                  c:/program files (x86)/atmel/atmel toolchain/arm gcc/native/4.8.1443/arm-gnu-toolchain/bin/../lib/gcc/arm-none-eabi/4.8.4/../../../../arm-none-eabi/lib/armv6-m\libc_s.a(lib_a-wsetup.o)
                                                  c:/program files (x86)/atmel/atmel toolchain/arm gcc/native/4.8.1443/arm-gnu-toolchain/bin/../lib/gcc/arm-none-eabi/4.8.4/../../../../arm-none-eabi/lib/armv6-m\libc_s.a(lib_a-wbuf.o)
                                                  c:/program files (x86)/atmel/atmel toolchain/arm gcc/native/4.8.1443/arm-gnu-toolchain/bin/../lib/gcc/arm-none-eabi/4.8.4/../../../../arm-none-eabi/lib/armv6-m\libc_s.a(lib_a-vfprintf.o)
                                                  c:/program files (x86)/atmel/atmel toolchain/arm gcc/native/4.8.1443/arm-gnu-toolchain/bin/../lib/gcc/arm-none-eabi/4.8.4/../../../../arm-none-eabi/lib/armv6-m\libc_s.a(lib_a-setvbuf.o)
                                                  c:/program files (x86)/atmel/atmel toolchain/arm gcc/native/4.8.1443/arm-gnu-toolchain/bin/../lib/gcc/arm-none-eabi/4.8.4/../../../../arm-none-eabi/lib/armv6-m\libc_s.a(lib_a-impure.o)
__sf_fake_stdout                                  c:/program files (x86)/atmel/atmel toolchain/arm gcc/native/4.8.1443/arm-gnu-toolchain/bin/../lib/gcc/arm-none-eabi/4.8.4/../../../../arm-none-eabi/lib/armv6-m\libc_s.a(lib_a-findfp.o)
                                                  c:/program files (x86)/atmel/atmel toolchain/arm gcc/native/4.8.1443/arm-gnu-toolchain/bin/../lib/gcc/arm-none-eabi/4.8.4/../../../../arm-none-eabi/lib/armv6-m\libc_s.a(lib_a-fflush.o)
                                                  c:/program files (x86)/atmel/atmel toolchain/arm gcc/native/4.8.1443/arm-gnu-toolchain/bin/../lib/gcc/arm-none-eabi/4.8.4/../../../../arm-none-eabi/lib/armv6-m\libc_s.a(lib_a-wsetup.o)
                                                  c:/program files (x86)/atmel/atmel toolchain/arm gcc/native/4.8.1443/arm-gnu-toolchain/bin/../lib/gcc/arm-none-eabi/4.8.4/../../../../arm-none-eabi/lib/armv6-m\libc_s.a(lib_a-wbuf.o)
                                                  c:/program files (x86)/atmel/atmel toolchain/arm gcc/native/4.8.1443/arm-gnu-toolchain/bin/../lib/gcc/arm-none-eabi/4.8.4/../../../../arm-none-eabi/lib/armv6-m\libc_s.a(lib_a-vfprintf.o)
                                                  c:/program files (x86)/atmel/atmel toolchain/arm gcc/native/4.8.1443/arm-gnu-toolchain/bin/../lib/gcc/arm-none-eabi/4.8.4/../../../../arm-none-eabi/lib/armv6-m\libc_s.a(lib_a-setvbuf.o)
                                                  c:/program files (x86)/atmel/atmel toolchain/arm gcc/native/4.8.1443/arm-gnu-toolchain/bin/../lib/gcc/arm-none-eabi/4.8.4/../../../../arm-none-eabi/lib/armv6-m\libc_s.a(lib_a-impure.o)
__sflush_r                                        c:/program files (x86)/atmel/atmel toolchain/arm gcc/native/4.8.1443/arm-gnu-toolchain/bin/../lib/gcc/arm-none-eabi/4.8.4/../../../../arm-none-eabi/lib/armv6-m\libc_s.a(lib_a-fflush.o)
__sfmoreglue                                      c:/program files (x86)/atmel/atmel toolchain/arm gcc/native/4.8.1443/arm-gnu-toolchain/bin/../lib/gcc/arm-none-eabi/4.8.4/../../../../arm-none-eabi/lib/armv6-m\libc_s.a(lib_a-findfp.o)
__sfp                                             c:/program files (x86)/atmel/atmel toolchain/arm gcc/native/4.8.1443/arm-gnu-toolchain/bin/../lib/gcc/arm-none-eabi/4.8.4/../../../../arm-none-eabi/lib/armv6-m\libc_s.a(lib_a-findfp.o)
__sfp_lock_acquire                                c:/program files (x86)/atmel/atmel toolchain/arm gcc/native/4.8.1443/arm-gnu-toolchain/bin/../lib/gcc/arm-none-eabi/4.8.4/../../../../arm-none-eabi/lib/armv6-m\libc_s.a(lib_a-findfp.o)
__sfp_lock_release                                c:/program files (x86)/atmel/atmel toolchain/arm gcc/native/4.8.1443/arm-gnu-toolchain/bin/../lib/gcc/arm-none-eabi/4.8.4/../../../../arm-none-eabi/lib/armv6-m\libc_s.a(lib_a-findfp.o)
__sfputs_r                                        c:/program files (x86)/atmel/atmel toolchain/arm gcc/native/4.8.1443/arm-gnu-toolchain/bin/../lib/gcc/arm-none-eabi/4.8.4/../../../../arm-none-eabi/lib/armv6-m\libc_s.a(lib_a-vfprintf.o)
__sfvwrite_r                                      c:/program files (x86)/atmel/atmel toolchain/arm gcc/native/4.8.1443/arm-gnu-toolchain/bin/../lib/gcc/arm-none-eabi/4.8.4/../../../../arm-none-eabi/lib/armv6-m\libc_s.a(lib_a-fvwrite.o)
                                                  c:/program files (x86)/atmel/atmel toolchain/arm gcc/native/4.8.1443/arm-gnu-toolchain/bin/../lib/gcc/arm-none-eabi/4.8.4/../../../../arm-none-eabi/lib/armv6-m\libc_s.a(lib_a-vfprintf.o)
__sinit                                           c:/program files (x86)/atmel/atmel toolchain/arm gcc/native/4.8.1443/arm-gnu-toolchain/bin/../lib/gcc/arm-none-eabi/4.8.4/../../../../arm-none-eabi/lib/armv6-m\libc_s.a(lib_a-findfp.o)
                                                  c:/program files (x86)/atmel/atmel toolchain/arm gcc/native/4.8.1443/arm-gnu-toolchain/bin/../lib/gcc/arm-none-eabi/4.8.4/../../../../arm-none-eabi/lib/armv6-m\libc_s.a(lib_a-fflush.o)
                                                  c:/program files (x86)/atmel/atmel toolchain/arm gcc/native/4.8.1443/arm-gnu-toolchain/bin/../lib/gcc/arm-none-eabi/4.8.4/../../../../arm-none-eabi/lib/armv6-m\libc_s.a(lib_a-wsetup.o)
                                                  c:/program files (x86)/atmel/atmel toolchain/arm gcc/native/4.8.1443/arm-gnu-toolchain/bin/../lib/gcc/arm-none-eabi/4.8.4/../../../../arm-none-eabi/lib/armv6-m\libc_s.a(lib_a-wbuf.o)
                                                  c:/program files (x86)/atmel/atmel toolchain/arm gcc/native/4.8.1443/arm-gnu-toolchain/bin/../lib/gcc/arm-none-eabi/4.8.4/../../../../arm-none-eabi/lib/armv6-m\libc_s.a(lib_a-vfprintf.o)
                                                  c:/program files (x86)/atmel/atmel toolchain/arm gcc/native/4.8.1443/arm-gnu-toolchain/bin/../lib/gcc/arm-none-eabi/4.8.4/../../../../arm-none-eabi/lib/armv6-m\libc_s.a(lib_a-setvbuf.o)
                                                  c:/program files (x86)/atmel/atmel toolchain/arm gcc/native/4.8.1443/arm-gnu-toolchain/bin/../lib/gcc/arm-none-eabi/4.8.4/../../../../arm-none-eabi/lib/armv6-m\libc_s.a(lib_a-printf.o)
__sinit_lock_acquire                              c:/program files (x86)/atmel/atmel toolchain/arm gcc/native/4.8.1443/arm-gnu-toolchain/bin/../lib/gcc/arm-none-eabi/4.8.4/../../../../arm-none-eabi/lib/armv6-m\libc_s.a(lib_a-findfp.o)